 
****************************************
Report : timing
        -path full
        -delay min
        -max_paths 10
Design : zigbee_phy_tx
Version: O-2018.06-SP1
Date   : Thu Sep 17 02:34:47 2026
****************************************

 # A fanout number of 1000 was used for high fanout net computations.

Operating Conditions: WORST   Library: saed90nm_max
Wire Load Model Mode: enclosed

  Startpoint: u_ctrl_fsm/req_cnt_reg_reg[0]
              (rising edge-triggered flip-flop clocked by clk)
  Endpoint: u_ctrl_fsm/req_cnt_reg_reg[0]
            (rising edge-triggered flip-flop clocked by clk)
  Path Group: clk
  Path Type: min

  Des/Clust/Port     Wire Load Model       Library
  ------------------------------------------------
  zigbee_phy_tx      ForQA                 saed90nm_max
  master_ctrl_fsm    8000                  saed90nm_max

  Point                                                   Incr       Path
  --------------------------------------------------------------------------
  clock clk (rise edge)                                   0.00       0.00
  clock network delay (ideal)                             0.00       0.00
  u_ctrl_fsm/req_cnt_reg_reg[0]/CLK (DFFX1)               0.00 #     0.00 r
  u_ctrl_fsm/req_cnt_reg_reg[0]/QN (DFFX1)                0.41       0.41 f
  u_ctrl_fsm/U73/Q (AO22X1)                               0.31       0.72 f
  u_ctrl_fsm/req_cnt_reg_reg[0]/D (DFFX1)                 0.04       0.75 f
  data arrival time                                                  0.75

  clock clk (rise edge)                                   0.00       0.00
  clock network delay (ideal)                             0.00       0.00
  clock uncertainty                                       0.70       0.70
  u_ctrl_fsm/req_cnt_reg_reg[0]/CLK (DFFX1)               0.00       0.70 r
  library hold time                                      -0.04       0.66
  data required time                                                 0.66
  --------------------------------------------------------------------------
  data required time                                                 0.66
  data arrival time                                                 -0.75
  --------------------------------------------------------------------------
  slack (MET)                                                        0.09


  Startpoint: u_mod_top/u_chirp/gap_cnt_reg[0]
              (rising edge-triggered flip-flop clocked by clk)
  Endpoint: u_mod_top/u_chirp/gap_cnt_reg[0]
            (rising edge-triggered flip-flop clocked by clk)
  Path Group: clk
  Path Type: min

  Des/Clust/Port     Wire Load Model       Library
  ------------------------------------------------
  zigbee_phy_tx      ForQA                 saed90nm_max
  chirp_modulation   8000                  saed90nm_max

  Point                                                   Incr       Path
  --------------------------------------------------------------------------
  clock clk (rise edge)                                   0.00       0.00
  clock network delay (ideal)                             0.00       0.00
  u_mod_top/u_chirp/gap_cnt_reg[0]/CLK (DFFX1)            0.00 #     0.00 r
  u_mod_top/u_chirp/gap_cnt_reg[0]/QN (DFFX1)             0.41       0.41 f
  u_mod_top/u_chirp/U552/Q (AO221X1)                      0.40       0.81 f
  u_mod_top/u_chirp/gap_cnt_reg[0]/D (DFFX1)              0.04       0.84 f
  data arrival time                                                  0.84

  clock clk (rise edge)                                   0.00       0.00
  clock network delay (ideal)                             0.00       0.00
  clock uncertainty                                       0.70       0.70
  u_mod_top/u_chirp/gap_cnt_reg[0]/CLK (DFFX1)            0.00       0.70 r
  library hold time                                      -0.04       0.66
  data required time                                                 0.66
  --------------------------------------------------------------------------
  data required time                                                 0.66
  data arrival time                                                 -0.84
  --------------------------------------------------------------------------
  slack (MET)                                                        0.19


  Startpoint: u_mod_top/u_chirp/last_group_lat_reg
              (rising edge-triggered flip-flop clocked by clk)
  Endpoint: u_mod_top/u_chirp/done_mod_reg
            (rising edge-triggered flip-flop clocked by clk)
  Path Group: clk
  Path Type: min

  Des/Clust/Port     Wire Load Model       Library
  ------------------------------------------------
  zigbee_phy_tx      ForQA                 saed90nm_max
  chirp_modulation   8000                  saed90nm_max

  Point                                                   Incr       Path
  --------------------------------------------------------------------------
  clock clk (rise edge)                                   0.00       0.00
  clock network delay (ideal)                             0.00       0.00
  u_mod_top/u_chirp/last_group_lat_reg/CLK (DFFX1)        0.00 #     0.00 r
  u_mod_top/u_chirp/last_group_lat_reg/QN (DFFX1)         0.47       0.47 r
  u_mod_top/u_chirp/U464/QN (NOR3X0)                      0.35       0.82 f
  u_mod_top/u_chirp/done_mod_reg/D (DFFX1)                0.04       0.85 f
  data arrival time                                                  0.85

  clock clk (rise edge)                                   0.00       0.00
  clock network delay (ideal)                             0.00       0.00
  clock uncertainty                                       0.70       0.70
  u_mod_top/u_chirp/done_mod_reg/CLK (DFFX1)              0.00       0.70 r
  library hold time                                      -0.05       0.65
  data required time                                                 0.65
  --------------------------------------------------------------------------
  data required time                                                 0.65
  data arrival time                                                 -0.85
  --------------------------------------------------------------------------
  slack (MET)                                                        0.20


  Startpoint: u_ctrl_fsm/load_delay_reg_reg[0]
              (rising edge-triggered flip-flop clocked by clk)
  Endpoint: u_ctrl_fsm/load_delay_reg_reg[1]
            (rising edge-triggered flip-flop clocked by clk)
  Path Group: clk
  Path Type: min

  Des/Clust/Port     Wire Load Model       Library
  ------------------------------------------------
  zigbee_phy_tx      ForQA                 saed90nm_max
  master_ctrl_fsm    8000                  saed90nm_max

  Point                                                   Incr       Path
  --------------------------------------------------------------------------
  clock clk (rise edge)                                   0.00       0.00
  clock network delay (ideal)                             0.00       0.00
  u_ctrl_fsm/load_delay_reg_reg[0]/CLK (DFFX1)            0.00 #     0.00 r
  u_ctrl_fsm/load_delay_reg_reg[0]/Q (DFFX1)              0.62       0.62 f
  u_ctrl_fsm/U75/Q (AND2X1)                               0.21       0.83 f
  u_ctrl_fsm/load_delay_reg_reg[1]/D (DFFX1)              0.04       0.86 f
  data arrival time                                                  0.86

  clock clk (rise edge)                                   0.00       0.00
  clock network delay (ideal)                             0.00       0.00
  clock uncertainty                                       0.70       0.70
  u_ctrl_fsm/load_delay_reg_reg[1]/CLK (DFFX1)            0.00       0.70 r
  library hold time                                      -0.04       0.66
  data required time                                                 0.66
  --------------------------------------------------------------------------
  data required time                                                 0.66
  data arrival time                                                 -0.86
  --------------------------------------------------------------------------
  slack (MET)                                                        0.20


  Startpoint: u_mod_top/u_chirp/group_parity_reg
              (rising edge-triggered flip-flop clocked by clk)
  Endpoint: u_mod_top/u_chirp/gap_cnt_reg[3]
            (rising edge-triggered flip-flop clocked by clk)
  Path Group: clk
  Path Type: min

  Des/Clust/Port     Wire Load Model       Library
  ------------------------------------------------
  zigbee_phy_tx      ForQA                 saed90nm_max
  chirp_modulation   8000                  saed90nm_max

  Point                                                   Incr       Path
  --------------------------------------------------------------------------
  clock clk (rise edge)                                   0.00       0.00
  clock network delay (ideal)                             0.00       0.00
  u_mod_top/u_chirp/group_parity_reg/CLK (DFFX1)          0.00 #     0.00 r
  u_mod_top/u_chirp/group_parity_reg/QN (DFFX1)           0.41       0.41 f
  u_mod_top/u_chirp/U260/Q (AO222X1)                      0.41       0.82 f
  u_mod_top/u_chirp/gap_cnt_reg[3]/D (DFFX1)              0.04       0.86 f
  data arrival time                                                  0.86

  clock clk (rise edge)                                   0.00       0.00
  clock network delay (ideal)                             0.00       0.00
  clock uncertainty                                       0.70       0.70
  u_mod_top/u_chirp/gap_cnt_reg[3]/CLK (DFFX1)            0.00       0.70 r
  library hold time                                      -0.04       0.66
  data required time                                                 0.66
  --------------------------------------------------------------------------
  data required time                                                 0.66
  data arrival time                                                 -0.86
  --------------------------------------------------------------------------
  slack (MET)                                                        0.20


  Startpoint: u_mod_top/u_chirp/sn_req_reg
              (rising edge-triggered flip-flop clocked by clk)
  Endpoint: u_ctrl_fsm/ready_for_IQ_d_reg
            (rising edge-triggered flip-flop clocked by clk)
  Path Group: clk
  Path Type: min

  Des/Clust/Port     Wire Load Model       Library
  ------------------------------------------------
  zigbee_phy_tx      ForQA                 saed90nm_max

  Point                                                   Incr       Path
  --------------------------------------------------------------------------
  clock clk (rise edge)                                   0.00       0.00
  clock network delay (ideal)                             0.00       0.00
  u_mod_top/u_chirp/sn_req_reg/CLK (DFFX1)                0.00 #     0.00 r
  u_mod_top/u_chirp/sn_req_reg/Q (DFFX1)                  0.63       0.63 f
  u_mod_top/u_chirp/sn_req (chirp_modulation)             0.00       0.63 f
  u_mod_top/ready_for_IQ (qpsk_dqpsk_chirp_top)           0.00       0.63 f
  u_ctrl_fsm/i_ready_for_IQ (master_ctrl_fsm)             0.00       0.63 f
  u_ctrl_fsm/ready_for_IQ_d_reg/D (DFFSSRX1)              0.13       0.76 f
  data arrival time                                                  0.76

  clock clk (rise edge)                                   0.00       0.00
  clock network delay (ideal)                             0.00       0.00
  clock uncertainty                                       0.70       0.70
  u_ctrl_fsm/ready_for_IQ_d_reg/CLK (DFFSSRX1)            0.00       0.70 r
  library hold time                                      -0.16       0.54
  data required time                                                 0.54
  --------------------------------------------------------------------------
  data required time                                                 0.54
  data arrival time                                                 -0.76
  --------------------------------------------------------------------------
  slack (MET)                                                        0.22


  Startpoint: u_ctrl_fsm/preample_sfd_rom_rd_addr_reg_reg[2]
              (rising edge-triggered flip-flop clocked by clk)
  Endpoint: u_ctrl_fsm/preample_sfd_rom_rd_addr_reg_reg[2]
            (rising edge-triggered flip-flop clocked by clk)
  Path Group: clk
  Path Type: min

  Des/Clust/Port     Wire Load Model       Library
  ------------------------------------------------
  zigbee_phy_tx      ForQA                 saed90nm_max
  master_ctrl_fsm    8000                  saed90nm_max

  Point                                                   Incr       Path
  --------------------------------------------------------------------------
  clock clk (rise edge)                                   0.00       0.00
  clock network delay (ideal)                             0.00       0.00
  u_ctrl_fsm/preample_sfd_rom_rd_addr_reg_reg[2]/CLK (DFFX1)
                                                          0.00 #     0.00 r
  u_ctrl_fsm/preample_sfd_rom_rd_addr_reg_reg[2]/QN (DFFX1)
                                                          0.43       0.43 f
  u_ctrl_fsm/U41/Q (AO22X1)                               0.47       0.89 f
  u_ctrl_fsm/preample_sfd_rom_rd_addr_reg_reg[2]/D (DFFX1)
                                                          0.04       0.93 f
  data arrival time                                                  0.93

  clock clk (rise edge)                                   0.00       0.00
  clock network delay (ideal)                             0.00       0.00
  clock uncertainty                                       0.70       0.70
  u_ctrl_fsm/preample_sfd_rom_rd_addr_reg_reg[2]/CLK (DFFX1)
                                                          0.00       0.70 r
  library hold time                                      -0.04       0.66
  data required time                                                 0.66
  --------------------------------------------------------------------------
  data required time                                                 0.66
  data arrival time                                                 -0.93
  --------------------------------------------------------------------------
  slack (MET)                                                        0.27


  Startpoint: u_sm_I/data_out_reg[2]
              (rising edge-triggered flip-flop clocked by clk)
  Endpoint: u_sm_I/data_out_reg[2]
            (rising edge-triggered flip-flop clocked by clk)
  Path Group: clk
  Path Type: min

  Des/Clust/Port     Wire Load Model       Library
  ------------------------------------------------
  zigbee_phy_tx      ForQA                 saed90nm_max
  symbol_mapper_0    8000                  saed90nm_max

  Point                                    Incr       Path
  -----------------------------------------------------------
  clock clk (rise edge)                    0.00       0.00
  clock network delay (ideal)              0.00       0.00
  u_sm_I/data_out_reg[2]/CLK (DFFX1)       0.00 #     0.00 r
  u_sm_I/data_out_reg[2]/Q (DFFX1)         0.62       0.62 f
  u_sm_I/U20/Q (AO22X1)                    0.27       0.89 f
  u_sm_I/data_out_reg[2]/D (DFFX1)         0.04       0.93 f
  data arrival time                                   0.93

  clock clk (rise edge)                    0.00       0.00
  clock network delay (ideal)              0.00       0.00
  clock uncertainty                        0.70       0.70
  u_sm_I/data_out_reg[2]/CLK (DFFX1)       0.00       0.70 r
  library hold time                       -0.04       0.66
  data required time                                  0.66
  -----------------------------------------------------------
  data required time                                  0.66
  data arrival time                                  -0.93
  -----------------------------------------------------------
  slack (MET)                                         0.27


  Startpoint: u_sm_I/data_out_reg[3]
              (rising edge-triggered flip-flop clocked by clk)
  Endpoint: u_sm_I/data_out_reg[3]
            (rising edge-triggered flip-flop clocked by clk)
  Path Group: clk
  Path Type: min

  Des/Clust/Port     Wire Load Model       Library
  ------------------------------------------------
  zigbee_phy_tx      ForQA                 saed90nm_max
  symbol_mapper_0    8000                  saed90nm_max

  Point                                    Incr       Path
  -----------------------------------------------------------
  clock clk (rise edge)                    0.00       0.00
  clock network delay (ideal)              0.00       0.00
  u_sm_I/data_out_reg[3]/CLK (DFFX1)       0.00 #     0.00 r
  u_sm_I/data_out_reg[3]/Q (DFFX1)         0.62       0.62 f
  u_sm_I/U19/Q (AO22X1)                    0.27       0.89 f
  u_sm_I/data_out_reg[3]/D (DFFX1)         0.04       0.93 f
  data arrival time                                   0.93

  clock clk (rise edge)                    0.00       0.00
  clock network delay (ideal)              0.00       0.00
  clock uncertainty                        0.70       0.70
  u_sm_I/data_out_reg[3]/CLK (DFFX1)       0.00       0.70 r
  library hold time                       -0.04       0.66
  data required time                                  0.66
  -----------------------------------------------------------
  data required time                                  0.66
  data arrival time                                  -0.93
  -----------------------------------------------------------
  slack (MET)                                         0.27


  Startpoint: u_sm_Q/data_out_reg[2]
              (rising edge-triggered flip-flop clocked by clk)
  Endpoint: u_sm_Q/data_out_reg[2]
            (rising edge-triggered flip-flop clocked by clk)
  Path Group: clk
  Path Type: min

  Des/Clust/Port     Wire Load Model       Library
  ------------------------------------------------
  zigbee_phy_tx      ForQA                 saed90nm_max
  symbol_mapper_1    8000                  saed90nm_max

  Point                                    Incr       Path
  -----------------------------------------------------------
  clock clk (rise edge)                    0.00       0.00
  clock network delay (ideal)              0.00       0.00
  u_sm_Q/data_out_reg[2]/CLK (DFFX1)       0.00 #     0.00 r
  u_sm_Q/data_out_reg[2]/Q (DFFX1)         0.62       0.62 f
  u_sm_Q/U20/Q (AO22X1)                    0.27       0.89 f
  u_sm_Q/data_out_reg[2]/D (DFFX1)         0.04       0.93 f
  data arrival time                                   0.93

  clock clk (rise edge)                    0.00       0.00
  clock network delay (ideal)              0.00       0.00
  clock uncertainty                        0.70       0.70
  u_sm_Q/data_out_reg[2]/CLK (DFFX1)       0.00       0.70 r
  library hold time                       -0.04       0.66
  data required time                                  0.66
  -----------------------------------------------------------
  data required time                                  0.66
  data arrival time                                  -0.93
  -----------------------------------------------------------
  slack (MET)                                         0.27


1
