 
****************************************
Report : DFT signals
Design : i2c_master_top
Version: O-2018.06-SP1
Date   : Fri Aug 21 21:25:52 2026
****************************************

========================================
TEST MODE: all_dft
VIEW     : Specification
========================================
Port               SignalType          Active    Hookup    Timing    Usage
----------         ----------          ------    ------    ------    -----
Scan_Data_In       ScanDataIn          -         -         Delay 0.0 -
Scan_Data_Out      ScanDataOut         -         -         -         -
Scan_En            ScanEnable          1         -         -         Scan

========================================
TEST MODE: Internal_scan
VIEW     : Specification
========================================
Port               SignalType          Active    Hookup    Timing    Usage
----------         ----------          ------    ------    ------    -----
Scan_Data_In       ScanDataIn          -         -         Delay 0.0 -
Scan_Data_Out      ScanDataOut         -         -         -         -
Scan_En            ScanEnable          1         -         -         Scan

========================================
TEST MODE: Mission_mode
VIEW     : Specification
========================================
Port               SignalType          Active    Hookup    Timing    Usage
----------         ----------          ------    ------    ------    -----
Scan_Data_In       ScanDataIn          -         -         Delay 0.0 -
Scan_Data_Out      ScanDataOut         -         -         -         -
Scan_En            ScanEnable          1         -         -         Scan

 
****************************************
Report : DFT signals
Design : i2c_master_top
Version: O-2018.06-SP1
Date   : Fri Aug 21 21:25:52 2026
****************************************

========================================
TEST MODE: all_dft
VIEW     : Existing DFT
========================================
Port               SignalType          Active    Hookup    Timing    Usage
----------         ----------          ------    ------    ------    -----
test_mode          TestMode            1         -
dft_clk_i          ScanMasterClock     1         -         P 100.0 R 45.0 F 55.0
dft_clk_i          MasterClock         1         -         P 100.0 R 45.0 F 55.0
dft_rst_i          Reset               0         -         P 100.0 R 55.0 F 45.0
========================================
TEST MODE: Internal_scan
VIEW     : Existing DFT
========================================
Port               SignalType          Active    Hookup    Timing    Usage
----------         ----------          ------    ------    ------    -----
test_mode          TestMode            1         -
dft_clk_i          ScanMasterClock     1         -         P 100.0 R 45.0 F 55.0
dft_clk_i          MasterClock         1         -         P 100.0 R 45.0 F 55.0
dft_rst_i          Reset               0         -         P 100.0 R 55.0 F 45.0
sda_pad_o          Constant            -         -
scl_pad_o          Constant            -         -
Scan_Data_Out      ScanDataOut         -         -
Scan_Data_In       ScanDataIn          -         -
Scan_En            ScanEnable          1         -
========================================
TEST MODE: Mission_mode
VIEW     : Existing DFT
========================================
Port               SignalType          Active    Hookup    Timing    Usage
----------         ----------          ------    ------    ------    -----
test_mode          TestMode            1         -
dft_clk_i          ScanMasterClock     1         -         P 100.0 R 45.0 F 55.0
dft_clk_i          MasterClock         1         -         P 100.0 R 45.0 F 55.0
dft_rst_i          Reset               0         -         P 100.0 R 55.0 F 45.0
sda_pad_o          Constant            -         -
sda_pad_o          Functional          -         -
scl_pad_o          Constant            -         -
scl_pad_o          Functional          -         -

1
