Information: Updating design information... (UID-85)
Warning: Clock port 'dft_clk_i' is assigned input delay relative to clock 'wb_clk_i'. (TIM-111)
Warning: Clock port 'dft_clk_i' is assigned input delay relative to clock 'wb_clk_i'. (TIM-111)
 
****************************************
Report : timing
        -path full
        -delay max
        -max_paths 1
        -transition_time
        -capacitance
Design : i2c_master_top
Version: O-2018.06-SP1
Date   : Fri Aug 21 21:25:54 2026
****************************************

Operating Conditions: WORST   Library: saed90nm_max
Wire Load Model Mode: enclosed

  Startpoint: byte_controller/bit_controller/filter_cnt_reg_6_
              (rising edge-triggered flip-flop clocked by dft_clk_i)
  Endpoint: byte_controller/bit_controller/filter_cnt_reg_5_
            (rising edge-triggered flip-flop clocked by dft_clk_i)
  Path Group: dft_clk_i
  Path Type: max

  Des/Clust/Port     Wire Load Model       Library
  ------------------------------------------------
  i2c_master_top     16000                 saed90nm_max
  i2c_master_bit_ctrl_test_1
                     8000                  saed90nm_max

  Point                                          Cap     Trans      Incr       Path
  ------------------------------------------------------------------------------------
  clock dft_clk_i (rise edge)                                       0.00       0.00
  clock network delay (ideal)                                       0.00       0.00
  byte_controller/bit_controller/filter_cnt_reg_6_/CLK (SDFFARX1)
                                                          0.00      0.00       0.00 r
  byte_controller/bit_controller/filter_cnt_reg_6_/Q (SDFFARX1)
                                                8.13      0.19      0.68       0.68 r
  byte_controller/bit_controller/U36/QN (NOR4X0)
                                                1.96      0.20      1.21       1.89 f
  byte_controller/bit_controller/U151/QN (NAND4X0)
                                                3.19      0.24      0.23       2.12 r
  byte_controller/bit_controller/U37/QN (NOR2X0)
                                               13.34      0.29      0.42       2.54 f
  byte_controller/bit_controller/U7/Q (AND2X1)
                                               20.75      0.24      4.68       7.22 f
  byte_controller/bit_controller/U121/Q (AO22X1)
                                                1.20      0.11     17.14      24.37 f
  byte_controller/bit_controller/filter_cnt_reg_5_/D (SDFFARX1)
                                                          0.11      0.03      24.40 f
  data arrival time                                                           24.40

  clock dft_clk_i (rise edge)                                     100.00     100.00
  clock network delay (ideal)                                       0.00     100.00
  byte_controller/bit_controller/filter_cnt_reg_5_/CLK (SDFFARX1)
                                                                    0.00     100.00 r
  library setup time                                               -0.65      99.35
  data required time                                                          99.35
  ------------------------------------------------------------------------------------
  data required time                                                          99.35
  data arrival time                                                          -24.40
  ------------------------------------------------------------------------------------
  slack (MET)                                                                 74.96


1
