 
****************************************
Report : area
Design : i2c_master_top
Version: O-2018.06-SP1
Date   : Fri Aug 21 21:25:55 2026
****************************************

Library(s) Used:

    saed90nm_max (File: /home/ICer/Downloads/Lib/synopsys/models/saed90nm_max.db)

Number of ports:                          197
Number of nets:                           968
Number of cells:                          648
Number of combinational cells:            485
Number of sequential cells:               159
Number of macros/black boxes:               0
Number of buf/inv:                        120
Number of references:                      27

Combinational area:               4207.103993
Buf/Inv area:                      712.396814
Noncombinational area:            5673.369411
Macro/Black Box area:                0.000000
Net Interconnect area:             770.699101

Total cell area:                  9880.473405
Total area:                      10651.172505
1
