 
****************************************
Report : timing
        -path full
        -delay min
        -max_paths 10
Design : i2c_master_top
Version: O-2018.06-SP1
Date   : Fri Aug 21 21:25:54 2026
****************************************

Operating Conditions: WORST   Library: saed90nm_max
Wire Load Model Mode: enclosed

  Startpoint: byte_controller/bit_controller/dscl_oen_reg
              (rising edge-triggered flip-flop clocked by dft_clk_i)
  Endpoint: byte_controller/bit_controller/fSCL_reg_0_
            (rising edge-triggered flip-flop clocked by dft_clk_i)
  Path Group: dft_clk_i
  Path Type: min

  Des/Clust/Port     Wire Load Model       Library
  ------------------------------------------------
  i2c_master_top     16000                 saed90nm_max
  i2c_master_bit_ctrl_test_1
                     8000                  saed90nm_max

  Point                                                   Incr       Path
  --------------------------------------------------------------------------
  clock dft_clk_i (rise edge)                             0.00       0.00
  clock network delay (ideal)                             0.00       0.00
  byte_controller/bit_controller/dscl_oen_reg/CLK (SDFFX1)
                                                          0.00       0.00 r
  byte_controller/bit_controller/dscl_oen_reg/QN (SDFFX1)
                                                          0.38       0.38 f
  byte_controller/bit_controller/fSCL_reg_0_/SI (SDFFASX1)
                                                          0.04       0.42 f
  data arrival time                                                  0.42

  clock dft_clk_i (rise edge)                             0.00       0.00
  clock network delay (ideal)                             0.00       0.00
  byte_controller/bit_controller/fSCL_reg_0_/CLK (SDFFASX1)
                                                          0.00       0.00 r
  library hold time                                      -0.20      -0.20
  data required time                                                -0.20
  --------------------------------------------------------------------------
  data required time                                                -0.20
  data arrival time                                                 -0.42
  --------------------------------------------------------------------------
  slack (MET)                                                        0.62


  Startpoint: byte_controller/bit_controller/dout_reg
              (rising edge-triggered flip-flop clocked by dft_clk_i)
  Endpoint: byte_controller/bit_controller/dscl_oen_reg
            (rising edge-triggered flip-flop clocked by dft_clk_i)
  Path Group: dft_clk_i
  Path Type: min

  Des/Clust/Port     Wire Load Model       Library
  ------------------------------------------------
  i2c_master_top     16000                 saed90nm_max
  i2c_master_bit_ctrl_test_1
                     8000                  saed90nm_max

  Point                                                   Incr       Path
  --------------------------------------------------------------------------
  clock dft_clk_i (rise edge)                             0.00       0.00
  clock network delay (ideal)                             0.00       0.00
  byte_controller/bit_controller/dout_reg/CLK (SDFFX1)
                                                          0.00       0.00 r
  byte_controller/bit_controller/dout_reg/QN (SDFFX1)     0.38       0.38 f
  byte_controller/bit_controller/dscl_oen_reg/SI (SDFFX1)
                                                          0.04       0.42 f
  data arrival time                                                  0.42

  clock dft_clk_i (rise edge)                             0.00       0.00
  clock network delay (ideal)                             0.00       0.00
  byte_controller/bit_controller/dscl_oen_reg/CLK (SDFFX1)
                                                          0.00       0.00 r
  library hold time                                      -0.21      -0.21
  data required time                                                -0.21
  --------------------------------------------------------------------------
  data required time                                                -0.21
  data arrival time                                                 -0.42
  --------------------------------------------------------------------------
  slack (MET)                                                        0.64


  Startpoint: irq_flag_reg
              (rising edge-triggered flip-flop clocked by dft_clk_i)
  Endpoint: prer_reg_0_
            (rising edge-triggered flip-flop clocked by dft_clk_i)
  Path Group: dft_clk_i
  Path Type: min

  Des/Clust/Port     Wire Load Model       Library
  ------------------------------------------------
  i2c_master_top     16000                 saed90nm_max

  Point                                    Incr       Path
  -----------------------------------------------------------
  clock dft_clk_i (rise edge)              0.00       0.00
  clock network delay (ideal)              0.00       0.00
  irq_flag_reg/CLK (SDFFARX1)              0.00       0.00 r
  irq_flag_reg/QN (SDFFARX1)               0.40       0.40 f
  prer_reg_0_/SI (SDFFASX1)                0.03       0.43 f
  data arrival time                                   0.43

  clock dft_clk_i (rise edge)              0.00       0.00
  clock network delay (ideal)              0.00       0.00
  prer_reg_0_/CLK (SDFFASX1)               0.00       0.00 r
  library hold time                       -0.21      -0.21
  data required time                                 -0.21
  -----------------------------------------------------------
  data required time                                 -0.21
  data arrival time                                  -0.43
  -----------------------------------------------------------
  slack (MET)                                         0.64


  Startpoint: byte_controller/bit_controller/sda_chk_reg
              (rising edge-triggered flip-flop clocked by dft_clk_i)
  Endpoint: byte_controller/bit_controller/sda_oen_reg
            (rising edge-triggered flip-flop clocked by dft_clk_i)
  Path Group: dft_clk_i
  Path Type: min

  Des/Clust/Port     Wire Load Model       Library
  ------------------------------------------------
  i2c_master_top     16000                 saed90nm_max
  i2c_master_bit_ctrl_test_1
                     8000                  saed90nm_max

  Point                                                   Incr       Path
  --------------------------------------------------------------------------
  clock dft_clk_i (rise edge)                             0.00       0.00
  clock network delay (ideal)                             0.00       0.00
  byte_controller/bit_controller/sda_chk_reg/CLK (SDFFARX1)
                                                          0.00       0.00 r
  byte_controller/bit_controller/sda_chk_reg/QN (SDFFARX1)
                                                          0.40       0.40 f
  byte_controller/bit_controller/sda_oen_reg/SI (SDFFASX1)
                                                          0.04       0.44 f
  data arrival time                                                  0.44

  clock dft_clk_i (rise edge)                             0.00       0.00
  clock network delay (ideal)                             0.00       0.00
  byte_controller/bit_controller/sda_oen_reg/CLK (SDFFASX1)
                                                          0.00       0.00 r
  library hold time                                      -0.21      -0.21
  data required time                                                -0.21
  --------------------------------------------------------------------------
  data required time                                                -0.21
  data arrival time                                                 -0.44
  --------------------------------------------------------------------------
  slack (MET)                                                        0.64


  Startpoint: byte_controller/bit_controller/c_state_reg_16_
              (rising edge-triggered flip-flop clocked by dft_clk_i)
  Endpoint: byte_controller/bit_controller/clk_en_reg
            (rising edge-triggered flip-flop clocked by dft_clk_i)
  Path Group: dft_clk_i
  Path Type: min

  Des/Clust/Port     Wire Load Model       Library
  ------------------------------------------------
  i2c_master_top     16000                 saed90nm_max
  i2c_master_bit_ctrl_test_1
                     8000                  saed90nm_max

  Point                                                   Incr       Path
  --------------------------------------------------------------------------
  clock dft_clk_i (rise edge)                             0.00       0.00
  clock network delay (ideal)                             0.00       0.00
  byte_controller/bit_controller/c_state_reg_16_/CLK (SDFFARX1)
                                                          0.00       0.00 r
  byte_controller/bit_controller/c_state_reg_16_/QN (SDFFARX1)
                                                          0.40       0.40 f
  byte_controller/bit_controller/clk_en_reg/SI (SDFFASX1)
                                                          0.04       0.44 f
  data arrival time                                                  0.44

  clock dft_clk_i (rise edge)                             0.00       0.00
  clock network delay (ideal)                             0.00       0.00
  byte_controller/bit_controller/clk_en_reg/CLK (SDFFASX1)
                                                          0.00       0.00 r
  library hold time                                      -0.21      -0.21
  data required time                                                -0.21
  --------------------------------------------------------------------------
  data required time                                                -0.21
  data arrival time                                                 -0.44
  --------------------------------------------------------------------------
  slack (MET)                                                        0.64


  Startpoint: byte_controller/sr_reg_7_
              (rising edge-triggered flip-flop clocked by dft_clk_i)
  Endpoint: cr_reg_0_ (rising edge-triggered flip-flop clocked by dft_clk_i)
  Path Group: dft_clk_i
  Path Type: min

  Des/Clust/Port     Wire Load Model       Library
  ------------------------------------------------
  i2c_master_top     16000                 saed90nm_max

  Point                                                   Incr       Path
  --------------------------------------------------------------------------
  clock dft_clk_i (rise edge)                             0.00       0.00
  clock network delay (ideal)                             0.00       0.00
  byte_controller/sr_reg_7_/CLK (SDFFARX1)                0.00       0.00 r
  byte_controller/sr_reg_7_/QN (SDFFARX1)                 0.40       0.40 f
  byte_controller/test_so (i2c_master_byte_ctrl_test_1)
                                                          0.00       0.40 f
  cr_reg_0_/SI (SDFFARX1)                                 0.03       0.44 f
  data arrival time                                                  0.44

  clock dft_clk_i (rise edge)                             0.00       0.00
  clock network delay (ideal)                             0.00       0.00
  cr_reg_0_/CLK (SDFFARX1)                                0.00       0.00 r
  library hold time                                      -0.23      -0.23
  data required time                                                -0.23
  --------------------------------------------------------------------------
  data required time                                                -0.23
  data arrival time                                                 -0.44
  --------------------------------------------------------------------------
  slack (MET)                                                        0.66


  Startpoint: al_reg (rising edge-triggered flip-flop clocked by dft_clk_i)
  Endpoint: byte_controller/ack_out_reg
            (rising edge-triggered flip-flop clocked by dft_clk_i)
  Path Group: dft_clk_i
  Path Type: min

  Des/Clust/Port     Wire Load Model       Library
  ------------------------------------------------
  i2c_master_top     16000                 saed90nm_max

  Point                                                   Incr       Path
  --------------------------------------------------------------------------
  clock dft_clk_i (rise edge)                             0.00       0.00
  clock network delay (ideal)                             0.00       0.00
  al_reg/CLK (SDFFARX1)                                   0.00       0.00 r
  al_reg/QN (SDFFARX1)                                    0.40       0.40 f
  byte_controller/test_si (i2c_master_byte_ctrl_test_1)
                                                          0.00       0.40 f
  byte_controller/ack_out_reg/SI (SDFFARX1)               0.03       0.44 f
  data arrival time                                                  0.44

  clock dft_clk_i (rise edge)                             0.00       0.00
  clock network delay (ideal)                             0.00       0.00
  byte_controller/ack_out_reg/CLK (SDFFARX1)              0.00       0.00 r
  library hold time                                      -0.23      -0.23
  data required time                                                -0.23
  --------------------------------------------------------------------------
  data required time                                                -0.23
  data arrival time                                                 -0.44
  --------------------------------------------------------------------------
  slack (MET)                                                        0.66


  Startpoint: byte_controller/bit_controller/cSCL_reg_1_
              (rising edge-triggered flip-flop clocked by dft_clk_i)
  Endpoint: byte_controller/bit_controller/cSDA_reg_0_
            (rising edge-triggered flip-flop clocked by dft_clk_i)
  Path Group: dft_clk_i
  Path Type: min

  Des/Clust/Port     Wire Load Model       Library
  ------------------------------------------------
  i2c_master_top     16000                 saed90nm_max
  i2c_master_bit_ctrl_test_1
                     8000                  saed90nm_max

  Point                                                   Incr       Path
  --------------------------------------------------------------------------
  clock dft_clk_i (rise edge)                             0.00       0.00
  clock network delay (ideal)                             0.00       0.00
  byte_controller/bit_controller/cSCL_reg_1_/CLK (SDFFARX1)
                                                          0.00       0.00 r
  byte_controller/bit_controller/cSCL_reg_1_/QN (SDFFARX1)
                                                          0.40       0.40 f
  byte_controller/bit_controller/cSDA_reg_0_/SI (SDFFARX1)
                                                          0.04       0.44 f
  data arrival time                                                  0.44

  clock dft_clk_i (rise edge)                             0.00       0.00
  clock network delay (ideal)                             0.00       0.00
  byte_controller/bit_controller/cSDA_reg_0_/CLK (SDFFARX1)
                                                          0.00       0.00 r
  library hold time                                      -0.23      -0.23
  data required time                                                -0.23
  --------------------------------------------------------------------------
  data required time                                                -0.23
  data arrival time                                                 -0.44
  --------------------------------------------------------------------------
  slack (MET)                                                        0.67


  Startpoint: byte_controller/bit_controller/busy_reg
              (rising edge-triggered flip-flop clocked by dft_clk_i)
  Endpoint: byte_controller/bit_controller/cSCL_reg_0_
            (rising edge-triggered flip-flop clocked by dft_clk_i)
  Path Group: dft_clk_i
  Path Type: min

  Des/Clust/Port     Wire Load Model       Library
  ------------------------------------------------
  i2c_master_top     16000                 saed90nm_max
  i2c_master_bit_ctrl_test_1
                     8000                  saed90nm_max

  Point                                                   Incr       Path
  --------------------------------------------------------------------------
  clock dft_clk_i (rise edge)                             0.00       0.00
  clock network delay (ideal)                             0.00       0.00
  byte_controller/bit_controller/busy_reg/CLK (SDFFARX1)
                                                          0.00       0.00 r
  byte_controller/bit_controller/busy_reg/QN (SDFFARX1)
                                                          0.40       0.40 f
  byte_controller/bit_controller/cSCL_reg_0_/SI (SDFFARX1)
                                                          0.04       0.44 f
  data arrival time                                                  0.44

  clock dft_clk_i (rise edge)                             0.00       0.00
  clock network delay (ideal)                             0.00       0.00
  byte_controller/bit_controller/cSCL_reg_0_/CLK (SDFFARX1)
                                                          0.00       0.00 r
  library hold time                                      -0.23      -0.23
  data required time                                                -0.23
  --------------------------------------------------------------------------
  data required time                                                -0.23
  data arrival time                                                 -0.44
  --------------------------------------------------------------------------
  slack (MET)                                                        0.67


  Startpoint: byte_controller/ack_out_reg
              (rising edge-triggered flip-flop clocked by dft_clk_i)
  Endpoint: byte_controller/bit_controller/al_reg
            (rising edge-triggered flip-flop clocked by dft_clk_i)
  Path Group: dft_clk_i
  Path Type: min

  Des/Clust/Port     Wire Load Model       Library
  ------------------------------------------------
  i2c_master_top     16000                 saed90nm_max
  i2c_master_byte_ctrl_test_1
                     8000                  saed90nm_max

  Point                                                   Incr       Path
  --------------------------------------------------------------------------
  clock dft_clk_i (rise edge)                             0.00       0.00
  clock network delay (ideal)                             0.00       0.00
  byte_controller/ack_out_reg/CLK (SDFFARX1)              0.00       0.00 r
  byte_controller/ack_out_reg/QN (SDFFARX1)               0.40       0.40 f
  byte_controller/bit_controller/test_si (i2c_master_bit_ctrl_test_1)
                                                          0.00       0.40 f
  byte_controller/bit_controller/al_reg/SI (SDFFARX1)     0.04       0.44 f
  data arrival time                                                  0.44

  clock dft_clk_i (rise edge)                             0.00       0.00
  clock network delay (ideal)                             0.00       0.00
  byte_controller/bit_controller/al_reg/CLK (SDFFARX1)
                                                          0.00       0.00 r
  library hold time                                      -0.23      -0.23
  data required time                                                -0.23
  --------------------------------------------------------------------------
  data required time                                                -0.23
  data arrival time                                                 -0.44
  --------------------------------------------------------------------------
  slack (MET)                                                        0.67


1
