Loading db file '/home/ICer/Downloads/Lib/synopsys/models/saed90nm_max.db'
Information: Propagating switching activity (low effort zero delay simulation). (PWR-6)
Warning: Design has unannotated primary inputs. (PWR-414)
Warning: Design has unannotated sequential cell outputs. (PWR-415)
 
****************************************
Report : power
        -hier
        -analysis_effort low
Design : i2c_master_top
Version: O-2018.06-SP1
Date   : Fri Aug 21 21:25:55 2026
****************************************


Library(s) Used:

    saed90nm_max (File: /home/ICer/Downloads/Lib/synopsys/models/saed90nm_max.db)


Operating Conditions: WORST   Library: saed90nm_max
Wire Load Model Mode: enclosed

Design        Wire Load Model            Library
------------------------------------------------
i2c_master_top         16000             saed90nm_max
i2c_master_byte_ctrl_test_1
                       8000              saed90nm_max
i2c_master_bit_ctrl_test_1
                       8000              saed90nm_max
i2c_master_bit_ctrl_DW01_dec_0
                       8000              saed90nm_max
i2c_master_bit_ctrl_DW01_dec_1
                       8000              saed90nm_max


Global Operating Voltage = 0.7  
Power-specific unit information :
    Voltage Units = 1V
    Capacitance Units = 1.000000ff
    Time Units = 1ns
    Dynamic Power Units = 1uW    (derived from V,C,T units)
    Leakage Power Units = 1pW


--------------------------------------------------------------------------------
                                       Switch   Int      Leak     Total
Hierarchy                              Power    Power    Power    Power    %
--------------------------------------------------------------------------------
i2c_master_top                            3.754    4.695 9.19e+07  100.313 100.0
  byte_controller (i2c_master_byte_ctrl_test_1)
                                          1.692    3.057 3.12e+07   35.980  35.9
    bit_controller (i2c_master_bit_ctrl_test_1)
                                          1.302    2.330 2.62e+07   29.801  29.7
      sub_228 (i2c_master_bit_ctrl_DW01_dec_1)
                                          0.167    0.374 1.09e+06    1.634   1.6
      sub_260 (i2c_master_bit_ctrl_DW01_dec_0)
                                       9.63e-02    0.209 8.34e+05    1.140   1.1
1
