
                           Design Compiler Graphical 
                                 DC Ultra (TM)
                                  DFTMAX (TM)
                              Power Compiler (TM)
                                 DesignWare (R)
                                 DC Expert (TM)
                               Design Vision (TM)
                               HDL Compiler (TM)
                               VHDL Compiler (TM)
                                  DFT Compiler
                               Design Compiler(R)

               Version O-2018.06-SP1 for linux64 - Jul 19, 2018 

                    Copyright (c) 1988 - 2018 Synopsys, Inc.
   This software and the associated documentation are proprietary to Synopsys,
 Inc. This software may only be used in accordance with the terms and conditions
 of a written license agreement with Synopsys, Inc. All other use, reproduction,
            or distribution of this software is strictly prohibited.
Initializing...
Initializing gui preferences from file  /home/ICer/.synopsys_dv_prefs.tcl
#############################################################
# dft_run.tcl - Entry point for the DFT flow
#############################################################
# This script is meant to be run from inside dft/run/
# Usage:
#   dc_shell-t -f dft_run.tcl | tee ../log/dft_run.log
#############################################################
# Make sure output directories exist (in case they were deleted)
sh mkdir -p ../results
sh mkdir -p ../log
# Source the main DFT flow
source -echo -verbose ../script/dft.tcl#dft.tcl
#############################################################
# 1. Library Setup
#############################################################
set_app_var search_path  [list . /home/ICer/Downloads/Lib/synopsys/models $search_path]
. /home/ICer/Downloads/Lib/synopsys/models {. /home/synopsys/syn/O-2018.06-SP1/libraries/syn /home/synopsys/syn/O-2018.06-SP1/minpower/syn /home/synopsys/syn/O-2018.06-SP1/dw/syn_ver /home/synopsys/syn/O-2018.06-SP1/dw/sim_ver}
set_app_var target_library {saed90nm_max.db}
saed90nm_max.db
set_app_var link_library    "* $target_library"
* saed90nm_max.db
#############################################################
# 2. Read Synthesized Design
#############################################################
sh rm -rf work
sh mkdir -p work
define_design_lib work -path ./work
1
set design i2c_master_top
i2c_master_top
set_svf ../results/${design}.svf
1
#netlist & wires
read_ddc ../../syn/results/${design}.ddc
Loading db file '/home/ICer/Downloads/Lib/synopsys/models/saed90nm_max.db'
Loading db file '/home/synopsys/syn/O-2018.06-SP1/libraries/syn/gtech.db'
Loading db file '/home/synopsys/syn/O-2018.06-SP1/libraries/syn/standard.sldb'
  Loading link library 'saed90nm_max'
  Loading link library 'gtech'
Reading ddc file '/mnt/hgfs/VM_Shared/Projects/Assignments/I2c/syn/results/i2c_master_top.ddc'.
Loaded 5 designs.
Current design is 'i2c_master_top'.
i2c_master_top i2c_master_byte_ctrl i2c_master_bit_ctrl i2c_master_bit_ctrl_DW01_dec_0 i2c_master_bit_ctrl_DW01_dec_1
current_design $design
Current design is 'i2c_master_top'.
{i2c_master_top}
link 

  Linking design 'i2c_master_top'
  Using the following designs and libraries:
  --------------------------------------------------------------------------
  * (5 designs)               /mnt/hgfs/VM_Shared/Projects/Assignments/I2c/syn/results/i2c_master_top.ddc, etc
  saed90nm_max (library)      /home/ICer/Downloads/Lib/synopsys/models/saed90nm_max.db

1
#const 
read_sdc ../../syn/results/${design}.sdc

Reading SDC version 2.1...
Warning: Design rule attributes from the driving cell will be
	set on the port. (UID-401)
Warning: Design rule attributes from the driving cell will be
	set on the port. (UID-401)
Warning: Design rule attributes from the driving cell will be
	set on the port. (UID-401)
Warning: Design rule attributes from the driving cell will be
	set on the port. (UID-401)
Warning: Design rule attributes from the driving cell will be
	set on the port. (UID-401)
Warning: Design rule attributes from the driving cell will be
	set on the port. (UID-401)
Warning: Design rule attributes from the driving cell will be
	set on the port. (UID-401)
Warning: Design rule attributes from the driving cell will be
	set on the port. (UID-401)
Warning: Design rule attributes from the driving cell will be
	set on the port. (UID-401)
Warning: Design rule attributes from the driving cell will be
	set on the port. (UID-401)
Warning: Design rule attributes from the driving cell will be
	set on the port. (UID-401)
Warning: Design rule attributes from the driving cell will be
	set on the port. (UID-401)
Warning: Design rule attributes from the driving cell will be
	set on the port. (UID-401)
Warning: Design rule attributes from the driving cell will be
	set on the port. (UID-401)
Warning: Design rule attributes from the driving cell will be
	set on the port. (UID-401)
Warning: Design rule attributes from the driving cell will be
	set on the port. (UID-401)
Warning: Design rule attributes from the driving cell will be
	set on the port. (UID-401)
Warning: Design rule attributes from the driving cell will be
	set on the port. (UID-401)
Warning: Design rule attributes from the driving cell will be
	set on the port. (UID-401)
Warning: Design rule attributes from the driving cell will be
	set on the port. (UID-401)
Warning: Design rule attributes from the driving cell will be
	set on the port. (UID-401)
Warning: Design rule attributes from the driving cell will be
	set on the port. (UID-401)
Warning: Design rule attributes from the driving cell will be
	set on the port. (UID-401)
Warning: Design rule attributes from the driving cell will be
	set on the port. (UID-401)
1
current_design $design
Current design is 'i2c_master_top'.
{i2c_master_top}
set_fix_multiple_port_nets -all -buffer_constants
1
set_dp_smartgen_options -optimize_for speed
1
set_critical_range 1 $design
1
compile -scan -map_effort high 
Information: Choosing a test methodology will restrict the optimization of sequential cells. (UIO-12)
Information: Evaluating DesignWare library utilization. (UISN-27)

============================================================================
| DesignWare Building Block Library  |         Version         | Available |
============================================================================
| Basic DW Building Blocks           | O-2018.06-DWBB_201806.1 |     *     |
| Licensed DW Building Blocks        |                         |           |
============================================================================


Information: There are 9 potential problems in your design. Please run 'check_design' for more information. (LINT-99)


Warning: The nextstate or clock_on object of the test_cell definition of the library cell 'SDFFSSRX2' has scan pins. (OPT-1209)
Warning: The nextstate or clock_on object of the test_cell definition of the library cell 'SDFFSSRX1' has scan pins. (OPT-1209)

  Beginning Pass 1 Mapping
  ------------------------
  Processing 'i2c_master_bit_ctrl_DW01_dec_1'
  Processing 'i2c_master_bit_ctrl_DW01_dec_0'
  Processing 'i2c_master_bit_ctrl'
  Processing 'i2c_master_byte_ctrl'
  Processing 'i2c_master_top'

  Updating timing information
Information: Updating design information... (UID-85)

  Beginning Implementation Selection
  ----------------------------------

  Beginning Mapping Optimizations  (High effort)
  -------------------------------

                                  TOTAL                                      
   ELAPSED            WORST NEG   SETUP    DESIGN                            
    TIME      AREA      SLACK     COST    RULE COST         ENDPOINT         
  --------- --------- --------- --------- --------- -------------------------
    0:00:02   11317.2      0.09       0.6       0.2                          
    0:00:03   11317.2      0.09       0.6       0.2                          
    0:00:03   11317.2      0.09       0.6       0.2                          
    0:00:03   11317.2      0.09       0.6       0.2                          
    0:00:03   11317.2      0.09       0.6       0.2                          
    0:00:03   10742.2      0.47       9.3       0.2                          
    0:00:03   10790.1      0.30       5.8       0.2                          
    0:00:03   10760.6      0.35       6.3       0.2                          
    0:00:03   10787.3      0.32       4.2       0.2                          
    0:00:03   10827.9      0.37       4.0       0.2                          
    0:00:03   10837.1      0.24       3.5       0.2                          
    0:00:03   10835.3      0.35       3.2       0.2                          
    0:00:03   10830.6      0.15       1.8       0.2                          
    0:00:04   10837.1      0.15       1.5       0.2                          
    0:00:04   10861.1      0.13       0.8       0.2                          
    0:00:04   10880.4      0.09       0.4       0.2                          
    0:00:04   10909.9      0.09       0.2       0.2                          
    0:00:04   10909.9      0.09       0.2       0.2                          
    0:00:04   10909.9      0.09       0.2       0.2                          
    0:00:04   10909.9      0.09       0.2       0.2                          
    0:00:04   10909.9      0.09       0.2       0.2                          
    0:00:04   10909.9      0.09       0.2       0.2                          
    0:00:04   10909.9      0.09       0.2       0.2                          



  Beginning Delay Optimization Phase
  ----------------------------------

                                  TOTAL                                      
   ELAPSED            WORST NEG   SETUP    DESIGN                            
    TIME      AREA      SLACK     COST    RULE COST         ENDPOINT         
  --------- --------- --------- --------- --------- -------------------------
    0:00:04   10909.9      0.09       0.2       0.2                          
    0:00:04   10913.6      0.00       0.0       0.2                          
    0:00:04   10897.0      0.00       0.0       0.2                          


  Beginning Design Rule Fixing  (min_capacitance)
  ----------------------------

                                  TOTAL                                      
   ELAPSED            WORST NEG   SETUP    DESIGN                            
    TIME      AREA      SLACK     COST    RULE COST         ENDPOINT         
  --------- --------- --------- --------- --------- -------------------------
    0:00:04   10897.0      0.00       0.0       0.2                          


  Beginning Critical Range Optimization
  -------------------------------------

                                  TOTAL                                      
   ELAPSED            WORST NEG   SETUP    DESIGN                            
    TIME      AREA      SLACK     COST    RULE COST         ENDPOINT         
  --------- --------- --------- --------- --------- -------------------------
    0:00:04   10897.0      0.00       0.0       0.2                          


  Beginning Area-Recovery Phase  (cleanup)
  -----------------------------

                                  TOTAL                                      
   ELAPSED            WORST NEG   SETUP    DESIGN                            
    TIME      AREA      SLACK     COST    RULE COST         ENDPOINT         
  --------- --------- --------- --------- --------- -------------------------
    0:00:04   10897.0      0.00       0.0       0.2                          
    0:00:04   10897.0      0.00       0.0       0.2                          
    0:00:04   10501.6      0.05       0.2       0.2                          
    0:00:04   10407.6      0.08       0.2       0.2                          
    0:00:04   10385.5      0.08       0.2       0.2                          
    0:00:04   10367.1      0.08       0.2       0.2                          
    0:00:04   10361.5      0.08       0.2       0.2                          
    0:00:04   10361.5      0.08       0.2       0.2                          
    0:00:04   10380.0      0.00       0.0       0.2                          
    0:00:04   10316.4      0.03       0.3       0.2                          
    0:00:04   10283.2      0.08       0.6       0.2                          
    0:00:04   10283.2      0.08       0.6       0.2                          
    0:00:04   10283.2      0.08       0.6       0.2                          
    0:00:04   10283.2      0.08       0.6       0.2                          
    0:00:04   10283.2      0.08       0.6       0.2                          
    0:00:04   10283.2      0.08       0.6       0.2                          
    0:00:04   10310.9      0.00       0.0       0.2                          


  Beginning Critical Range Optimization
  -------------------------------------

                                  TOTAL                                      
   ELAPSED            WORST NEG   SETUP    DESIGN                            
    TIME      AREA      SLACK     COST    RULE COST         ENDPOINT         
  --------- --------- --------- --------- --------- -------------------------
    0:00:04   10310.9      0.00       0.0       0.2                          
    0:00:04   10344.0      0.00       0.0       0.2                          
Loading db file '/home/ICer/Downloads/Lib/synopsys/models/saed90nm_max.db'


Note: Symbol # after min delay cost means estimated hold TNS across all active scenarios 


  Optimization Complete
  ---------------------
1
#############################################################
# 4. Apply Constraints
#############################################################
source -echo -verbose ../cons/cons.tcl
#############################################################
# DFT Constraints - i2c
#############################################################
# clock definitions
create_clock -name dft_clk_i -period 100 -waveform {0 50} [get_ports dft_clk_i]
1
set_clock_groups -asynchronous     -group [get_clocks wb_clk_i]     -group [get_clocks dft_clk_i]
1
#############################################################
# 1. Scan Configuration
#############################################################
# Defines HOW the scan chains will be built:
#   -style multiplexed_flip_flop : each flip-flop gets a 2:1 mux in front
#                                   of its D input (functional data vs. scan data)
#   -replace true                : allow the tool to replace existing flip-flops
#                                   with scan-capable equivalents
#   -clock_mixing no_mix         : don't mix flip-flops clocked by different
#                                   clocks into the same scan chain
#   -chain_count 1               : build a single scan chain (fine for a small
#                                   design like this; larger designs use more
#                                   chains in parallel to reduce test time)
set_scan_configuration -style multiplexed_flip_flop                         -replace true                         -clock_mixing no_mix                         -chain_count 1
Accepted scan configuration for modes: all_dft
1
#############################################################
# 2. Create New Top-Level Scan Ports
#############################################################
create_port -direction in  Scan_Data_In    ;# where test patterns are shifted IN
Creating port 'Scan_Data_In' in design 'i2c_master_top'.
1
create_port -direction out Scan_Data_Out   ;# where captured results are shifted OUT
Creating port 'Scan_Data_Out' in design 'i2c_master_top'.
1
create_port -direction in  Scan_En         ;# selects functional mode vs. scan-shift mode
Creating port 'Scan_En' in design 'i2c_master_top'.
1
# Treat Scan_En as a zero-delay/ideal net for now (no real clock tree yet,
# same reasoning as set_ideal_network on fun_clk/dft_clk_i earlier)
set_ideal_network [get_ports Scan_En]
1
#############################################################
# 3. Case Analysis
#############################################################
# Fix test_mode = 1 for this compile pass, so the tool analyzes/optimizes
# assuming test/scan mode is active (as opposed to the functional-mode
# compile, which instead fixes test_mode = 0).
set_case_analysis 1 [get_ports test_mode]
1
#############################################################
# 4. DFT Signal Definitions - Existing Ports (already in the RTL)
#############################################################
# ScanClock: the clock used while shifting data through the scan chain.
# -timing {45 55} = the clock edge is expected around the 45-55% mark
#                    of the scan clock period (roughly centered).
set_dft_signal -view existing_dft -type ScanClock -port [get_ports dft_clk_i] -timing {45 55}
Accepted dft signal specification for modes: all_dft
1
# Reset: dft_rst_i acts as a reset specific to test mode (NOT scan enable).
# -active 1 means the reset is active-HIGH.
set_dft_signal -view existing_dft -type Reset -port [get_ports dft_rst_i] -active 0
Accepted dft signal specification for modes: all_dft
1
# TestMode: the top-level mode selector (functional vs. test).
# -active 1 means test_mode = 1 selects test mode.
set_dft_signal -view existing_dft -type TestMode -port [get_ports test_mode] -active 1
Accepted dft signal specification for modes: all_dft
1
#############################################################
# 5. DFT Signal Definitions - New Ports (to be created by the tool)
#############################################################
# -view spec (vs. existing_dft above) tells the tool these ports don't
# exist yet in the netlist - it should create/wire them during scan
# insertion, using the ports we declared in section 2.
set_dft_signal -view spec -type ScanDataIn  -port [get_ports Scan_Data_In]
Accepted dft signal specification for modes: all_dft
1
set_dft_signal -view spec -type ScanDataOut -port [get_ports Scan_Data_Out]
Accepted dft signal specification for modes: all_dft
1
set_dft_signal -view spec -type ScanEnable -port [get_ports Scan_En] -active 1 -usage scan
Accepted dft signal specification for modes: all_dft
1
#############################################################
# 6. Critical Range (optional - optimization tuning)
#############################################################
# Uncomment and set a value if you want the tool to treat paths within
# <value> ns of the critical path as "critical" too during optimization.
# set_critical_range <value> [current_design]
create_test_protocol
In mode: all_dft...

Information: Starting test protocol creation. (TEST-219)
  ...reading user specified clock signals...
Information: Identified system/test clock port dft_clk_i (45.0,55.0). (TEST-265)
  ...reading user specified asynchronous signals...
Information: Identified active low asynchronous control port dft_rst_i. (TEST-266)
1
dft_drc
In mode: all_dft...
  Pre-DFT DRC enabled
Warning: Clock port 'dft_clk_i' is assigned input delay relative to clock 'wb_clk_i'. (TIM-111)
Warning: Clock port 'dft_clk_i' is assigned input delay relative to clock 'wb_clk_i'. (TIM-111)

Information: Starting test design rule checking. (TEST-222)
  Loading test protocol
  ...basic checks...
  ...basic sequential cell checks...
  	...checking for scan equivalents...
  ...checking vector rules...
  ...checking pre-dft rules...

-----------------------------------------------------------------
  DRC Report

  Total violations: 0

-----------------------------------------------------------------


Test Design rule checking did not find violations

-----------------------------------------------------------------
  Sequential Cell Report

  0 out of 153 sequential cells have violations

-----------------------------------------------------------------

SEQUENTIAL CELLS WITHOUT VIOLATIONS
      * 153 cells are valid scan cells

Information: Test design rule checking completed. (TEST-123)
1
insert_dft
Warning: Clock port 'dft_clk_i' is assigned input delay relative to clock 'wb_clk_i'. (TIM-111)
Warning: Clock port 'dft_clk_i' is assigned input delay relative to clock 'wb_clk_i'. (TIM-111)
  Information: Using test design rule information from previous dft_drc run.
  Architecting Scan Chains
  Routing Scan Chains
  Routing Global Signals
  Mapping New Logic
Resetting current test mode
Warning: Clock port 'dft_clk_i' is assigned input delay relative to clock 'wb_clk_i'. (TIM-111)
Warning: Clock port 'dft_clk_i' is assigned input delay relative to clock 'wb_clk_i'. (TIM-111)
  Beginning Mapping Optimizations
  -------------------------------

                                  TOTAL                                      
   ELAPSED            WORST NEG   SETUP    DESIGN                            
    TIME      AREA      SLACK     COST    RULE COST         ENDPOINT         
  --------- --------- --------- --------- --------- -------------------------


  Beginning Phase 1 Design Rule Fixing  (min_capacitance)  (max_transition)
  ------------------------------------

                                  TOTAL                                      
   ELAPSED            WORST NEG   SETUP    DESIGN                            
    TIME      AREA      SLACK     COST    RULE COST         ENDPOINT         
  --------- --------- --------- --------- --------- -------------------------
    0:02:38   11128.7      0.00       0.0       0.4 wb_dat_o[7]              
    0:02:38   11128.7      0.00       0.0       0.4 wb_dat_o[7]              
    0:02:38   11128.7      0.00       0.0       0.4 wb_dat_o[7]              
    0:02:38   11145.8      0.00       0.0       0.4 wb_dat_o[6]              
    0:02:38   11145.8      0.00       0.0       0.4 wb_dat_o[6]              
    0:02:38   11145.8      0.00       0.0       0.4 wb_dat_o[6]              
    0:02:38   11162.8      0.00       0.0       0.3 wb_dat_o[4]              
    0:02:38   11162.8      0.00       0.0       0.3 wb_dat_o[4]              
    0:02:38   11162.8      0.00       0.0       0.3 wb_dat_o[4]              
    0:02:38   11179.8      0.00       0.0       0.3 wb_dat_o[3]              
    0:02:38   11179.8      0.00       0.0       0.3 wb_dat_o[3]              
    0:02:38   11179.8      0.00       0.0       0.3 wb_dat_o[3]              
    0:02:38   11196.9      0.00       0.0       0.3 wb_dat_o[2]              
    0:02:38   11196.9      0.00       0.0       0.3 wb_dat_o[2]              
    0:02:38   11196.9      0.00       0.0       0.3 wb_dat_o[2]              
    0:02:38   11213.9      0.00       0.0       0.3 wb_dat_o[5]              
    0:02:38   11213.9      0.00       0.0       0.3 wb_dat_o[5]              
    0:02:38   11213.9      0.00       0.0       0.3 wb_dat_o[5]              
    0:02:38   11231.0      0.00       0.0       0.2 wb_dat_o[1]              
    0:02:38   11231.0      0.00       0.0       0.2 wb_dat_o[1]              
    0:02:38   11231.0      0.00       0.0       0.2 wb_dat_o[1]              
    0:02:38   11248.0      0.00       0.0       0.2 wb_dat_o[0]              
    0:02:38   11248.0      0.00       0.0       0.2 wb_dat_o[0]              
    0:02:38   11248.0      0.00       0.0       0.2 wb_dat_o[0]              
    0:02:38   10570.8      0.00       0.0       1.2                          

1
dft_drc -coverage_estimate
In mode: Internal_scan...
  Design has scan chains in this mode
  Design is scan routed
  Post-DFT DRC enabled

Information: Starting test design rule checking. (TEST-222)
  Loading test protocol
  ...basic checks...
  ...basic sequential cell checks...
  ...checking vector rules...
  ...checking clock rules...
  ...checking scan chain rules...
  ...checking scan compression rules...
  ...checking X-state rules...
  ...checking tristate rules...
  ...extracting scan details...

-----------------------------------------------------------------
  DRC Report

  Total violations: 0

-----------------------------------------------------------------


Test Design rule checking did not find violations

-----------------------------------------------------------------
  Sequential Cell Report

  0 out of 153 sequential cells have violations

-----------------------------------------------------------------

SEQUENTIAL CELLS WITHOUT VIOLATIONS
      * 153 cells are valid scan cells

Information: Test design rule checking completed. (TEST-123)
  Running test coverage estimation...
 6252 faults were added to fault list.
 0             170    214         0/0/0    96.39%      0.01
 0              77    136         1/0/0    97.64%      0.01
 0              98     37         2/0/0    99.23%      0.01
 0              37      0         2/0/0    99.82%      0.01
 
            Pattern Summary Report
 -----------------------------------------------
 #internal patterns                           0
 -----------------------------------------------
 

     Uncollapsed Stuck Fault Summary Report
 -----------------------------------------------
 fault class                     code   #faults
 ------------------------------  ----  ---------
 Detected                         DT       6227
 Possibly detected                PT          0
 Undetectable                     UD         14
 ATPG untestable                  AU         11
 Not detected                     ND          0
 -----------------------------------------------
 total faults                              6252
 test coverage                            99.82%
 -----------------------------------------------
  Information: The test coverage above may be inferior
               than the real test coverage with customized
               protocol and test simulation library.
1
compile -scan -map_effort high 
Information: Choosing a test methodology will restrict the optimization of sequential cells. (UIO-12)

Information: There are 2 potential problems in your design. Please run 'check_design' for more information. (LINT-99)



  Beginning Pass 1 Mapping
  ------------------------
  Processing 'i2c_master_bit_ctrl_DW01_dec_1'
  Processing 'i2c_master_bit_ctrl_DW01_dec_0'
  Processing 'i2c_master_bit_ctrl_test_1'
  Processing 'i2c_master_byte_ctrl_test_1'
  Processing 'i2c_master_top'

  Updating timing information
Information: Updating design information... (UID-85)
Warning: Clock port 'dft_clk_i' is assigned input delay relative to clock 'wb_clk_i'. (TIM-111)
Warning: Clock port 'dft_clk_i' is assigned input delay relative to clock 'wb_clk_i'. (TIM-111)

  Beginning Implementation Selection
  ----------------------------------
Warning: Clock port 'dft_clk_i' is assigned input delay relative to clock 'wb_clk_i'. (TIM-111)
Warning: Clock port 'dft_clk_i' is assigned input delay relative to clock 'wb_clk_i'. (TIM-111)
Warning: Clock port 'dft_clk_i' is assigned input delay relative to clock 'wb_clk_i'. (TIM-111)
Warning: Clock port 'dft_clk_i' is assigned input delay relative to clock 'wb_clk_i'. (TIM-111)
Warning: Clock port 'dft_clk_i' is assigned input delay relative to clock 'wb_clk_i'. (TIM-111)
Warning: Clock port 'dft_clk_i' is assigned input delay relative to clock 'wb_clk_i'. (TIM-111)

  Beginning Mapping Optimizations  (High effort)
  -------------------------------
Warning: The nextstate or clock_on object of the test_cell definition of the library cell 'SDFFSSRX2' has scan pins. (OPT-1209)
Warning: The nextstate or clock_on object of the test_cell definition of the library cell 'SDFFSSRX1' has scan pins. (OPT-1209)

                                  TOTAL                                      
   ELAPSED            WORST NEG   SETUP    DESIGN                            
    TIME      AREA      SLACK     COST    RULE COST         ENDPOINT         
  --------- --------- --------- --------- --------- -------------------------
    0:00:02   12066.5      0.00       0.0       0.3                          
    0:00:02   12066.5      0.00       0.0       0.3                          
    0:00:02   12066.5      0.00       0.0       0.3                          
    0:00:02   12066.5      0.00       0.0       0.3                          
    0:00:02   12066.5      0.00       0.0       0.3                          
    0:00:02    9997.5      0.00       0.0       0.2                          
    0:00:02    9996.6      0.00       0.0       0.2                          
    0:00:02    9996.6      0.00       0.0       0.2                          
    0:00:02    9996.6      0.00       0.0       0.2                          
    0:00:02    9996.6      0.00       0.0       0.2                          
    0:00:02    9996.6      0.00       0.0       0.2                          
    0:00:02    9998.4      0.00       0.0       0.2                          
    0:00:02    9998.4      0.00       0.0       0.2                          
    0:00:02    9998.4      0.00       0.0       0.2                          
    0:00:02    9998.4      0.00       0.0       0.2                          



  Beginning Delay Optimization Phase
  ----------------------------------

                                  TOTAL                                      
   ELAPSED            WORST NEG   SETUP    DESIGN                            
    TIME      AREA      SLACK     COST    RULE COST         ENDPOINT         
  --------- --------- --------- --------- --------- -------------------------
    0:00:02    9998.4      0.00       0.0       0.2                          
    0:00:02    9998.4      0.00       0.0       0.2                          
    0:00:03    9954.2      0.00       0.0       0.2                          


  Beginning Design Rule Fixing  (min_capacitance)
  ----------------------------

                                  TOTAL                                      
   ELAPSED            WORST NEG   SETUP    DESIGN                            
    TIME      AREA      SLACK     COST    RULE COST         ENDPOINT         
  --------- --------- --------- --------- --------- -------------------------
    0:00:03    9954.2      0.00       0.0       0.2                          


  Beginning Critical Range Optimization
  -------------------------------------

                                  TOTAL                                      
   ELAPSED            WORST NEG   SETUP    DESIGN                            
    TIME      AREA      SLACK     COST    RULE COST         ENDPOINT         
  --------- --------- --------- --------- --------- -------------------------
    0:00:03    9954.2      0.00       0.0       0.2                          


  Beginning Area-Recovery Phase  (cleanup)
  -----------------------------

                                  TOTAL                                      
   ELAPSED            WORST NEG   SETUP    DESIGN                            
    TIME      AREA      SLACK     COST    RULE COST         ENDPOINT         
  --------- --------- --------- --------- --------- -------------------------
    0:00:03    9954.2      0.00       0.0       0.2                          
    0:00:03    9954.2      0.00       0.0       0.2                          
    0:00:03    9869.4      0.00       0.0       0.2                          
    0:00:03    9858.4      0.00       0.0       0.2                          
    0:00:03    9849.1      0.00       0.0       0.2                          
    0:00:03    9849.1      0.00       0.0       0.2                          
    0:00:03    9849.1      0.00       0.0       0.2                          
    0:00:03    9849.1      0.00       0.0       0.2                          
    0:00:03    9849.1      0.00       0.0       0.2                          
    0:00:03    9847.3      0.00       0.0       0.2                          
    0:00:03    9847.3      0.00       0.0       0.2                          
    0:00:03    9847.3      0.00       0.0       0.2                          
    0:00:03    9847.3      0.00       0.0       0.2                          
    0:00:03    9847.3      0.00       0.0       0.2                          
    0:00:03    9847.3      0.00       0.0       0.2                          


  Beginning Critical Range Optimization
  -------------------------------------

                                  TOTAL                                      
   ELAPSED            WORST NEG   SETUP    DESIGN                            
    TIME      AREA      SLACK     COST    RULE COST         ENDPOINT         
  --------- --------- --------- --------- --------- -------------------------
    0:00:03    9847.3      0.00       0.0       0.2                          
    0:00:03    9880.5      0.00       0.0       0.2                          
Loading db file '/home/ICer/Downloads/Lib/synopsys/models/saed90nm_max.db'


Note: Symbol # after min delay cost means estimated hold TNS across all active scenarios 


  Optimization Complete
  ---------------------
1
#############################################################
# Reports
#############################################################
report_scan_path                              > ../log/scan_path.rpt
report_dft_signal                             > ../log/dft_signal.rpt
dft_drc -coverage_estimate                    > ../log/dft_coverage.rpt
report_timing -delay_type max -transition_time -capacitance   > ../log/dft_timing.rpt
report_timing -max_paths 10 -delay_type max          > ../log/dft_setup.rpt
report_timing -max_paths 10 -delay_type min          > ../log/dft_hold.rpt
report_power   -hierarchy                            > ../log/dft_power.rpt
report_area                                   > ../log/dft_area.rpt
report_constraint -all_violators              > ../log/dft_violations.rpt
#############################################################
# Write Outputs
#############################################################
change_names -rules verilog -hierarchy
1
write -format verilog -hierarchy -output ../results/${design}_netlist.v
Writing verilog file '/mnt/hgfs/VM_Shared/Projects/Assignments/I2c/dft/results/i2c_master_top_netlist.v'.
1
write_sdc  ../results/${design}.sdc
1
write -format ddc -hierarchy -output ../results/${design}.ddc
Writing ddc file '../results/i2c_master_top.ddc'.
1
write_sdf  ../results/${design}.sdf
Information: Annotated 'cell' delays are assumed to include load delay. (UID-282)
Information: Writing timing information to file '/mnt/hgfs/VM_Shared/Projects/Assignments/I2c/dft/results/i2c_master_top.sdf'. (WT-3)
1
write_test_model    -output ../results/${design}.ctl
Writing test model file '/mnt/hgfs/VM_Shared/Projects/Assignments/I2c/dft/results/i2c_master_top.ctl'...
Writing ddc file '/mnt/hgfs/VM_Shared/Projects/Assignments/I2c/dft/results/i2c_master_top.ctl'.
1
write_test_protocol -output ../results/${design}.spf
Writing test protocol file '/mnt/hgfs/VM_Shared/Projects/Assignments/I2c/dft/results/i2c_master_top.spf' for mode 'Internal_scan'...
1
write_scan_def      -output ../results/${design}.def
1
set_svf -off 
1
1
1
dc_shell> xdc_shell> 
dc_shell> 
dc_shell> ex[K[Kexit 

Memory usage for main task 130 Mbytes.
Memory usage for this session 130 Mbytes.
CPU usage for this session 12 seconds ( 0.00 hours ).

Thank you...
