 
****************************************
Report : timing
        -path full
        -delay max
        -max_paths 10
Design : i2c_master_top
Version: O-2018.06-SP1
Date   : Fri Aug 21 21:25:54 2026
****************************************

Operating Conditions: WORST   Library: saed90nm_max
Wire Load Model Mode: enclosed

  Startpoint: byte_controller/bit_controller/filter_cnt_reg_6_
              (rising edge-triggered flip-flop clocked by dft_clk_i)
  Endpoint: byte_controller/bit_controller/filter_cnt_reg_5_
            (rising edge-triggered flip-flop clocked by dft_clk_i)
  Path Group: dft_clk_i
  Path Type: max

  Des/Clust/Port     Wire Load Model       Library
  ------------------------------------------------
  i2c_master_top     16000                 saed90nm_max
  i2c_master_bit_ctrl_test_1
                     8000                  saed90nm_max

  Point                                                   Incr       Path
  --------------------------------------------------------------------------
  clock dft_clk_i (rise edge)                             0.00       0.00
  clock network delay (ideal)                             0.00       0.00
  byte_controller/bit_controller/filter_cnt_reg_6_/CLK (SDFFARX1)
                                                          0.00       0.00 r
  byte_controller/bit_controller/filter_cnt_reg_6_/Q (SDFFARX1)
                                                          0.68       0.68 r
  byte_controller/bit_controller/U36/QN (NOR4X0)          1.21       1.89 f
  byte_controller/bit_controller/U151/QN (NAND4X0)        0.23       2.12 r
  byte_controller/bit_controller/U37/QN (NOR2X0)          0.42       2.54 f
  byte_controller/bit_controller/U7/Q (AND2X1)            4.68       7.22 f
  byte_controller/bit_controller/U121/Q (AO22X1)         17.14      24.37 f
  byte_controller/bit_controller/filter_cnt_reg_5_/D (SDFFARX1)
                                                          0.03      24.40 f
  data arrival time                                                 24.40

  clock dft_clk_i (rise edge)                           100.00     100.00
  clock network delay (ideal)                             0.00     100.00
  byte_controller/bit_controller/filter_cnt_reg_5_/CLK (SDFFARX1)
                                                          0.00     100.00 r
  library setup time                                     -0.65      99.35
  data required time                                                99.35
  --------------------------------------------------------------------------
  data required time                                                99.35
  data arrival time                                                -24.40
  --------------------------------------------------------------------------
  slack (MET)                                                       74.96


  Startpoint: byte_controller/bit_controller/filter_cnt_reg_6_
              (rising edge-triggered flip-flop clocked by dft_clk_i)
  Endpoint: byte_controller/bit_controller/filter_cnt_reg_3_
            (rising edge-triggered flip-flop clocked by dft_clk_i)
  Path Group: dft_clk_i
  Path Type: max

  Des/Clust/Port     Wire Load Model       Library
  ------------------------------------------------
  i2c_master_top     16000                 saed90nm_max
  i2c_master_bit_ctrl_test_1
                     8000                  saed90nm_max

  Point                                                   Incr       Path
  --------------------------------------------------------------------------
  clock dft_clk_i (rise edge)                             0.00       0.00
  clock network delay (ideal)                             0.00       0.00
  byte_controller/bit_controller/filter_cnt_reg_6_/CLK (SDFFARX1)
                                                          0.00       0.00 r
  byte_controller/bit_controller/filter_cnt_reg_6_/Q (SDFFARX1)
                                                          0.68       0.68 r
  byte_controller/bit_controller/U36/QN (NOR4X0)          1.21       1.89 f
  byte_controller/bit_controller/U151/QN (NAND4X0)        0.23       2.12 r
  byte_controller/bit_controller/U37/QN (NOR2X0)          0.42       2.54 f
  byte_controller/bit_controller/U7/Q (AND2X1)            4.68       7.22 f
  byte_controller/bit_controller/U123/Q (AO22X1)         17.14      24.37 f
  byte_controller/bit_controller/filter_cnt_reg_3_/D (SDFFARX1)
                                                          0.03      24.40 f
  data arrival time                                                 24.40

  clock dft_clk_i (rise edge)                           100.00     100.00
  clock network delay (ideal)                             0.00     100.00
  byte_controller/bit_controller/filter_cnt_reg_3_/CLK (SDFFARX1)
                                                          0.00     100.00 r
  library setup time                                     -0.65      99.35
  data required time                                                99.35
  --------------------------------------------------------------------------
  data required time                                                99.35
  data arrival time                                                -24.40
  --------------------------------------------------------------------------
  slack (MET)                                                       74.96


  Startpoint: byte_controller/bit_controller/filter_cnt_reg_6_
              (rising edge-triggered flip-flop clocked by dft_clk_i)
  Endpoint: byte_controller/bit_controller/filter_cnt_reg_1_
            (rising edge-triggered flip-flop clocked by dft_clk_i)
  Path Group: dft_clk_i
  Path Type: max

  Des/Clust/Port     Wire Load Model       Library
  ------------------------------------------------
  i2c_master_top     16000                 saed90nm_max
  i2c_master_bit_ctrl_test_1
                     8000                  saed90nm_max

  Point                                                   Incr       Path
  --------------------------------------------------------------------------
  clock dft_clk_i (rise edge)                             0.00       0.00
  clock network delay (ideal)                             0.00       0.00
  byte_controller/bit_controller/filter_cnt_reg_6_/CLK (SDFFARX1)
                                                          0.00       0.00 r
  byte_controller/bit_controller/filter_cnt_reg_6_/Q (SDFFARX1)
                                                          0.68       0.68 r
  byte_controller/bit_controller/U36/QN (NOR4X0)          1.21       1.89 f
  byte_controller/bit_controller/U151/QN (NAND4X0)        0.23       2.12 r
  byte_controller/bit_controller/U37/QN (NOR2X0)          0.42       2.54 f
  byte_controller/bit_controller/U7/Q (AND2X1)            4.68       7.22 f
  byte_controller/bit_controller/U125/Q (AO22X1)         17.14      24.37 f
  byte_controller/bit_controller/filter_cnt_reg_1_/D (SDFFARX1)
                                                          0.03      24.40 f
  data arrival time                                                 24.40

  clock dft_clk_i (rise edge)                           100.00     100.00
  clock network delay (ideal)                             0.00     100.00
  byte_controller/bit_controller/filter_cnt_reg_1_/CLK (SDFFARX1)
                                                          0.00     100.00 r
  library setup time                                     -0.65      99.35
  data required time                                                99.35
  --------------------------------------------------------------------------
  data required time                                                99.35
  data arrival time                                                -24.40
  --------------------------------------------------------------------------
  slack (MET)                                                       74.96


  Startpoint: byte_controller/bit_controller/filter_cnt_reg_6_
              (rising edge-triggered flip-flop clocked by dft_clk_i)
  Endpoint: byte_controller/bit_controller/filter_cnt_reg_2_
            (rising edge-triggered flip-flop clocked by dft_clk_i)
  Path Group: dft_clk_i
  Path Type: max

  Des/Clust/Port     Wire Load Model       Library
  ------------------------------------------------
  i2c_master_top     16000                 saed90nm_max
  i2c_master_bit_ctrl_test_1
                     8000                  saed90nm_max

  Point                                                   Incr       Path
  --------------------------------------------------------------------------
  clock dft_clk_i (rise edge)                             0.00       0.00
  clock network delay (ideal)                             0.00       0.00
  byte_controller/bit_controller/filter_cnt_reg_6_/CLK (SDFFARX1)
                                                          0.00       0.00 r
  byte_controller/bit_controller/filter_cnt_reg_6_/Q (SDFFARX1)
                                                          0.68       0.68 r
  byte_controller/bit_controller/U36/QN (NOR4X0)          1.21       1.89 f
  byte_controller/bit_controller/U151/QN (NAND4X0)        0.23       2.12 r
  byte_controller/bit_controller/U37/QN (NOR2X0)          0.42       2.54 f
  byte_controller/bit_controller/U7/Q (AND2X1)            4.68       7.22 f
  byte_controller/bit_controller/U124/Q (AO22X1)         17.14      24.37 f
  byte_controller/bit_controller/filter_cnt_reg_2_/D (SDFFARX1)
                                                          0.03      24.40 f
  data arrival time                                                 24.40

  clock dft_clk_i (rise edge)                           100.00     100.00
  clock network delay (ideal)                             0.00     100.00
  byte_controller/bit_controller/filter_cnt_reg_2_/CLK (SDFFARX1)
                                                          0.00     100.00 r
  library setup time                                     -0.65      99.35
  data required time                                                99.35
  --------------------------------------------------------------------------
  data required time                                                99.35
  data arrival time                                                -24.40
  --------------------------------------------------------------------------
  slack (MET)                                                       74.96


  Startpoint: byte_controller/bit_controller/filter_cnt_reg_6_
              (rising edge-triggered flip-flop clocked by dft_clk_i)
  Endpoint: byte_controller/bit_controller/filter_cnt_reg_12_
            (rising edge-triggered flip-flop clocked by dft_clk_i)
  Path Group: dft_clk_i
  Path Type: max

  Des/Clust/Port     Wire Load Model       Library
  ------------------------------------------------
  i2c_master_top     16000                 saed90nm_max
  i2c_master_bit_ctrl_test_1
                     8000                  saed90nm_max

  Point                                                   Incr       Path
  --------------------------------------------------------------------------
  clock dft_clk_i (rise edge)                             0.00       0.00
  clock network delay (ideal)                             0.00       0.00
  byte_controller/bit_controller/filter_cnt_reg_6_/CLK (SDFFARX1)
                                                          0.00       0.00 r
  byte_controller/bit_controller/filter_cnt_reg_6_/Q (SDFFARX1)
                                                          0.68       0.68 r
  byte_controller/bit_controller/U36/QN (NOR4X0)          1.21       1.89 f
  byte_controller/bit_controller/U151/QN (NAND4X0)        0.23       2.12 r
  byte_controller/bit_controller/U37/QN (NOR2X0)          0.42       2.54 f
  byte_controller/bit_controller/U7/Q (AND2X1)            4.68       7.22 f
  byte_controller/bit_controller/U143/Q (AO22X1)         17.14      24.37 f
  byte_controller/bit_controller/filter_cnt_reg_12_/D (SDFFARX1)
                                                          0.03      24.40 f
  data arrival time                                                 24.40

  clock dft_clk_i (rise edge)                           100.00     100.00
  clock network delay (ideal)                             0.00     100.00
  byte_controller/bit_controller/filter_cnt_reg_12_/CLK (SDFFARX1)
                                                          0.00     100.00 r
  library setup time                                     -0.65      99.35
  data required time                                                99.35
  --------------------------------------------------------------------------
  data required time                                                99.35
  data arrival time                                                -24.40
  --------------------------------------------------------------------------
  slack (MET)                                                       74.96


  Startpoint: byte_controller/bit_controller/filter_cnt_reg_6_
              (rising edge-triggered flip-flop clocked by dft_clk_i)
  Endpoint: byte_controller/bit_controller/filter_cnt_reg_0_
            (rising edge-triggered flip-flop clocked by dft_clk_i)
  Path Group: dft_clk_i
  Path Type: max

  Des/Clust/Port     Wire Load Model       Library
  ------------------------------------------------
  i2c_master_top     16000                 saed90nm_max
  i2c_master_bit_ctrl_test_1
                     8000                  saed90nm_max

  Point                                                   Incr       Path
  --------------------------------------------------------------------------
  clock dft_clk_i (rise edge)                             0.00       0.00
  clock network delay (ideal)                             0.00       0.00
  byte_controller/bit_controller/filter_cnt_reg_6_/CLK (SDFFARX1)
                                                          0.00       0.00 r
  byte_controller/bit_controller/filter_cnt_reg_6_/Q (SDFFARX1)
                                                          0.68       0.68 r
  byte_controller/bit_controller/U36/QN (NOR4X0)          1.21       1.89 f
  byte_controller/bit_controller/U151/QN (NAND4X0)        0.23       2.12 r
  byte_controller/bit_controller/U37/QN (NOR2X0)          0.42       2.54 f
  byte_controller/bit_controller/U7/Q (AND2X1)            4.68       7.22 f
  byte_controller/bit_controller/U126/Q (AO22X1)         17.14      24.37 f
  byte_controller/bit_controller/filter_cnt_reg_0_/D (SDFFARX1)
                                                          0.03      24.40 f
  data arrival time                                                 24.40

  clock dft_clk_i (rise edge)                           100.00     100.00
  clock network delay (ideal)                             0.00     100.00
  byte_controller/bit_controller/filter_cnt_reg_0_/CLK (SDFFARX1)
                                                          0.00     100.00 r
  library setup time                                     -0.65      99.35
  data required time                                                99.35
  --------------------------------------------------------------------------
  data required time                                                99.35
  data arrival time                                                -24.40
  --------------------------------------------------------------------------
  slack (MET)                                                       74.96


  Startpoint: byte_controller/bit_controller/filter_cnt_reg_6_
              (rising edge-triggered flip-flop clocked by dft_clk_i)
  Endpoint: byte_controller/bit_controller/filter_cnt_reg_4_
            (rising edge-triggered flip-flop clocked by dft_clk_i)
  Path Group: dft_clk_i
  Path Type: max

  Des/Clust/Port     Wire Load Model       Library
  ------------------------------------------------
  i2c_master_top     16000                 saed90nm_max
  i2c_master_bit_ctrl_test_1
                     8000                  saed90nm_max

  Point                                                   Incr       Path
  --------------------------------------------------------------------------
  clock dft_clk_i (rise edge)                             0.00       0.00
  clock network delay (ideal)                             0.00       0.00
  byte_controller/bit_controller/filter_cnt_reg_6_/CLK (SDFFARX1)
                                                          0.00       0.00 r
  byte_controller/bit_controller/filter_cnt_reg_6_/Q (SDFFARX1)
                                                          0.68       0.68 r
  byte_controller/bit_controller/U36/QN (NOR4X0)          1.21       1.89 f
  byte_controller/bit_controller/U151/QN (NAND4X0)        0.23       2.12 r
  byte_controller/bit_controller/U37/QN (NOR2X0)          0.42       2.54 f
  byte_controller/bit_controller/U7/Q (AND2X1)            4.68       7.22 f
  byte_controller/bit_controller/U122/Q (AO22X1)         17.14      24.37 f
  byte_controller/bit_controller/filter_cnt_reg_4_/D (SDFFARX1)
                                                          0.03      24.40 f
  data arrival time                                                 24.40

  clock dft_clk_i (rise edge)                           100.00     100.00
  clock network delay (ideal)                             0.00     100.00
  byte_controller/bit_controller/filter_cnt_reg_4_/CLK (SDFFARX1)
                                                          0.00     100.00 r
  library setup time                                     -0.65      99.35
  data required time                                                99.35
  --------------------------------------------------------------------------
  data required time                                                99.35
  data arrival time                                                -24.40
  --------------------------------------------------------------------------
  slack (MET)                                                       74.96


  Startpoint: byte_controller/bit_controller/filter_cnt_reg_6_
              (rising edge-triggered flip-flop clocked by dft_clk_i)
  Endpoint: byte_controller/bit_controller/filter_cnt_reg_8_
            (rising edge-triggered flip-flop clocked by dft_clk_i)
  Path Group: dft_clk_i
  Path Type: max

  Des/Clust/Port     Wire Load Model       Library
  ------------------------------------------------
  i2c_master_top     16000                 saed90nm_max
  i2c_master_bit_ctrl_test_1
                     8000                  saed90nm_max

  Point                                                   Incr       Path
  --------------------------------------------------------------------------
  clock dft_clk_i (rise edge)                             0.00       0.00
  clock network delay (ideal)                             0.00       0.00
  byte_controller/bit_controller/filter_cnt_reg_6_/CLK (SDFFARX1)
                                                          0.00       0.00 r
  byte_controller/bit_controller/filter_cnt_reg_6_/Q (SDFFARX1)
                                                          0.68       0.68 r
  byte_controller/bit_controller/U36/QN (NOR4X0)          1.21       1.89 f
  byte_controller/bit_controller/U151/QN (NAND4X0)        0.23       2.12 r
  byte_controller/bit_controller/U37/QN (NOR2X0)          0.42       2.54 f
  byte_controller/bit_controller/U7/Q (AND2X1)            4.68       7.22 f
  byte_controller/bit_controller/U147/Q (AO22X1)         17.14      24.37 f
  byte_controller/bit_controller/filter_cnt_reg_8_/D (SDFFARX1)
                                                          0.03      24.40 f
  data arrival time                                                 24.40

  clock dft_clk_i (rise edge)                           100.00     100.00
  clock network delay (ideal)                             0.00     100.00
  byte_controller/bit_controller/filter_cnt_reg_8_/CLK (SDFFARX1)
                                                          0.00     100.00 r
  library setup time                                     -0.65      99.35
  data required time                                                99.35
  --------------------------------------------------------------------------
  data required time                                                99.35
  data arrival time                                                -24.40
  --------------------------------------------------------------------------
  slack (MET)                                                       74.96


  Startpoint: byte_controller/bit_controller/filter_cnt_reg_6_
              (rising edge-triggered flip-flop clocked by dft_clk_i)
  Endpoint: byte_controller/bit_controller/filter_cnt_reg_9_
            (rising edge-triggered flip-flop clocked by dft_clk_i)
  Path Group: dft_clk_i
  Path Type: max

  Des/Clust/Port     Wire Load Model       Library
  ------------------------------------------------
  i2c_master_top     16000                 saed90nm_max
  i2c_master_bit_ctrl_test_1
                     8000                  saed90nm_max

  Point                                                   Incr       Path
  --------------------------------------------------------------------------
  clock dft_clk_i (rise edge)                             0.00       0.00
  clock network delay (ideal)                             0.00       0.00
  byte_controller/bit_controller/filter_cnt_reg_6_/CLK (SDFFARX1)
                                                          0.00       0.00 r
  byte_controller/bit_controller/filter_cnt_reg_6_/Q (SDFFARX1)
                                                          0.68       0.68 r
  byte_controller/bit_controller/U36/QN (NOR4X0)          1.21       1.89 f
  byte_controller/bit_controller/U151/QN (NAND4X0)        0.23       2.12 r
  byte_controller/bit_controller/U37/QN (NOR2X0)          0.42       2.54 f
  byte_controller/bit_controller/U7/Q (AND2X1)            4.68       7.22 f
  byte_controller/bit_controller/U146/Q (AO22X1)         17.14      24.37 f
  byte_controller/bit_controller/filter_cnt_reg_9_/D (SDFFARX1)
                                                          0.03      24.40 f
  data arrival time                                                 24.40

  clock dft_clk_i (rise edge)                           100.00     100.00
  clock network delay (ideal)                             0.00     100.00
  byte_controller/bit_controller/filter_cnt_reg_9_/CLK (SDFFARX1)
                                                          0.00     100.00 r
  library setup time                                     -0.65      99.35
  data required time                                                99.35
  --------------------------------------------------------------------------
  data required time                                                99.35
  data arrival time                                                -24.40
  --------------------------------------------------------------------------
  slack (MET)                                                       74.96


  Startpoint: byte_controller/bit_controller/filter_cnt_reg_6_
              (rising edge-triggered flip-flop clocked by dft_clk_i)
  Endpoint: byte_controller/bit_controller/filter_cnt_reg_10_
            (rising edge-triggered flip-flop clocked by dft_clk_i)
  Path Group: dft_clk_i
  Path Type: max

  Des/Clust/Port     Wire Load Model       Library
  ------------------------------------------------
  i2c_master_top     16000                 saed90nm_max
  i2c_master_bit_ctrl_test_1
                     8000                  saed90nm_max

  Point                                                   Incr       Path
  --------------------------------------------------------------------------
  clock dft_clk_i (rise edge)                             0.00       0.00
  clock network delay (ideal)                             0.00       0.00
  byte_controller/bit_controller/filter_cnt_reg_6_/CLK (SDFFARX1)
                                                          0.00       0.00 r
  byte_controller/bit_controller/filter_cnt_reg_6_/Q (SDFFARX1)
                                                          0.68       0.68 r
  byte_controller/bit_controller/U36/QN (NOR4X0)          1.21       1.89 f
  byte_controller/bit_controller/U151/QN (NAND4X0)        0.23       2.12 r
  byte_controller/bit_controller/U37/QN (NOR2X0)          0.42       2.54 f
  byte_controller/bit_controller/U7/Q (AND2X1)            4.68       7.22 f
  byte_controller/bit_controller/U145/Q (AO22X1)         17.14      24.37 f
  byte_controller/bit_controller/filter_cnt_reg_10_/D (SDFFARX1)
                                                          0.03      24.40 f
  data arrival time                                                 24.40

  clock dft_clk_i (rise edge)                           100.00     100.00
  clock network delay (ideal)                             0.00     100.00
  byte_controller/bit_controller/filter_cnt_reg_10_/CLK (SDFFARX1)
                                                          0.00     100.00 r
  library setup time                                     -0.65      99.35
  data required time                                                99.35
  --------------------------------------------------------------------------
  data required time                                                99.35
  data arrival time                                                -24.40
  --------------------------------------------------------------------------
  slack (MET)                                                       74.96


1
