In mode: Internal_scan...
  Design has scan chains in this mode
  Design is scan routed
  Post-DFT DRC enabled

Information: Starting test design rule checking. (TEST-222)
  Loading test protocol
  ...basic checks...
  ...basic sequential cell checks...
  ...checking vector rules...
  ...checking clock rules...
  ...checking scan chain rules...
  ...checking scan compression rules...
  ...checking X-state rules...
  ...checking tristate rules...
  ...extracting scan details...

-----------------------------------------------------------------
  DRC Report

  Total violations: 0

-----------------------------------------------------------------


Test Design rule checking did not find violations

-----------------------------------------------------------------
  Sequential Cell Report

  0 out of 153 sequential cells have violations

-----------------------------------------------------------------

SEQUENTIAL CELLS WITHOUT VIOLATIONS
      * 153 cells are valid scan cells

Information: Test design rule checking completed. (TEST-123)
  Running test coverage estimation...
 5882 faults were added to fault list.
 0            3831    798         0/0/0    86.22%      0.00
 0             395    403         0/0/0    92.95%      0.00
 0             199    203         1/0/0    96.35%      0.02
 0             112     90         2/0/0    98.28%      0.02
 0              72     18         2/0/0    99.51%      0.02
 0              18      0         2/0/0    99.81%      0.02
 
            Pattern Summary Report
 -----------------------------------------------
 #internal patterns                           0
 -----------------------------------------------
 

     Uncollapsed Stuck Fault Summary Report
 -----------------------------------------------
 fault class                     code   #faults
 ------------------------------  ----  ---------
 Detected                         DT       5857
 Possibly detected                PT          0
 Undetectable                     UD         14
 ATPG untestable                  AU         11
 Not detected                     ND          0
 -----------------------------------------------
 total faults                              5882
 test coverage                            99.81%
 -----------------------------------------------
  Information: The test coverage above may be inferior
               than the real test coverage with customized
               protocol and test simulation library.
1
