 
****************************************
Report : Scan path
Design : i2c_master_top
Version: O-2018.06-SP1
Date   : Fri Aug 21 21:25:52 2026
****************************************

========================================
TEST MODE: Internal_scan
VIEW     : Specification
========================================
No scan path defined in this mode.

 
****************************************
Report : Scan path
Design : i2c_master_top
Version: O-2018.06-SP1
Date   : Fri Aug 21 21:25:52 2026
****************************************

========================================
TEST MODE: Internal_scan
VIEW     : Existing DFT
========================================

========================================
AS SPECIFIED BY USER
========================================


========================================
AS BUILT BY insert_dft
========================================

Scan_path    Len   ScanDataIn  ScanDataOut ScanEnable  MasterClock SlaveClock
-----------  ----- ----------- ----------- ----------- ----------- -----------
I 1          153   Scan_Data_In Scan_Data_Out Scan_En  dft_clk_i   -

========================================
TEST MODE: Internal_scan
VIEW     : Existing DFT
========================================

========================================
AS SPECIFIED BY USER
========================================


========================================
AS BUILT BY insert_dft
========================================

Scan_path     Cell_#    Instance_name            Clocks
---------     ------    -------------            ------
I 1           0         al_reg                   dft_clk_i 
              1         byte_controller/ack_out_reg
              2         byte_controller/bit_controller/al_reg
              3         byte_controller/bit_controller/busy_reg
              4         byte_controller/bit_controller/cSCL_reg_0_
              5         byte_controller/bit_controller/cSCL_reg_1_
              6         byte_controller/bit_controller/cSDA_reg_0_
              7         byte_controller/bit_controller/cSDA_reg_1_
              8         byte_controller/bit_controller/c_state_reg_0_
              9         byte_controller/bit_controller/c_state_reg_1_
              10        byte_controller/bit_controller/c_state_reg_2_
              11        byte_controller/bit_controller/c_state_reg_3_
              12        byte_controller/bit_controller/c_state_reg_4_
              13        byte_controller/bit_controller/c_state_reg_5_
              14        byte_controller/bit_controller/c_state_reg_6_
              15        byte_controller/bit_controller/c_state_reg_7_
              16        byte_controller/bit_controller/c_state_reg_8_
              17        byte_controller/bit_controller/c_state_reg_9_
              18        byte_controller/bit_controller/c_state_reg_10_
              19        byte_controller/bit_controller/c_state_reg_11_
              20        byte_controller/bit_controller/c_state_reg_12_
              21        byte_controller/bit_controller/c_state_reg_13_
              22        byte_controller/bit_controller/c_state_reg_14_
              23        byte_controller/bit_controller/c_state_reg_15_
              24        byte_controller/bit_controller/c_state_reg_16_
              25        byte_controller/bit_controller/clk_en_reg
              26        byte_controller/bit_controller/cmd_ack_reg
              27        byte_controller/bit_controller/cmd_stop_reg
              28        byte_controller/bit_controller/cnt_reg_0_
              29        byte_controller/bit_controller/cnt_reg_1_
              30        byte_controller/bit_controller/cnt_reg_2_
              31        byte_controller/bit_controller/cnt_reg_3_
              32        byte_controller/bit_controller/cnt_reg_4_
              33        byte_controller/bit_controller/cnt_reg_5_
              34        byte_controller/bit_controller/cnt_reg_6_
              35        byte_controller/bit_controller/cnt_reg_7_
              36        byte_controller/bit_controller/cnt_reg_8_
              37        byte_controller/bit_controller/cnt_reg_9_
              38        byte_controller/bit_controller/cnt_reg_10_
              39        byte_controller/bit_controller/cnt_reg_11_
              40        byte_controller/bit_controller/cnt_reg_12_
              41        byte_controller/bit_controller/cnt_reg_13_
              42        byte_controller/bit_controller/cnt_reg_14_
              43        byte_controller/bit_controller/cnt_reg_15_
              44        byte_controller/bit_controller/dSCL_reg
              45        byte_controller/bit_controller/dSDA_reg
              46        byte_controller/bit_controller/dout_reg
              47        byte_controller/bit_controller/dscl_oen_reg
              48        byte_controller/bit_controller/fSCL_reg_0_
              49        byte_controller/bit_controller/fSCL_reg_1_
              50        byte_controller/bit_controller/fSCL_reg_2_
              51        byte_controller/bit_controller/fSDA_reg_0_
              52        byte_controller/bit_controller/fSDA_reg_1_
              53        byte_controller/bit_controller/fSDA_reg_2_
              54        byte_controller/bit_controller/filter_cnt_reg_0_
              55        byte_controller/bit_controller/filter_cnt_reg_1_
              56        byte_controller/bit_controller/filter_cnt_reg_2_
              57        byte_controller/bit_controller/filter_cnt_reg_3_
              58        byte_controller/bit_controller/filter_cnt_reg_4_
              59        byte_controller/bit_controller/filter_cnt_reg_5_
              60        byte_controller/bit_controller/filter_cnt_reg_6_
              61        byte_controller/bit_controller/filter_cnt_reg_7_
              62        byte_controller/bit_controller/filter_cnt_reg_8_
              63        byte_controller/bit_controller/filter_cnt_reg_9_
              64        byte_controller/bit_controller/filter_cnt_reg_10_
              65        byte_controller/bit_controller/filter_cnt_reg_11_
              66        byte_controller/bit_controller/filter_cnt_reg_12_
              67        byte_controller/bit_controller/filter_cnt_reg_13_
              68        byte_controller/bit_controller/sSCL_reg
              69        byte_controller/bit_controller/sSDA_reg
              70        byte_controller/bit_controller/scl_oen_reg
              71        byte_controller/bit_controller/sda_chk_reg
              72        byte_controller/bit_controller/sda_oen_reg
              73        byte_controller/bit_controller/slave_wait_reg
              74        byte_controller/bit_controller/sta_condition_reg
              75        byte_controller/bit_controller/sto_condition_reg
              76        byte_controller/c_state_reg_0_
              77        byte_controller/c_state_reg_1_
              78        byte_controller/c_state_reg_2_
              79        byte_controller/c_state_reg_3_
              80        byte_controller/c_state_reg_4_
              81        byte_controller/cmd_ack_reg
              82        byte_controller/core_cmd_reg_0_
              83        byte_controller/core_cmd_reg_1_
              84        byte_controller/core_cmd_reg_2_
              85        byte_controller/core_cmd_reg_3_
              86        byte_controller/core_txd_reg
              87        byte_controller/dcnt_reg_0_
              88        byte_controller/dcnt_reg_1_
              89        byte_controller/dcnt_reg_2_
              90        byte_controller/ld_reg
              91        byte_controller/shift_reg
              92        byte_controller/sr_reg_0_
              93        byte_controller/sr_reg_1_
              94        byte_controller/sr_reg_2_
              95        byte_controller/sr_reg_3_
              96        byte_controller/sr_reg_4_
              97        byte_controller/sr_reg_5_
              98        byte_controller/sr_reg_6_
              99        byte_controller/sr_reg_7_
              100       cr_reg_0_
              101       cr_reg_1_
              102       cr_reg_2_
              103       cr_reg_3_
              104       cr_reg_4_
              105       cr_reg_5_
              106       cr_reg_6_
              107       cr_reg_7_
              108       ctr_reg_0_
              109       ctr_reg_1_
              110       ctr_reg_2_
              111       ctr_reg_3_
              112       ctr_reg_4_
              113       ctr_reg_5_
              114       ctr_reg_6_
              115       ctr_reg_7_
              116       irq_flag_reg
              117       prer_reg_0_
              118       prer_reg_1_
              119       prer_reg_2_
              120       prer_reg_3_
              121       prer_reg_4_
              122       prer_reg_5_
              123       prer_reg_6_
              124       prer_reg_7_
              125       prer_reg_8_
              126       prer_reg_9_
              127       prer_reg_10_
              128       prer_reg_11_
              129       prer_reg_12_
              130       prer_reg_13_
              131       prer_reg_14_
              132       prer_reg_15_
              133       rxack_reg
              134       tip_reg
              135       txr_reg_0_
              136       txr_reg_1_
              137       txr_reg_2_
              138       txr_reg_3_
              139       txr_reg_4_
              140       txr_reg_5_
              141       txr_reg_6_
              142       txr_reg_7_
              143       wb_ack_o_reg
              144       wb_dat_o_reg_0_
              145       wb_dat_o_reg_1_
              146       wb_dat_o_reg_2_
              147       wb_dat_o_reg_3_
              148       wb_dat_o_reg_4_
              149       wb_dat_o_reg_5_
              150       wb_dat_o_reg_6_
              151       wb_dat_o_reg_7_
              152       wb_inta_o_reg

1
