****************************************
Report : Data Mismatches
Version: O-2018.06-SP1
Date   : Thu Sep 17 23:36:10 2026
****************************************
No mismatches exist on the design.
1
1
NEX: 13036 nets
NEX: 99.99%(13035/13036) nets are valid placed

Histogram of "num of nodes per net"
  value: 	percent%
     0: 	0.0% 
     2: 	46.1% (peak)
     3: 	28.5% 
     4: 	2.6% 
     5: 	16.0% (average = 5) 
    10: 	6.8% 
    10000: 	0.0% 


Histogram of "net bbox size(um)"
  value: 	percent%
   0.00: 	0.0% 
   2.00: 	0.7% 
   3.00: 	2.1% 
   4.00: 	2.9% 
   5.00: 	21.3% (peak)
   10.00: 	26.2% 
   20.00: 	19.4% (average = 34.8) 
   40.00: 	20.2% 
   100.00: 	5.7% 
   200.00: 	1.3% 
   400.00: 	0.1% 


Histogram of "net bbox aspect()"
  value: 	percent%
   0.00: 	0.0% 
   1.00: 	8.6% (peak)
   1.10: 	7.3% 
   1.20: 	7.1% 
   1.30: 	6.2% 
   1.40: 	5.6% 
   1.50: 	4.6% 
   1.60: 	3.9% 
   1.70: 	3.9% 
   1.80: 	3.2% 
   1.90: 	3.5% 
   2.00: 	11.0% 
   2.50: 	7.4% 
   3.00: 	8.6% (average = 3.6) 
   4.00: 	5.1% 
   5.00: 	8.4% 
   10.00: 	3.5% 
   20.00: 	0.9% 
   30.00: 	0.5% 
   40.00: 	0.3% 
   50.00: 	0.3% 
   100.00: 	0.1% 

NEX: 12851 insts

Histogram of "inst bbox size(um)"
  value: 	percent%
   3.00: 	35.7% (peak)
   4.00: 	33.9% (average = 5.0) 
   5.00: 	30.2% 
   10.00: 	0.2% 

NEX: 8 NDR rules: 
  [0] clk_network_NDR_root
  [1] clk_network_NDR_internal
  [2] default_rule_equivalent_ndr_double_spacing
  [3] clk_network_NDR_root_ext_spacing
  [4] clk_network_NDR_internal_ext_spacing
  [5] LOPT_M7_M8
  [6] LOPT_M3_M8
  [7] ICC2_GENERATED_DEFAULT_SPACING_RULE
************************************************************
Timer Settings:
Delay Calculation Style:                   auto
Signal Integrity Analysis:                 enabled
Timing Window Analysis:                    enabled
Advanced Waveform Propagation:             disabled
Variation Type:                            fixed_derate
Clock Reconvergence Pessimism Removal:     enabled
Advanced Receiver Model:                   disabled
************************************************************
1
Warning: Cell contains tie connections which are not connected to real PG. (ZRT-511)
Warning: Ignore contact DIFFCON. (ZRT-015)
Turn off antenna since no rule is specified
Cell Min-Routing-Layer = M3
Cell Max-Routing-Layer = M8
Warning: Ignore 2 top cell ports with no pins. (ZRT-027)
Info: number of net_type_blockage: 0 
Via on layer (VIA1) needs more than one tracks
Warning: Layer M1 pitch 0.320 may be too small: wire/via-down 0.315, wire/via-up 0.330. (ZRT-026)
Via on layer (VIA1) needs more than one tracks
Warning: Layer M2 pitch 0.320 may be too small: wire/via-down 0.360, wire/via-up 0.320. (ZRT-026)
soft rule ICC2_GENERATED_DEFAULT_SPACING_RULE_3_8_wire is redundant
soft rule LOPT_M3_M8_3_8_wire is redundant
soft rule LOPT_M7_M8_3_8_wire is redundant
Printing options for 'route.common.*'

Printing options for 'route.detail.*'
detail.antenna                                          :	 true                
detail.force_end_on_preferred_grid                      :	 true                

Printing options for 'route.auto_via_ladder.*'


============================================
==  Check for overlap of standard cells   ==
============================================

>>>>>> No overlap of standard cells found

============================================
==     Check for min-grid violations      ==
============================================

>>>>>> No min-grid violations found


============================================
==    Check for out-of-boundary ports     ==
============================================

>>>>>> No out-of-boundary error found

============================================
==        Check for blocked ports         ==
============================================

>>>>>> No blocked ports found

>>>>>> No blocked nets found

============================================
==     Check for shielding violations     ==
============================================

>>>>>> The following Non-PG net has a shape with shape_use shield_route

>>> No non-PG net has a shape with shape_use shield_route.

>>>>>> The following PG net has shape with shape_use detail_route and shape length is too long.

>>> No PG net has shape with shape_use detail_route and shape length is too long.

>>>>>> The following nets with shield non-default rule has no internal data representation in Zroute.

>>> No nets with shield non-default rule has no internal data representation in Zroute.

============================================
==     Check for via cut blockage violation   ==
============================================

>>>>>> The following via cut blockages are wrongly treated as real vias.

>>> No via cut blockage is wrongly treated as real via.

============================================
==     Check for custom via definition    ==
============================================

>>> No custom via definition has too many cuts

============================================
==          Check for via master          ==
============================================

>>> The total number of via master definition is 83

===============================================
==     Check non-default rule setting        ==
===============================================

>>> No NDR width is larger than signalRouteMaxWidth

>>> No NDR shield width is larger than signalRouteMaxWidth

End of check_routability
1
