#@ # 
#@ # Running icc2_shell Version O-2018.06-SP1 for linux64 -- Jul 17, 2018
#@ # Date:   Thu Sep 17 23:35:13 2026
#@ # Run by: ICer@IC_EDA
#@ 

set design         "zigbee_phy_tx"
set prev_stage     "cts"
set current_stage  "routing"
open_lib ../../2_design_lib/results/${design}.dlib
open_block ${design}_${prev_stage}
# Create a new working copy for floorplan work
copy_block -from_block ${design}_${prev_stage} -to_block ${design}_${current_stage}.design
current_block ${design}_${current_stage}.design
start_gui
gui_set_pref_value -category {SelectByNamePalette} -key {ObjectType} -value {Logical Cells}
link_block
win_set_filter -visible -class cell -filter {hard_macro_margin hard_margin route_blockage_margin soft_margin}
win_set_filter -visible -class placement_blockage -filter {wiring} -layer {0-77}
win_set_filter -expand_cell_types {soft_macro  }
win_set_select_class -visible {cell port bound routing_blockage shaping_blockage pg_region pin_blockage block_shielding topology_node topology_edge core_area die_area edit_group shape via terminal fill_cell placement_blockage }
win_set_filter -class cell -filter {cell_array hard_macro_margin hard_margin route_blockage_margin soft_margin}
win_set_filter -class placement_blockage -filter {wiring} -layer {0-77}
win_set_select_class {cell port bound routing_blockage shaping_blockage pg_region pin_blockage topology_node topology_edge edit_group shape via placement_blockage }
# Files handling
sh rm    -r ../results/reports
sh rm    -r ../results/outputs
sh mkdir -p ../results/reports
sh mkdir -p ../results/outputs
# ###################################### #
# ============= Tool Setup ============= #
# ###################################### #
set_host_option -max_cores 12
check_routability
check_design -checks pre_route_stage
suppress_message -force CMD-013
suppress_message -force CMD-013; report_design_mismatch -check_design >> /mnt/hgfs/zigbee_phy_tx/pnr/7_routing/run/check_design2026Sep17233610.log
suppress_message -force CMD-013; check_scan_chain >> /mnt/hgfs/zigbee_phy_tx/pnr/7_routing/run/check_design2026Sep17233610.log
suppress_message -force CMD-013; check_mv_design >> /mnt/hgfs/zigbee_phy_tx/pnr/7_routing/run/check_design2026Sep17233610.log
suppress_message -force CMD-013; design_extraction_check >> /mnt/hgfs/zigbee_phy_tx/pnr/7_routing/run/check_design2026Sep17233610.log
suppress_message -force CMD-013; check_timing >> /mnt/hgfs/zigbee_phy_tx/pnr/7_routing/run/check_design2026Sep17233610.log
suppress_message -force CMD-013; check_routability >> /mnt/hgfs/zigbee_phy_tx/pnr/7_routing/run/check_design2026Sep17233610.log
suppress_message -force CMD-013; check_hier_design -stage pre_route >> /mnt/hgfs/zigbee_phy_tx/pnr/7_routing/run/check_design2026Sep17233610.log
unsuppress_message CMD-013
set_ignored_layers -max M9 -min M2
# --- Improve DRC convergence
set_app_options -name route.detail.eco_max_number_of_iterations  -value 20
set_app_options -name opt.common.user_instance_name_prefix              -value "ROUTE_"
report_qor -summary
report_constraint -all_violators -max
report_constraint -all_violators
route_opt
sizeof_collection [get_cells "ROUTE_*"]
check_routes
check_lvs
check_lvs -max_errors
check_lvs -max_errors 0
# # Hierarchical (top level module + sub modules)
connect_pg_net -net VDD [get_pins -hierarchical */VDD]
connect_pg_net -net VSS [get_pins -hierarchical */VSS]
check_routes
check_lvs -max_errors 0
check_pg_drc
check_pg_connectivity
check_legality
sizeof_collection [get_cells -hierarchical "ROUTE_*"]
sizeof_collection [get_cells "CTS_*"]
sizeof_collection [get_cells "PLACE_*"]
sizeof_collection [get_cells -hierarchical "PLACE_*"]
sizeof_collection [get_cells "OPT_*"]
sizeof_collection [get_cells -hierarchical "OPT_*"]
report_qor -summary
set_app_options -name place.legalize.enable_advanced_legalizer   -value false
gui_set_setting -window [gui_get_current_window -types Layout -mru] -setting showLayer_NWELL -value false
gui_set_setting -window [gui_get_current_window -types Layout -mru] -setting showLayer_PO -value false
gui_set_setting -window [gui_get_current_window -types Layout -mru] -setting showLayer_PODMY -value false
gui_set_setting -window [gui_get_current_window -types Layout -mru] -setting showLayer_CO -value false
gui_set_setting -window [gui_get_current_window -types Layout -mru] -setting showLayer_M1 -value false
gui_set_setting -window [gui_get_current_window -types Layout -mru] -setting showLayer_M1DMY -value false
gui_set_setting -window [gui_get_current_window -types Layout -mru] -setting showLayer_VIA1 -value false
gui_set_setting -window [gui_get_current_window -types Layout -mru] -setting showLayer_M2 -value false
gui_set_setting -window [gui_get_current_window -types Layout -mru] -setting showLayer_M2DMY -value false
gui_set_setting -window [gui_get_current_window -types Layout -mru] -setting showLayer_VIA2 -value false
gui_set_setting -window [gui_get_current_window -types Layout -mru] -setting showLayer_M3 -value false
gui_set_setting -window [gui_get_current_window -types Layout -mru] -setting showLayer_M3DMY -value false
gui_set_setting -window [gui_get_current_window -types Layout -mru] -setting showLayer_VIA3 -value false
gui_set_setting -window [gui_get_current_window -types Layout -mru] -setting showLayer_M4 -value false
gui_set_setting -window [gui_get_current_window -types Layout -mru] -setting showLayer_M4DMY -value false
gui_set_setting -window [gui_get_current_window -types Layout -mru] -setting showLayer_VIA4 -value false
gui_set_setting -window [gui_get_current_window -types Layout -mru] -setting showLayer_M5 -value false
gui_set_setting -window [gui_get_current_window -types Layout -mru] -setting showLayer_M5DMY -value false
gui_set_setting -window [gui_get_current_window -types Layout -mru] -setting showLayer_VIA5 -value false
gui_set_setting -window [gui_get_current_window -types Layout -mru] -setting showLayer_M6 -value false
gui_set_setting -window [gui_get_current_window -types Layout -mru] -setting showLayer_M6DMY -value false
gui_set_setting -window [gui_get_current_window -types Layout -mru] -setting showLayer_VIA6 -value false
gui_set_setting -window [gui_get_current_window -types Layout -mru] -setting showLayer_M7 -value false
gui_set_setting -window [gui_get_current_window -types Layout -mru] -setting showLayer_M7DMY -value false
gui_set_setting -window [gui_get_current_window -types Layout -mru] -setting showLayer_VIA7 -value false
gui_set_setting -window [gui_get_current_window -types Layout -mru] -setting showLayer_M8 -value false
gui_set_setting -window [gui_get_current_window -types Layout -mru] -setting showLayer_M8DMY -value false
gui_set_setting -window [gui_get_current_window -types Layout -mru] -setting showLayer_VIA8 -value false
gui_set_setting -window [gui_get_current_window -types Layout -mru] -setting showLayer_M9 -value false
gui_set_setting -window [gui_get_current_window -types Layout -mru] -setting showLayer_M9DMY -value false
gui_set_setting -window [gui_get_current_window -types Layout -mru] -setting showLayer_BJTDMY -value false
gui_set_setting -window [gui_get_current_window -types Layout -mru] -setting showLayer_DIFF -value false
gui_set_setting -window [gui_get_current_window -types Layout -mru] -setting showLayer_DDMY -value false
gui_set_setting -window [gui_get_current_window -types Layout -mru] -setting showLayer_DIFF_25 -value false
gui_set_setting -window [gui_get_current_window -types Layout -mru] -setting showLayer_DIOD -value false
gui_set_setting -window [gui_get_current_window -types Layout -mru] -setting showLayer_DM1EXCL -value false
gui_set_setting -window [gui_get_current_window -types Layout -mru] -setting showLayer_DM2EXCL -value false
gui_set_setting -window [gui_get_current_window -types Layout -mru] -setting showLayer_DM3EXCL -value false
gui_set_setting -window [gui_get_current_window -types Layout -mru] -setting showLayer_DM4EXCL -value false
gui_set_setting -window [gui_get_current_window -types Layout -mru] -setting showLayer_DM5EXCL -value false
gui_set_setting -window [gui_get_current_window -types Layout -mru] -setting showLayer_DM6EXCL -value false
gui_set_setting -window [gui_get_current_window -types Layout -mru] -setting showLayer_DM7EXCL -value false
gui_set_setting -window [gui_get_current_window -types Layout -mru] -setting showLayer_DM8EXCL -value false
gui_set_setting -window [gui_get_current_window -types Layout -mru] -setting showLayer_DM9EXCL -value false
gui_set_setting -window [gui_get_current_window -types Layout -mru] -setting showLayer_DNW -value false
gui_set_setting -window [gui_get_current_window -types Layout -mru] -setting showLayer_ESD_25 -value false
gui_set_setting -window [gui_get_current_window -types Layout -mru] -setting showLayer_HOTNWL -value false
gui_set_setting -window [gui_get_current_window -types Layout -mru] -setting showLayer_HVTIMP -value false
gui_set_setting -window [gui_get_current_window -types Layout -mru] -setting showLayer_IP -value false
gui_set_setting -window [gui_get_current_window -types Layout -mru] -setting showLayer_LOGO -value false
gui_set_setting -window [gui_get_current_window -types Layout -mru] -setting showLayer_LVTIMP -value false
gui_set_setting -window [gui_get_current_window -types Layout -mru] -setting showLayer_M1PIN -value false
gui_set_setting -window [gui_get_current_window -types Layout -mru] -setting showLayer_M2PIN -value false
gui_set_setting -window [gui_get_current_window -types Layout -mru] -setting showLayer_M3PIN -value false
gui_set_setting -window [gui_get_current_window -types Layout -mru] -setting showLayer_M4PIN -value false
gui_set_setting -window [gui_get_current_window -types Layout -mru] -setting showLayer_M5PIN -value false
gui_set_setting -window [gui_get_current_window -types Layout -mru] -setting showLayer_M6PIN -value false
gui_set_setting -window [gui_get_current_window -types Layout -mru] -setting showLayer_M7PIN -value false
gui_set_setting -window [gui_get_current_window -types Layout -mru] -setting showLayer_M8PIN -value false
gui_set_setting -window [gui_get_current_window -types Layout -mru] -setting showLayer_M9PIN -value false
gui_set_setting -window [gui_get_current_window -types Layout -mru] -setting showLayer_NIMP -value false
gui_set_setting -window [gui_get_current_window -types Layout -mru] -setting showLayer_PAD -value false
gui_set_setting -window [gui_get_current_window -types Layout -mru] -setting showLayer_PIMP -value false
gui_set_setting -window [gui_get_current_window -types Layout -mru] -setting showLayer_RDIFF -value false
gui_set_setting -window [gui_get_current_window -types Layout -mru] -setting showLayer_RM1 -value false
gui_set_setting -window [gui_get_current_window -types Layout -mru] -setting showLayer_RM2 -value false
gui_set_setting -window [gui_get_current_window -types Layout -mru] -setting showLayer_RM3 -value false
gui_set_setting -window [gui_get_current_window -types Layout -mru] -setting showLayer_RM4 -value false
gui_set_setting -window [gui_get_current_window -types Layout -mru] -setting showLayer_RM5 -value false
gui_set_setting -window [gui_get_current_window -types Layout -mru] -setting showLayer_RM6 -value false
gui_set_setting -window [gui_get_current_window -types Layout -mru] -setting showLayer_RM7 -value false
gui_set_setting -window [gui_get_current_window -types Layout -mru] -setting showLayer_RM8 -value false
gui_set_setting -window [gui_get_current_window -types Layout -mru] -setting showLayer_RM9 -value false
gui_set_setting -window [gui_get_current_window -types Layout -mru] -setting showLayer_RNW -value false
gui_set_setting -window [gui_get_current_window -types Layout -mru] -setting showLayer_RPOLY -value false
gui_set_setting -window [gui_get_current_window -types Layout -mru] -setting showLayer_SBLK -value false
gui_set_setting -window [gui_get_current_window -types Layout -mru] -setting showLayer_prBoundary -value false
gui_set_setting -window [gui_get_current_window -types Layout -mru] -setting showLayer_UNASSIGNED -value false
win_set_filter -visible -class routing_blockage -layer {0-77}
win_set_filter -visible -class shape -filter {} -layer {0-77}
win_set_filter -visible -class via -filter {} -layer {0-77}
win_set_filter -visible -class terminal -filter {}  -layer {0-77}
win_set_filter -class routing_blockage -layer {0-77}
win_set_filter -class shape -filter {} -layer {0-77}
win_set_filter -class via -filter {} -layer {0-77}
gui_zoom -window [gui_get_current_window -types Layout -view] -factor 2 -at_point {388.025 283.270}
gui_zoom -window [gui_get_current_window -types Layout -view] -factor 2 -at_point {388.060 283.180}
gui_zoom -window [gui_get_current_window -types Layout -view] -factor 2 -at_point {388.060 283.180}
win_select_objects -slct_targets global -at {449.670 297.365} -radius 0.1351
gui_zoom -window [gui_get_current_window -types Layout -view] -factor 2 -at_point {390.355 299.390}
gui_zoom -window [gui_get_current_window -types Layout -view] -factor 2 -at_point {390.360 299.375}
gui_zoom -window [gui_get_current_window -types Layout -view] -factor 2 -at_point {390.375 299.390}
gui_zoom -window [gui_get_current_window -types Layout -view] -factor 2 -at_point {390.380 299.390}
gui_zoom -window [gui_get_current_window -types Layout -view] -factor 0.5 -at_point {390.250 299.410}
gui_zoom -window [gui_get_current_window -types Layout -view] -factor 0.5 -at_point {390.245 299.410}
gui_zoom -window [gui_get_current_window -types Layout -view] -factor 0.5 -at_point {390.250 299.415}
gui_zoom -window [gui_get_current_window -types Layout -view] -factor 0.5 -at_point {390.255 299.435}
gui_zoom -window [gui_get_current_window -types Layout -view] -factor 0.5 -at_point {390.220 299.390}
gui_zoom -window [gui_get_current_window -types Layout -view] -factor 2 -at_point {377.520 273.180}
gui_zoom -window [gui_get_current_window -types Layout -view] -factor 2 -at_point {377.520 273.180}
gui_zoom -window [gui_get_current_window -types Layout -view] -factor 2 -at_point {377.545 273.170}
gui_zoom -window [gui_get_current_window -types Layout -view] -factor 2 -at_point {377.555 273.175}
gui_zoom -window [gui_get_current_window -types Layout -view] -factor 0.5 -at_point {377.555 273.180}
gui_zoom -window [gui_get_current_window -types Layout -view] -factor 0.5 -at_point {384.145 268.775}
gui_zoom -window [gui_get_current_window -types Layout -view] -factor 2 -at_point {356.805 273.835}
gui_zoom -window [gui_get_current_window -types Layout -view] -factor 0.5 -at_point {364.940 272.460}
gui_zoom -window [gui_get_current_window -types Layout -view] -factor 2 -at_point {362.035 266.920}
gui_zoom -window [gui_get_current_window -types Layout -view] -factor 0.5 -at_point {364.730 267.785}
gui_zoom -window [gui_get_current_window -types Layout -view] -factor 0.5 -at_point {378.705 261.260}
gui_zoom -window [gui_get_current_window -types Layout -view] -factor 0.5 -at_point {323.875 262.910}
gui_zoom -window [gui_get_current_window -types Layout -view] -factor 0.5 -at_point {321.850 262.640}
gui_zoom -window [gui_get_current_window -types Layout -view] -factor 2 -at_point {317.795 268.585}
gui_zoom -window [gui_get_current_window -types Layout -view] -factor 2 -at_point {317.795 268.585}
gui_zoom -window [gui_get_current_window -types Layout -view] -factor 2 -at_point {317.795 268.585}
gui_zoom -window [gui_get_current_window -types Layout -view] -factor 2 -at_point {317.790 268.580}
gui_zoom -window [gui_get_current_window -types Layout -view] -factor 2 -at_point {320.105 271.220}
gui_zoom -window [gui_get_current_window -types Layout -view] -factor 0.5 -at_point {320.160 271.295}
gui_zoom -window [gui_get_current_window -types Layout -view] -factor 0.5 -at_point {324.405 275.960}
gui_zoom -window [gui_get_current_window -types Layout -view] -factor 0.5 -at_point {324.415 275.935}
gui_zoom -window [gui_get_current_window -types Layout -view] -factor 0.5 -at_point {324.415 275.880}
gui_zoom -window [gui_get_current_window -types Layout -view] -factor 0.5 -at_point {324.280 275.880}
gui_zoom -window [gui_get_current_window -types Layout -view] -factor 0.5 -at_point {331.310 282.095}
gui_zoom -window [gui_get_current_window -types Layout -view] -factor 0.5 -at_point {383.735 350.195}
gui_zoom -window [gui_get_current_window -types Layout -view] -factor 2 -at_point {332.930 466.940}
gui_zoom -window [gui_get_current_window -types Layout -view] -factor 2 -at_point {422.650 424.780}
win_select_objects -slct_targets global -at {318.880 277.775} -radius 0.5405
check_routes > ../results/reports/routes.rpt
# --- Open or Short nets
check_lvs -max_errors 0 > ../results/reports/lvs_errors.rpt
# --- PG_DRC
check_pg_drc > ../results/reports/pg_drc.rpt
check_pg_connectivity > ../results/reports/pg_connectivity.rpt
# ---
check_legality > ../results/reports/legality.rpt
get_lib_cell */DCAP*
set dcap_fillers       [get_lib_cell */DCAP*]
create_stdcell_fillers -lib_cells $dcap_fillers                        -utilization 30                                 -prefix "DECAP_"                                -post_eco
sizeof_collection [get_cells "*DECAP*"]
gui_zoom -window [gui_get_current_window -types Layout -view] -factor 2 -at_point {255.645 284.800}
gui_zoom -window [gui_get_current_window -types Layout -view] -factor 2 -at_point {255.645 284.800}
gui_zoom -window [gui_get_current_window -types Layout -view] -factor 2 -at_point {255.645 284.800}
connect_pg_net -net "VDD" [get_pins -hierarchical "*/VDD*"]
connect_pg_net -net "VSS" [get_pins -hierarchical "*/VSS*"]
win_select_objects -slct_targets global -at {251.560 278.035} -radius 0.0675
connect_pg_net -automatic
remove_stdcell_fillers_with_violation
check_routes
gui_show_error_data
gui_set_error_browser_option -show_mode all
gui_set_error_browser_option -view_mode zoom
gui_set_error_browser_option -zoom_factor 1.000000
gui_set_error_browser_option -grouping type
gui_error_browser -show
gui_error_browser -hide
check_lvs -max_errors 0
check_legality
check_pg_drc
get_lib_cell */SHFILL*
set std_fillers [get_lib_cell */SHFILL*]
set_attribute [get_lib_cells */SHFILL*] dont_touch false
set_attribute [get_lib_cells */SHFILL*] dont_use false
set std_fillers_128 "saed90nm_max_hvt/SHFILL128_HVT"
set std_fillers_64  "saed90nm_max_hvt/SHFILL64_HVT"
set std_fillers_3   "saed90nm_max_hvt/SHFILL3_HVT"
set std_fillers_2   "saed90nm_max_hvt/SHFILL2_HVT"
set std_fillers_1   "saed90nm_max_hvt/SHFILL1_HVT"
create_stdcell_fillers -lib_cells $std_fillers_64                        -prefix "FILLER64_"                              -post_eco                                        -continue_on_error
get_lib_cell */SHFILL*
set std_fillers_128 "saed90nm_max_hvt/SHFILL128"
set std_fillers_64  "saed90nm_max_hvt/SHFILL64"
set std_fillers_3   "saed90nm_max_hvt/SHFILL3"
set std_fillers_2   "saed90nm_max_hvt/SHFILL2"
set std_fillers_1   "saed90nm_max_hvt/SHFILL1"
# --- insert non-metal fillers
create_stdcell_fillers -lib_cells $std_fillers_128                        -prefix "FILLER128_"                               -post_eco                                          -continue_on_error
create_stdcell_fillers -lib_cells $std_fillers_64                        -prefix "FILLER64_"                              -post_eco                                        -continue_on_error
create_stdcell_fillers -lib_cells $std_fillers_64 -prefix "FILLER64_" -post_eco -continue_on_error
error_info
set std_fillers_128 "saed90nm_max/SHFILL128"
set std_fillers_64  "saed90nm_max/SHFILL64"
set std_fillers_3   "saed90nm_max/SHFILL3"
set std_fillers_2   "saed90nm_max/SHFILL2"
set std_fillers_1   "saed90nm_max/SHFILL1"
create_stdcell_fillers -lib_cells $std_fillers_64                        -prefix "FILLER64_"                              -post_eco                                        -continue_on_error
change_selection 
gui_zoom -window [gui_get_current_window -types Layout -view] -factor 0.5 -at_point {264.455 296.530}
gui_zoom -window [gui_get_current_window -types Layout -view] -factor 0.5 -at_point {264.425 296.555}
gui_set_setting -window [gui_get_current_window -types Layout -mru] -setting showFillInst -value false
win_set_select_class -visible {cell port bound routing_blockage shaping_blockage pg_region pin_blockage block_shielding topology_node topology_edge core_area die_area edit_group shape via terminal placement_blockage }
gui_zoom -window [gui_get_current_window -types Layout -view] -factor 0.5 -at_point {271.045 306.690}
gui_zoom -window [gui_get_current_window -types Layout -view] -factor 0.5 -at_point {270.775 306.960}
gui_zoom -window [gui_get_current_window -types Layout -view] -factor 2 -at_point {319.960 271.285}
gui_set_setting -window [gui_get_current_window -types Layout -mru] -setting showFillInst -value true
win_set_select_class -visible {cell port bound routing_blockage shaping_blockage pg_region pin_blockage block_shielding topology_node topology_edge core_area die_area edit_group shape via terminal fill_cell placement_blockage }
gui_zoom -window [gui_get_current_window -types Layout -view] -factor 0.5 -at_point {472.370 233.995}
gui_zoom -window [gui_get_current_window -types Layout -view] -factor 0.5 -at_point {464.805 231.290}
gui_zoom -window [gui_get_current_window -types Layout -view] -factor 2 -at_point {369.680 -8.675}
gui_zoom -window [gui_get_current_window -types Layout -view] -factor 2 -at_point {369.680 -4.350}
gui_zoom -window [gui_get_current_window -types Layout -view] -factor 0.5 -at_point {367.520 1.050}
gui_zoom -window [gui_get_current_window -types Layout -view] -factor 0.5 -at_point {262.670 197.785}
gui_zoom -window [gui_get_current_window -types Layout -view] -factor 2 -at_point {121.065 201.025}
gui_zoom -window [gui_get_current_window -types Layout -view] -factor 2 -at_point {121.065 201.025}
gui_zoom -window [gui_get_current_window -types Layout -view] -factor 2 -at_point {121.065 201.025}
gui_zoom -window [gui_get_current_window -types Layout -view] -factor 2 -at_point {121.065 201.025}
gui_zoom -window [gui_get_current_window -types Layout -view] -factor 2 -at_point {121.065 201.025}
create_stdcell_fillers -lib_cells $std_fillers_128                        -prefix "FILLER128_"                               -post_eco                                          -continue_on_error
create_stdcell_fillers -lib_cells $std_fillers_3                        -prefix "FILLER3_"                               -post_eco                                        -continue_on_error
create_stdcell_fillers -lib_cells $std_fillers_2                        -utilization 100                                 -prefix "FILLER2_"                               -post_eco                                        -continue_on_error                               -rules no_1x
create_stdcell_fillers -lib_cells $std_fillers_1                        -prefix "FILLER1_"                               -post_eco                                        -continue_on_error                               -rules no_1x
gui_zoom -window [gui_get_current_window -types Layout -view] -factor 0.5 -at_point {112.615 201.135}
gui_zoom -window [gui_get_current_window -types Layout -view] -factor 0.5 -at_point {112.555 201.160}
gui_zoom -window [gui_get_current_window -types Layout -view] -factor 0.5 -at_point {118.635 195.890}
gui_zoom -window [gui_get_current_window -types Layout -view] -factor 0.5 -at_point {349.685 180.490}
gui_zoom -window [gui_get_current_window -types Layout -view] -factor 0.5 -at_point {397.785 189.135}
gui_zoom -window [gui_get_current_window -types Layout -view] -factor 2 -at_point {739.365 397.755}
gui_zoom -window [gui_get_current_window -types Layout -view] -factor 2 -at_point {708.015 397.755}
gui_zoom -window [gui_get_current_window -types Layout -view] -factor 0.5 -at_point {593.435 382.625}
gui_zoom -window [gui_get_current_window -view] -full
gui_set_setting -window [gui_get_current_window -types Layout -mru] -setting showLayer_NWELL -value true
gui_set_setting -window [gui_get_current_window -types Layout -mru] -setting showLayer_PO -value true
gui_set_setting -window [gui_get_current_window -types Layout -mru] -setting showLayer_PODMY -value true
gui_set_setting -window [gui_get_current_window -types Layout -mru] -setting showLayer_CO -value true
gui_set_setting -window [gui_get_current_window -types Layout -mru] -setting showLayer_M1 -value true
gui_set_setting -window [gui_get_current_window -types Layout -mru] -setting showLayer_M1DMY -value true
gui_set_setting -window [gui_get_current_window -types Layout -mru] -setting showLayer_VIA1 -value true
gui_set_setting -window [gui_get_current_window -types Layout -mru] -setting showLayer_M2 -value true
gui_set_setting -window [gui_get_current_window -types Layout -mru] -setting showLayer_M2DMY -value true
gui_set_setting -window [gui_get_current_window -types Layout -mru] -setting showLayer_VIA2 -value true
gui_set_setting -window [gui_get_current_window -types Layout -mru] -setting showLayer_M3 -value true
gui_set_setting -window [gui_get_current_window -types Layout -mru] -setting showLayer_M3DMY -value true
gui_set_setting -window [gui_get_current_window -types Layout -mru] -setting showLayer_VIA3 -value true
gui_set_setting -window [gui_get_current_window -types Layout -mru] -setting showLayer_M4 -value true
gui_set_setting -window [gui_get_current_window -types Layout -mru] -setting showLayer_M4DMY -value true
gui_set_setting -window [gui_get_current_window -types Layout -mru] -setting showLayer_VIA4 -value true
gui_set_setting -window [gui_get_current_window -types Layout -mru] -setting showLayer_M5 -value true
gui_set_setting -window [gui_get_current_window -types Layout -mru] -setting showLayer_M5DMY -value true
gui_set_setting -window [gui_get_current_window -types Layout -mru] -setting showLayer_VIA5 -value true
gui_set_setting -window [gui_get_current_window -types Layout -mru] -setting showLayer_M6 -value true
gui_set_setting -window [gui_get_current_window -types Layout -mru] -setting showLayer_M6DMY -value true
gui_set_setting -window [gui_get_current_window -types Layout -mru] -setting showLayer_VIA6 -value true
gui_set_setting -window [gui_get_current_window -types Layout -mru] -setting showLayer_M7 -value true
gui_set_setting -window [gui_get_current_window -types Layout -mru] -setting showLayer_M7DMY -value true
gui_set_setting -window [gui_get_current_window -types Layout -mru] -setting showLayer_VIA7 -value true
gui_set_setting -window [gui_get_current_window -types Layout -mru] -setting showLayer_M8 -value true
gui_set_setting -window [gui_get_current_window -types Layout -mru] -setting showLayer_M8DMY -value true
gui_set_setting -window [gui_get_current_window -types Layout -mru] -setting showLayer_VIA8 -value true
gui_set_setting -window [gui_get_current_window -types Layout -mru] -setting showLayer_M9 -value true
gui_set_setting -window [gui_get_current_window -types Layout -mru] -setting showLayer_M9DMY -value true
gui_set_setting -window [gui_get_current_window -types Layout -mru] -setting showLayer_BJTDMY -value true
gui_set_setting -window [gui_get_current_window -types Layout -mru] -setting showLayer_DIFF -value true
gui_set_setting -window [gui_get_current_window -types Layout -mru] -setting showLayer_DDMY -value true
gui_set_setting -window [gui_get_current_window -types Layout -mru] -setting showLayer_DIFF_25 -value true
gui_set_setting -window [gui_get_current_window -types Layout -mru] -setting showLayer_DIOD -value true
gui_set_setting -window [gui_get_current_window -types Layout -mru] -setting showLayer_DM1EXCL -value true
gui_set_setting -window [gui_get_current_window -types Layout -mru] -setting showLayer_DM2EXCL -value true
gui_set_setting -window [gui_get_current_window -types Layout -mru] -setting showLayer_DM3EXCL -value true
gui_set_setting -window [gui_get_current_window -types Layout -mru] -setting showLayer_DM4EXCL -value true
gui_set_setting -window [gui_get_current_window -types Layout -mru] -setting showLayer_DM5EXCL -value true
gui_set_setting -window [gui_get_current_window -types Layout -mru] -setting showLayer_DM6EXCL -value true
gui_set_setting -window [gui_get_current_window -types Layout -mru] -setting showLayer_DM7EXCL -value true
gui_set_setting -window [gui_get_current_window -types Layout -mru] -setting showLayer_DM8EXCL -value true
gui_set_setting -window [gui_get_current_window -types Layout -mru] -setting showLayer_DM9EXCL -value true
gui_set_setting -window [gui_get_current_window -types Layout -mru] -setting showLayer_DNW -value true
gui_set_setting -window [gui_get_current_window -types Layout -mru] -setting showLayer_ESD_25 -value true
gui_set_setting -window [gui_get_current_window -types Layout -mru] -setting showLayer_HOTNWL -value true
gui_set_setting -window [gui_get_current_window -types Layout -mru] -setting showLayer_HVTIMP -value true
gui_set_setting -window [gui_get_current_window -types Layout -mru] -setting showLayer_IP -value true
gui_set_setting -window [gui_get_current_window -types Layout -mru] -setting showLayer_LOGO -value true
gui_set_setting -window [gui_get_current_window -types Layout -mru] -setting showLayer_LVTIMP -value true
gui_set_setting -window [gui_get_current_window -types Layout -mru] -setting showLayer_M1PIN -value true
gui_set_setting -window [gui_get_current_window -types Layout -mru] -setting showLayer_M2PIN -value true
gui_set_setting -window [gui_get_current_window -types Layout -mru] -setting showLayer_M3PIN -value true
gui_set_setting -window [gui_get_current_window -types Layout -mru] -setting showLayer_M4PIN -value true
gui_set_setting -window [gui_get_current_window -types Layout -mru] -setting showLayer_M5PIN -value true
gui_set_setting -window [gui_get_current_window -types Layout -mru] -setting showLayer_M6PIN -value true
gui_set_setting -window [gui_get_current_window -types Layout -mru] -setting showLayer_M7PIN -value true
gui_set_setting -window [gui_get_current_window -types Layout -mru] -setting showLayer_M8PIN -value true
gui_set_setting -window [gui_get_current_window -types Layout -mru] -setting showLayer_M9PIN -value true
gui_set_setting -window [gui_get_current_window -types Layout -mru] -setting showLayer_NIMP -value true
gui_set_setting -window [gui_get_current_window -types Layout -mru] -setting showLayer_PAD -value true
gui_set_setting -window [gui_get_current_window -types Layout -mru] -setting showLayer_PIMP -value true
gui_set_setting -window [gui_get_current_window -types Layout -mru] -setting showLayer_RDIFF -value true
gui_set_setting -window [gui_get_current_window -types Layout -mru] -setting showLayer_RM1 -value true
gui_set_setting -window [gui_get_current_window -types Layout -mru] -setting showLayer_RM2 -value true
gui_set_setting -window [gui_get_current_window -types Layout -mru] -setting showLayer_RM3 -value true
gui_set_setting -window [gui_get_current_window -types Layout -mru] -setting showLayer_RM4 -value true
gui_set_setting -window [gui_get_current_window -types Layout -mru] -setting showLayer_RM5 -value true
gui_set_setting -window [gui_get_current_window -types Layout -mru] -setting showLayer_RM6 -value true
gui_set_setting -window [gui_get_current_window -types Layout -mru] -setting showLayer_RM7 -value true
gui_set_setting -window [gui_get_current_window -types Layout -mru] -setting showLayer_RM8 -value true
gui_set_setting -window [gui_get_current_window -types Layout -mru] -setting showLayer_RM9 -value true
gui_set_setting -window [gui_get_current_window -types Layout -mru] -setting showLayer_RNW -value true
gui_set_setting -window [gui_get_current_window -types Layout -mru] -setting showLayer_RPOLY -value true
gui_set_setting -window [gui_get_current_window -types Layout -mru] -setting showLayer_SBLK -value true
gui_set_setting -window [gui_get_current_window -types Layout -mru] -setting showLayer_prBoundary -value true
gui_set_setting -window [gui_get_current_window -types Layout -mru] -setting showLayer_UNASSIGNED -value true
win_set_filter -visible -class routing_blockage -layer {}
win_set_filter -visible -class shape -filter {} -layer {}
win_set_filter -visible -class via -filter {} -layer {}
win_set_filter -visible -class terminal -filter {}  -layer {}
win_set_filter -class routing_blockage -layer {}
win_set_filter -class shape -filter {} -layer {}
win_set_filter -class via -filter {} -layer {}
gui_zoom -window [gui_get_current_window -types Layout -view] -factor 2 -at_point {455.370 11.760}
gui_zoom -window [gui_get_current_window -types Layout -view] -factor 2 -at_point {455.615 11.860}
gui_zoom -window [gui_get_current_window -types Layout -view] -factor 0.5 -at_point {455.615 11.860}
gui_zoom -window [gui_get_current_window -types Layout -view] -factor 0.5 -at_point {417.785 45.910}
gui_zoom -window [gui_get_current_window -types Layout -view] -factor 0.5 -at_point {292.935 397.755}
gui_zoom -window [gui_get_current_window -types Layout -view] -factor 2 -at_point {302.665 425.860}
gui_zoom -window [gui_get_current_window -types Layout -view] -factor 0.5 -at_point {303.745 411.810}
gui_zoom -window [gui_get_current_window -types Layout -view] -factor 2 -at_point {319.960 475.585}
gui_zoom -window [gui_get_current_window -types Layout -view] -factor 0.5 -at_point {289.690 422.620}
gui_zoom -window [gui_get_current_window -types Layout -view] -factor 2 -at_point {326.445 348.035}
gui_zoom -window [gui_get_current_window -view] -full
connect_pg_net -net "VSS" [get_pins -hierarchical "*/VSS"]
connect_pg_net -net "VDD" [get_pins -hierarchical "*/VDD*"]
gui_show_map -window [gui_get_current_window -types Layout -mru] -map {cellDensityMap} -show {true}
gui_set_map_option -map {cellDensityMap} -option {area_type} -value {Reset}
gui_set_map_option -map {cellDensityMap} -option {area_type} -value {WholeDesign}
gui_show_map -window [gui_get_current_window -types Layout -mru] -map {cellMapUtilMap} -show {true}
cm_density_map -reload -grid_width 5 -grid_height 5
gui_show_map -window [gui_get_current_window -types Layout -mru] -map {cellMapUtilMap} -show {false}
gui_show_map -window [gui_get_current_window -types Layout -mru] -map {cellDensityMap} -show {true}
gui_show_map -window [gui_get_current_window -types Layout -mru] -map {cellMapUtilMap} -show {true}
gui_zoom -window [gui_get_current_window -types Layout -view] -factor 2 -at_point {520.575 414.750}
gui_zoom -window [gui_get_current_window -types Layout -view] -factor 2 -at_point {519.390 409.650}
gui_zoom -window [gui_get_current_window -types Layout -view] -factor 2 -at_point {517.770 406.675}
gui_zoom -window [gui_get_current_window -types Layout -view] -factor 2 -at_point {517.770 406.540}
gui_zoom -window [gui_get_current_window -types Layout -view] -factor 2 -at_point {517.770 406.515}
gui_zoom -window [gui_get_current_window -types Layout -view] -factor 0.5 -at_point {526.420 404.995}
gui_zoom -window [gui_get_current_window -types Layout -view] -factor 0.5 -at_point {524.170 403.495}
gui_zoom -window [gui_get_current_window -types Layout -view] -factor 0.5 -at_point {460.885 400.190}
gui_zoom -window [gui_get_current_window -types Layout -view] -factor 2 -at_point {471.020 402.890}
gui_zoom -window [gui_get_current_window -types Layout -view] -factor 0.5 -at_point {471.020 402.350}
gui_zoom -window [gui_get_current_window -types Layout -view] -factor 0.5 -at_point {461.830 439.915}
gui_zoom -window [gui_get_current_window -types Layout -view] -factor 0.5 -at_point {461.020 439.375}
gui_show_map -window [gui_get_current_window -types Layout -mru] -map {cellMapUtilMap} -show {false}
sizeof_collection [get_cells "*FILLER*"]
sizeof_collection [get_cells "*DECAP*"]
gui_show_error_data
gui_error_browser -show
gui_open_error_data -name {DRC_report_by_check_pg_drc}
gui_open_error_data -name {DRC_report_by_check_pg_drc}
gui_set_current_errors -data_name {DRC_report_by_check_pg_drc}
gui_set_current_errors -data_name {DRC_report_by_check_pg_drc}
gui_error_browser -hide
gui_show_error_data
gui_error_browser -show
gui_error_browser -hide
gui_show_error_data
gui_error_browser -show
gui_error_browser -hide
gui_scroll -window [gui_get_current_window -view] -vrel .2
gui_scroll -window [gui_get_current_window -view] -vrel -.2
route_eco
check_routes
connect_pg_net -net "VSS" [get_pins -hierarchical "*/VSS"]
connect_pg_net -net "VDD" [get_pins -hierarchical "*/VDD*"]
remove_stdcell_fillers_with_violation
#######################################################################
# --------------- Important Checks ------------- #
#######################################################################
check_pg_drc > ../results/reports/pg_drc.rpt
check_pg_connectivity                   > ../results/reports/pg_connectivity.rpt
check_pg_missing_vias                   > ../results/reports/missing_via.rpt
check_routes -drc true > ../results/reports/physical_drc.rpt
report_timing                           > ../results/reports/timing.rpt
report_constraint -all_violators > ../results/reports/cts_violations.rpt
check_routes > ../results/reports/routes.rpt
check_lvs -max_errors 0 > ../results/reports/lvs_errors.rpt
check_legality > ../results/reports/legality.rpt
#######################################################################
# --------------- Save Block ------------- #
#######################################################################
write_def                    ../results/outputs/${design}.def
write_verilog -include {all} ../results/outputs/${design}.v
write_sdc -output            ../results/outputs/${design}.sdc
save_block
report_constraint -all_violators > ../results/reports/routing_violations.rpt
report_qor -summary > ../results/reports/qor.rpt
gui_zoom -window [gui_get_current_window -view] -full
gui_set_setting -window [gui_get_current_window -types Layout -mru] -setting showLayer_NWELL -value false
gui_set_setting -window [gui_get_current_window -types Layout -mru] -setting showLayer_PO -value false
gui_set_setting -window [gui_get_current_window -types Layout -mru] -setting showLayer_PODMY -value false
gui_set_setting -window [gui_get_current_window -types Layout -mru] -setting showLayer_CO -value false
gui_set_setting -window [gui_get_current_window -types Layout -mru] -setting showLayer_M1 -value false
gui_set_setting -window [gui_get_current_window -types Layout -mru] -setting showLayer_M1DMY -value false
gui_set_setting -window [gui_get_current_window -types Layout -mru] -setting showLayer_VIA1 -value false
gui_set_setting -window [gui_get_current_window -types Layout -mru] -setting showLayer_M2 -value false
gui_set_setting -window [gui_get_current_window -types Layout -mru] -setting showLayer_M2DMY -value false
gui_set_setting -window [gui_get_current_window -types Layout -mru] -setting showLayer_VIA2 -value false
gui_set_setting -window [gui_get_current_window -types Layout -mru] -setting showLayer_M3 -value false
gui_set_setting -window [gui_get_current_window -types Layout -mru] -setting showLayer_M3DMY -value false
gui_set_setting -window [gui_get_current_window -types Layout -mru] -setting showLayer_VIA3 -value false
gui_set_setting -window [gui_get_current_window -types Layout -mru] -setting showLayer_M4 -value false
gui_set_setting -window [gui_get_current_window -types Layout -mru] -setting showLayer_M4DMY -value false
gui_set_setting -window [gui_get_current_window -types Layout -mru] -setting showLayer_VIA4 -value false
gui_set_setting -window [gui_get_current_window -types Layout -mru] -setting showLayer_M5 -value false
gui_set_setting -window [gui_get_current_window -types Layout -mru] -setting showLayer_M5DMY -value false
gui_set_setting -window [gui_get_current_window -types Layout -mru] -setting showLayer_VIA5 -value false
gui_set_setting -window [gui_get_current_window -types Layout -mru] -setting showLayer_M6 -value false
gui_set_setting -window [gui_get_current_window -types Layout -mru] -setting showLayer_M6DMY -value false
gui_set_setting -window [gui_get_current_window -types Layout -mru] -setting showLayer_VIA6 -value false
gui_set_setting -window [gui_get_current_window -types Layout -mru] -setting showLayer_M7 -value false
gui_set_setting -window [gui_get_current_window -types Layout -mru] -setting showLayer_M7DMY -value false
gui_set_setting -window [gui_get_current_window -types Layout -mru] -setting showLayer_VIA7 -value false
gui_set_setting -window [gui_get_current_window -types Layout -mru] -setting showLayer_M8 -value false
gui_set_setting -window [gui_get_current_window -types Layout -mru] -setting showLayer_M8DMY -value false
gui_set_setting -window [gui_get_current_window -types Layout -mru] -setting showLayer_VIA8 -value false
gui_set_setting -window [gui_get_current_window -types Layout -mru] -setting showLayer_M9 -value false
gui_set_setting -window [gui_get_current_window -types Layout -mru] -setting showLayer_M9DMY -value false
gui_set_setting -window [gui_get_current_window -types Layout -mru] -setting showLayer_BJTDMY -value false
gui_set_setting -window [gui_get_current_window -types Layout -mru] -setting showLayer_DIFF -value false
gui_set_setting -window [gui_get_current_window -types Layout -mru] -setting showLayer_DDMY -value false
gui_set_setting -window [gui_get_current_window -types Layout -mru] -setting showLayer_DIFF_25 -value false
gui_set_setting -window [gui_get_current_window -types Layout -mru] -setting showLayer_DIOD -value false
gui_set_setting -window [gui_get_current_window -types Layout -mru] -setting showLayer_DM1EXCL -value false
gui_set_setting -window [gui_get_current_window -types Layout -mru] -setting showLayer_DM2EXCL -value false
gui_set_setting -window [gui_get_current_window -types Layout -mru] -setting showLayer_DM3EXCL -value false
gui_set_setting -window [gui_get_current_window -types Layout -mru] -setting showLayer_DM4EXCL -value false
gui_set_setting -window [gui_get_current_window -types Layout -mru] -setting showLayer_DM5EXCL -value false
gui_set_setting -window [gui_get_current_window -types Layout -mru] -setting showLayer_DM6EXCL -value false
gui_set_setting -window [gui_get_current_window -types Layout -mru] -setting showLayer_DM7EXCL -value false
gui_set_setting -window [gui_get_current_window -types Layout -mru] -setting showLayer_DM8EXCL -value false
gui_set_setting -window [gui_get_current_window -types Layout -mru] -setting showLayer_DM9EXCL -value false
gui_set_setting -window [gui_get_current_window -types Layout -mru] -setting showLayer_DNW -value false
gui_set_setting -window [gui_get_current_window -types Layout -mru] -setting showLayer_ESD_25 -value false
gui_set_setting -window [gui_get_current_window -types Layout -mru] -setting showLayer_HOTNWL -value false
gui_set_setting -window [gui_get_current_window -types Layout -mru] -setting showLayer_HVTIMP -value false
gui_set_setting -window [gui_get_current_window -types Layout -mru] -setting showLayer_IP -value false
gui_set_setting -window [gui_get_current_window -types Layout -mru] -setting showLayer_LOGO -value false
gui_set_setting -window [gui_get_current_window -types Layout -mru] -setting showLayer_LVTIMP -value false
gui_set_setting -window [gui_get_current_window -types Layout -mru] -setting showLayer_M1PIN -value false
gui_set_setting -window [gui_get_current_window -types Layout -mru] -setting showLayer_M2PIN -value false
gui_set_setting -window [gui_get_current_window -types Layout -mru] -setting showLayer_M3PIN -value false
gui_set_setting -window [gui_get_current_window -types Layout -mru] -setting showLayer_M4PIN -value false
gui_set_setting -window [gui_get_current_window -types Layout -mru] -setting showLayer_M5PIN -value false
gui_set_setting -window [gui_get_current_window -types Layout -mru] -setting showLayer_M6PIN -value false
gui_set_setting -window [gui_get_current_window -types Layout -mru] -setting showLayer_M7PIN -value false
gui_set_setting -window [gui_get_current_window -types Layout -mru] -setting showLayer_M8PIN -value false
gui_set_setting -window [gui_get_current_window -types Layout -mru] -setting showLayer_M9PIN -value false
gui_set_setting -window [gui_get_current_window -types Layout -mru] -setting showLayer_NIMP -value false
gui_set_setting -window [gui_get_current_window -types Layout -mru] -setting showLayer_PAD -value false
gui_set_setting -window [gui_get_current_window -types Layout -mru] -setting showLayer_PIMP -value false
gui_set_setting -window [gui_get_current_window -types Layout -mru] -setting showLayer_RDIFF -value false
gui_set_setting -window [gui_get_current_window -types Layout -mru] -setting showLayer_RM1 -value false
gui_set_setting -window [gui_get_current_window -types Layout -mru] -setting showLayer_RM2 -value false
gui_set_setting -window [gui_get_current_window -types Layout -mru] -setting showLayer_RM3 -value false
gui_set_setting -window [gui_get_current_window -types Layout -mru] -setting showLayer_RM4 -value false
gui_set_setting -window [gui_get_current_window -types Layout -mru] -setting showLayer_RM5 -value false
gui_set_setting -window [gui_get_current_window -types Layout -mru] -setting showLayer_RM6 -value false
gui_set_setting -window [gui_get_current_window -types Layout -mru] -setting showLayer_RM7 -value false
gui_set_setting -window [gui_get_current_window -types Layout -mru] -setting showLayer_RM8 -value false
gui_set_setting -window [gui_get_current_window -types Layout -mru] -setting showLayer_RM9 -value false
gui_set_setting -window [gui_get_current_window -types Layout -mru] -setting showLayer_RNW -value false
gui_set_setting -window [gui_get_current_window -types Layout -mru] -setting showLayer_RPOLY -value false
gui_set_setting -window [gui_get_current_window -types Layout -mru] -setting showLayer_SBLK -value false
gui_set_setting -window [gui_get_current_window -types Layout -mru] -setting showLayer_prBoundary -value false
gui_set_setting -window [gui_get_current_window -types Layout -mru] -setting showLayer_UNASSIGNED -value false
gui_set_setting -window [gui_get_current_window -types Layout -mru] -setting showLayer_NWELL -value true
gui_set_setting -window [gui_get_current_window -types Layout -mru] -setting showLayer_PO -value true
gui_set_setting -window [gui_get_current_window -types Layout -mru] -setting showLayer_PODMY -value true
gui_set_setting -window [gui_get_current_window -types Layout -mru] -setting showLayer_CO -value true
gui_set_setting -window [gui_get_current_window -types Layout -mru] -setting showLayer_M1 -value true
gui_set_setting -window [gui_get_current_window -types Layout -mru] -setting showLayer_M1DMY -value true
gui_set_setting -window [gui_get_current_window -types Layout -mru] -setting showLayer_VIA1 -value true
gui_set_setting -window [gui_get_current_window -types Layout -mru] -setting showLayer_M2 -value true
gui_set_setting -window [gui_get_current_window -types Layout -mru] -setting showLayer_M2DMY -value true
gui_set_setting -window [gui_get_current_window -types Layout -mru] -setting showLayer_VIA2 -value true
gui_set_setting -window [gui_get_current_window -types Layout -mru] -setting showLayer_M3 -value true
gui_set_setting -window [gui_get_current_window -types Layout -mru] -setting showLayer_M3DMY -value true
gui_set_setting -window [gui_get_current_window -types Layout -mru] -setting showLayer_VIA3 -value true
gui_set_setting -window [gui_get_current_window -types Layout -mru] -setting showLayer_M4 -value true
gui_set_setting -window [gui_get_current_window -types Layout -mru] -setting showLayer_M4DMY -value true
gui_set_setting -window [gui_get_current_window -types Layout -mru] -setting showLayer_VIA4 -value true
gui_set_setting -window [gui_get_current_window -types Layout -mru] -setting showLayer_M5 -value true
gui_set_setting -window [gui_get_current_window -types Layout -mru] -setting showLayer_M5DMY -value true
gui_set_setting -window [gui_get_current_window -types Layout -mru] -setting showLayer_VIA5 -value true
gui_set_setting -window [gui_get_current_window -types Layout -mru] -setting showLayer_M6 -value true
gui_set_setting -window [gui_get_current_window -types Layout -mru] -setting showLayer_M6DMY -value true
gui_set_setting -window [gui_get_current_window -types Layout -mru] -setting showLayer_VIA6 -value true
gui_set_setting -window [gui_get_current_window -types Layout -mru] -setting showLayer_M7 -value true
gui_set_setting -window [gui_get_current_window -types Layout -mru] -setting showLayer_M7DMY -value true
gui_set_setting -window [gui_get_current_window -types Layout -mru] -setting showLayer_VIA7 -value true
gui_set_setting -window [gui_get_current_window -types Layout -mru] -setting showLayer_M8 -value true
gui_set_setting -window [gui_get_current_window -types Layout -mru] -setting showLayer_M8DMY -value true
gui_set_setting -window [gui_get_current_window -types Layout -mru] -setting showLayer_VIA8 -value true
gui_set_setting -window [gui_get_current_window -types Layout -mru] -setting showLayer_M9 -value true
gui_set_setting -window [gui_get_current_window -types Layout -mru] -setting showLayer_M9DMY -value true
gui_set_setting -window [gui_get_current_window -types Layout -mru] -setting showLayer_BJTDMY -value true
gui_set_setting -window [gui_get_current_window -types Layout -mru] -setting showLayer_DIFF -value true
gui_set_setting -window [gui_get_current_window -types Layout -mru] -setting showLayer_DDMY -value true
gui_set_setting -window [gui_get_current_window -types Layout -mru] -setting showLayer_DIFF_25 -value true
gui_set_setting -window [gui_get_current_window -types Layout -mru] -setting showLayer_DIOD -value true
gui_set_setting -window [gui_get_current_window -types Layout -mru] -setting showLayer_DM1EXCL -value true
gui_set_setting -window [gui_get_current_window -types Layout -mru] -setting showLayer_DM2EXCL -value true
gui_set_setting -window [gui_get_current_window -types Layout -mru] -setting showLayer_DM3EXCL -value true
gui_set_setting -window [gui_get_current_window -types Layout -mru] -setting showLayer_DM4EXCL -value true
gui_set_setting -window [gui_get_current_window -types Layout -mru] -setting showLayer_DM5EXCL -value true
gui_set_setting -window [gui_get_current_window -types Layout -mru] -setting showLayer_DM6EXCL -value true
gui_set_setting -window [gui_get_current_window -types Layout -mru] -setting showLayer_DM7EXCL -value true
gui_set_setting -window [gui_get_current_window -types Layout -mru] -setting showLayer_DM8EXCL -value true
gui_set_setting -window [gui_get_current_window -types Layout -mru] -setting showLayer_DM9EXCL -value true
gui_set_setting -window [gui_get_current_window -types Layout -mru] -setting showLayer_DNW -value true
gui_set_setting -window [gui_get_current_window -types Layout -mru] -setting showLayer_ESD_25 -value true
gui_set_setting -window [gui_get_current_window -types Layout -mru] -setting showLayer_HOTNWL -value true
gui_set_setting -window [gui_get_current_window -types Layout -mru] -setting showLayer_HVTIMP -value true
gui_set_setting -window [gui_get_current_window -types Layout -mru] -setting showLayer_IP -value true
gui_set_setting -window [gui_get_current_window -types Layout -mru] -setting showLayer_LOGO -value true
gui_set_setting -window [gui_get_current_window -types Layout -mru] -setting showLayer_LVTIMP -value true
gui_set_setting -window [gui_get_current_window -types Layout -mru] -setting showLayer_M1PIN -value true
gui_set_setting -window [gui_get_current_window -types Layout -mru] -setting showLayer_M2PIN -value true
gui_set_setting -window [gui_get_current_window -types Layout -mru] -setting showLayer_M3PIN -value true
gui_set_setting -window [gui_get_current_window -types Layout -mru] -setting showLayer_M4PIN -value true
gui_set_setting -window [gui_get_current_window -types Layout -mru] -setting showLayer_M5PIN -value true
gui_set_setting -window [gui_get_current_window -types Layout -mru] -setting showLayer_M6PIN -value true
gui_set_setting -window [gui_get_current_window -types Layout -mru] -setting showLayer_M7PIN -value true
gui_set_setting -window [gui_get_current_window -types Layout -mru] -setting showLayer_M8PIN -value true
gui_set_setting -window [gui_get_current_window -types Layout -mru] -setting showLayer_M9PIN -value true
gui_set_setting -window [gui_get_current_window -types Layout -mru] -setting showLayer_NIMP -value true
gui_set_setting -window [gui_get_current_window -types Layout -mru] -setting showLayer_PAD -value true
gui_set_setting -window [gui_get_current_window -types Layout -mru] -setting showLayer_PIMP -value true
gui_set_setting -window [gui_get_current_window -types Layout -mru] -setting showLayer_RDIFF -value true
gui_set_setting -window [gui_get_current_window -types Layout -mru] -setting showLayer_RM1 -value true
gui_set_setting -window [gui_get_current_window -types Layout -mru] -setting showLayer_RM2 -value true
gui_set_setting -window [gui_get_current_window -types Layout -mru] -setting showLayer_RM3 -value true
gui_set_setting -window [gui_get_current_window -types Layout -mru] -setting showLayer_RM4 -value true
gui_set_setting -window [gui_get_current_window -types Layout -mru] -setting showLayer_RM5 -value true
gui_set_setting -window [gui_get_current_window -types Layout -mru] -setting showLayer_RM6 -value true
gui_set_setting -window [gui_get_current_window -types Layout -mru] -setting showLayer_RM7 -value true
gui_set_setting -window [gui_get_current_window -types Layout -mru] -setting showLayer_RM8 -value true
gui_set_setting -window [gui_get_current_window -types Layout -mru] -setting showLayer_RM9 -value true
gui_set_setting -window [gui_get_current_window -types Layout -mru] -setting showLayer_RNW -value true
gui_set_setting -window [gui_get_current_window -types Layout -mru] -setting showLayer_RPOLY -value true
gui_set_setting -window [gui_get_current_window -types Layout -mru] -setting showLayer_SBLK -value true
gui_set_setting -window [gui_get_current_window -types Layout -mru] -setting showLayer_prBoundary -value true
gui_set_setting -window [gui_get_current_window -types Layout -mru] -setting showLayer_UNASSIGNED -value true
gui_show_map -window [gui_get_current_window -types Layout -mru] -map {cellDensityMap} -show {true}
gui_show_map -window [gui_get_current_window -types Layout -mru] -map {cellMapUtilMap} -show {true}
gui_zoom -window [gui_get_current_window -types Layout -view] -factor 2 -at_point {352.750 336.715}
gui_zoom -window [gui_get_current_window -types Layout -view] -factor 2 -at_point {352.925 336.685}
gui_zoom -window [gui_get_current_window -types Layout -view] -factor 2 -at_point {330.500 354.250}
