#@ # 
#@ # Running fm_shell Version L-2016.03-SP1 for linux64 -- Apr 13, 2016
#@ # Date:   Thu Sep 17 17:22:13 2026
#@ # Run by: ICer@IC_EDA
#@ 

source /home/synopsys/Formality/admin/setup/.synopsys_fm.setup
#@ # -- Starting source /home/synopsys/Formality/admin/setup/.synopsys_fm.setup

#@ #
#@ # .synopsys_fm.setup: Initialization File for Formality
#@ #
#@ 
#@ 
#@ #
#@ # Enable stack trace output on fatal.  Not available for all architectures.
#@ #
#@ if { $sh_arch == "sparc" || $sh_arch == "sparcOS5" ||      $sh_arch == "hp700" || $sh_arch == "hpux10" } {
#@   set_unix_variable SYNOPSYS_TRACE ""
#@ }
#@ 
#@ #
#@ # Variable settings
#@ #
#@ set sh_new_variable_message true
#@ 
#@ #
#@ # Synopsys strongly recommends that you uncomment the following command
#@ # in order to set sh_command_abbrev_mode to the value "Command-Line-Only".
#@ # Command abbreviation is intended as an interactive convenience.  Using
#@ # abbreviations in scripts can cause commands to fail in subsequent releases.
#@ # 
#@ #set sh_command_abbrev_mode "Command-Line-Only"
#@ 
#@ #
#@ # Some useful aliases
#@ #
#@ alias list_commands		help
#@ 
#@ #
#@ # The alias of q to quit is commented out.  Remove the comment 
#@ # character if you want this alias.  Some users find that having 
#@ # this particular alias causes problems when mixed with page-mode
#@ # for reports - an accidental repeated 'q' not only cancels the
#@ # output but exits the tool.
#@ #
#@ #alias q quit
#@ # -- End source /home/synopsys/Formality/admin/setup/.synopsys_fm.setup

source ../scripts/fm_script.tcl 
#@ # -- Starting source ../scripts/fm_script.tcl

#@ set top_module zigbee_phy_tx
#@ lappend search_path /home/ICer/Downloads/Lib/synopsys/models
#@ lappend search_path /home/ICer/zigbee/synthesis/rtl
#@ ##########################################################
#@ ##########################################################
#@ set synopsys_auto_setup true
#@ ##########################################################
#@ set_svf "/home/ICer/zigbee/synthesis/run/${top_module}.svf"
#@ ##########################################################
#@ set SSLIB "saed90nm_max.db"
#@ ##########################################################
#@ read_db -container ref [list $SSLIB]
#@ ##########################################################
#@ read_verilog -container ref {*.v}
#@ ##########################################################
#@ set_reference_design $top_module
#@ set_top $top_module
#@ ##########################################################
#@ read_db -container imp [list $SSLIB]
#@ ##########################################################
#@ read_verilog -container imp -netlist "/home/ICer/zigbee/synthesis/results/outputs/${top_module}.v"
#@ ############################################################
#@ set_implementation_design $top_module
#@ set_top $top_module
#@ ############################################################
#@ #set_constant ref:/WORK/*/test_mode 0
#@ #set_constant imp:/WORK/*/test_mode 0
#@ #############################################################
#@ match
#@ #############################################################
#@ set successful [verify]
#@ if {! $successful} {
#@     diagnose    
#@     analyze_points -failing
#@     } else {
#@     puts "successful"
#@     }
#@ ###################################################################
#@ report_passing_points > ../results/reports/passing_points.rpt
#@ report_failing_points > ../results/reports/failing_points.rpt
#@ report_aborted_points > ../results/reports/aborted_points.rpt
#@ report_unverified_points > ../results/reports/unverified_points.rpt
#@ 
#@ # -- End source ../scripts/fm_script.tcl

report_status 
verify
report_points
report_unread_endpoints 
report_unread_endpoints -ref
report_unread_endpoints -all
quit
