****************************************
Report : report_utilization
Design : zigbee_phy_tx
Version: O-2018.06-SP1
Date   : Thu Sep 17 08:19:58 2026
****************************************
Utilization Ratio:			0.5003
Utilization options:
 - Area calculation based on:		site_row of block zigbee_phy_tx_floorplan
 - Categories of objects excluded:	hard_macros macro_keepouts soft_macros io_cells hard_blockages 
Total Area:				431386.2144
Total Capacity Area:			431386.2144
Total Area of cells:			215824.8960
Area of excluded objects:
 - hard_macros         :		0.0000
 - macro_keepouts      :		0.0000
 - soft_macros         :		0.0000
 - io_cells            :		0.0000
 - hard_blockages      :		0.0000

Utilization of site-rows with:
 - Site 'unit':				0.5003

0.5003
