In mode: Internal_scan...
  Design has scan chains in this mode
  Design is scan routed
  Post-DFT DRC enabled

Information: Starting test design rule checking. (TEST-222)
  Loading test protocol
  ...basic checks...
  ...basic sequential cell checks...
  ...checking vector rules...
  ...checking clock rules...
  ...checking scan chain rules...
  ...checking scan compression rules...
  ...checking X-state rules...
  ...checking tristate rules...
  ...extracting scan details...

-----------------------------------------------------------------
  DRC Report

  Total violations: 0

-----------------------------------------------------------------


Test Design rule checking did not find violations

-----------------------------------------------------------------
  Sequential Cell Report

  0 out of 3244 sequential cells have violations

-----------------------------------------------------------------

SEQUENTIAL CELLS WITHOUT VIOLATIONS
      *3244 cells are valid scan cells

Information: Test design rule checking completed. (TEST-123)
  Running test coverage estimation...
 107884 faults were added to fault list.
 0           45044  40074         0/0/0    62.84%      0.02
 0            4620  35454         0/0/0    67.12%      0.02
 0            3324  32130         0/0/0    70.20%      0.03
 0            2609  29521         0/0/0    72.62%      0.03
 0            1911  27610         0/0/0    74.39%      0.03
 0            1724  25886         0/0/0    75.99%      0.04
 0            1289  24597         0/0/0    77.18%      0.04
 0            1393  23204         0/0/0    78.48%      0.05
 0            1360  21844         0/0/0    79.74%      0.05
 0            1136  20708         0/0/0    80.79%      0.05
 0            1055  19653         0/0/0    81.77%      0.06
 0             964  18689         0/0/0    82.66%      0.06
 0            1006  17683         0/0/0    83.59%      0.06
 0             758  16925         0/0/0    84.30%      0.06
 0             902  16023         0/0/0    85.13%      0.07
 0             915  15108         0/0/0    85.98%      0.07
 0             769  14339         0/0/0    86.69%      0.07
 0             711  13628         0/0/0    87.35%      0.08
 0             822  12806         0/0/0    88.11%      0.08
 0             553  12253         0/0/0    88.63%      0.08
 0             637  11616         0/0/0    89.22%      0.08
 0             582  11034         0/0/0    89.76%      0.09
 0             536  10498         0/0/0    90.25%      0.09
 0             622   9876         0/0/0    90.83%      0.09
 0             507   9369         0/0/0    91.30%      0.09
 0             413   8956         0/0/0    91.68%      0.10
 0             420   8536         0/0/0    92.07%      0.10
 0             424   8112         0/0/0    92.47%      0.10
 0             473   7639         0/0/0    92.90%      0.10
 0             436   7203         0/0/0    93.31%      0.11
 0             399   6804         0/0/0    93.68%      0.11
 0             355   6449         0/0/0    94.01%      0.11
 0             352   6097         0/0/0    94.33%      0.11
 0             337   5760         0/0/0    94.65%      0.12
 0             447   5313         0/0/0    95.06%      0.12
 0             349   4964         0/0/0    95.38%      0.12
 0             264   4700         0/0/0    95.63%      0.12
 0             274   4426         0/0/0    95.88%      0.13
 0             240   4186         0/0/0    96.10%      0.13
 0             246   3940         0/0/0    96.33%      0.13
 0             235   3705         0/0/0    96.55%      0.13
 0             148   3557         0/0/0    96.69%      0.13
 0             216   3341         0/0/0    96.89%      0.14
 0             166   3175         0/0/0    97.04%      0.14
 0             225   2950         0/0/0    97.25%      0.14
 0             197   2753         0/0/0    97.43%      0.14
 0             156   2597         0/0/0    97.58%      0.14
 0             175   2422         0/0/0    97.74%      0.15
 0             126   2296         0/0/0    97.86%      0.15
 0             129   2167         0/0/0    97.98%      0.15
 0             142   2025         0/0/0    98.11%      0.15
 0             130   1895         0/0/0    98.23%      0.15
 0              98   1797         0/0/0    98.32%      0.16
 0             106   1691         0/0/0    98.42%      0.16
 0             101   1590         0/0/0    98.51%      0.16
 0              98   1492         0/0/0    98.60%      0.16
 0              96   1396         0/0/0    98.69%      0.17
 0              85   1311         0/0/0    98.77%      0.17
 0             132   1179         0/0/0    98.89%      0.17
 0             103   1076         0/0/0    98.99%      0.17
 0              90    986         0/0/0    99.07%      0.17
 0              82    904         0/0/0    99.15%      0.17
 0              70    834         0/0/0    99.21%      0.18
 0              98    736         0/0/0    99.30%      0.18
 0              80    656         0/0/1    99.38%      0.18
 0              81    575         0/0/1    99.45%      0.18
 0              66    509         0/0/1    99.51%      0.19
 0              66    443         0/0/1    99.57%      0.19
 0              58    385         0/0/1    99.63%      0.19
 0              56    329         0/0/1    99.68%      0.19
 0              61    268         0/0/1    99.74%      0.19
 0              46    222         0/0/1    99.78%      0.20
 0              52    170         0/0/1    99.83%      0.20
 0              54    116         0/0/1    99.88%      0.20
 0              51     65         0/0/1    99.92%      0.20
 0              39     26         0/0/1    99.96%      0.21
 0              15      0         7/0/1    99.98%      0.21
 
            Pattern Summary Report
 -----------------------------------------------
 #internal patterns                           0
 -----------------------------------------------
 

     Uncollapsed Stuck Fault Summary Report
 -----------------------------------------------
 fault class                     code   #faults
 ------------------------------  ----  ---------
 Detected                         DT     107856
 Possibly detected                PT          0
 Undetectable                     UD         11
 ATPG untestable                  AU         17
 Not detected                     ND          0
 -----------------------------------------------
 total faults                            107884
 test coverage                            99.98%
 -----------------------------------------------
  Information: The test coverage above may be inferior
               than the real test coverage with customized
               protocol and test simulation library.
1
