/home/synopsys/syn/O-2018.06-SP1/auxx/gui/dv/dv_setup.tcl
/home/synopsys/syn/O-2018.06-SP1/auxx/gui/syn/snpsSynProcs.tcl
/home/synopsys/syn/O-2018.06-SP1/auxx/gui/syn/layout/pkgIndex.tcl
/home/synopsys/syn/O-2018.06-SP1/auxx/gui/common/tq/pkgIndex.tcl
/home/synopsys/syn/O-2018.06-SP1/auxx/gui/common/docBrowser/pkgIndex.tcl
/home/synopsys/syn/O-2018.06-SP1/auxx/gui/common/qtcl/pkgIndex.tcl
/home/synopsys/syn/O-2018.06-SP1/auxx/gui/common/profiler/pkgIndex.tcl
/home/synopsys/syn/O-2018.06-SP1/auxx/gui/common/highlight/pkgIndex.tcl
/home/synopsys/syn/O-2018.06-SP1/auxx/gui/common/tiledview/pkgIndex.tcl
/home/synopsys/syn/O-2018.06-SP1/auxx/gui/common/mrupalette/pkgIndex.tcl
/home/synopsys/syn/O-2018.06-SP1/auxx/gui/common/histogram/pkgIndex.tcl
/home/synopsys/syn/O-2018.06-SP1/auxx/gui/common/palettegroup/pkgIndex.tcl
/home/synopsys/syn/O-2018.06-SP1/auxx/gui/common/layout/pkgIndex.tcl
/home/synopsys/syn/O-2018.06-SP1/auxx/gui/common/select/pkgIndex.tcl
/home/synopsys/syn/O-2018.06-SP1/auxx/gui/common/pathinspector/pkgIndex.tcl
/home/synopsys/syn/O-2018.06-SP1/auxx/gui/common/regressionToolkit/pkgIndex.tcl
/home/synopsys/syn/O-2018.06-SP1/auxx/gui/common/fanoutviewer/pkgIndex.tcl
/home/synopsys/syn/O-2018.06-SP1/auxx/gui/common/table/pkgIndex.tcl
/home/synopsys/syn/O-2018.06-SP1/auxx/gui/common/opdlg/pkgIndex.tcl
/home/synopsys/syn/O-2018.06-SP1/auxx/gui/common/timing/pkgIndex.tcl
/home/synopsys/syn/O-2018.06-SP1/auxx/gui/common/acg/pkgIndex.tcl
/home/synopsys/syn/O-2018.06-SP1/auxx/gui/common/strokes/pkgIndex.tcl
/home/synopsys/syn/O-2018.06-SP1/auxx/gui/common/libviewer/pkgIndex.tcl
/home/synopsys/syn/O-2018.06-SP1/auxx/gui/common/menus/pkgIndex.tcl
/home/synopsys/syn/O-2018.06-SP1/auxx/gui/common/view/pkgIndex.tcl
/home/synopsys/syn/O-2018.06-SP1/auxx/gui/common/commandform/pkgIndex.tcl
/home/synopsys/syn/O-2018.06-SP1/auxx/gui/common/WindowFrameWork/pkgIndex.tcl
/home/synopsys/syn/O-2018.06-SP1/auxx/gui/common/schematic/pkgIndex.tcl
/home/synopsys/syn/O-2018.06-SP1/auxx/gui/common/misc/pkgIndex.tcl
/home/synopsys/syn/O-2018.06-SP1/auxx/gui/common/tcl-dp/pkgIndex.tcl
/home/synopsys/syn/O-2018.06-SP1/auxx/gui/common/dialogs/pkgIndex.tcl
/home/synopsys/syn/O-2018.06-SP1/auxx/gui/common/setup/pkgIndex.tcl
/home/synopsys/syn/O-2018.06-SP1/auxx/gui/common/hierarchy/pkgIndex.tcl
/home/synopsys/syn/O-2018.06-SP1/auxx/gui/dv/pkgIndex.tcl
/home/synopsys/syn/O-2018.06-SP1/auxx/syn/lib/pkgIndex.tcl
/home/synopsys/syn/O-2018.06-SP1/auxx/tcllib/lib/iwidgets4.1/pkgIndex.tcl
/home/synopsys/syn/O-2018.06-SP1/auxx/tcllib/snps_tcl/snpsTclPro/pkgIndex.tcl
/home/synopsys/syn/O-2018.06-SP1/auxx/tcllib/snps_tcl/snpsTest/pkgIndex.tcl
/home/synopsys/syn/O-2018.06-SP1/auxx/tcllib/snps_tcl/snpsUtils/pkgIndex.tcl
/home/synopsys/syn/O-2018.06-SP1/auxx/tcllib/snps_tcl/pkgIndex.tcl
/home/synopsys/syn/O-2018.06-SP1/auxx/tcllib/lib/tcl8.6/reg/pkgIndex.tcl
/home/synopsys/syn/O-2018.06-SP1/auxx/tcllib/lib/tcl8.6/dde/pkgIndex.tcl
/home/synopsys/syn/O-2018.06-SP1/auxx/tcllib/lib/tcl8.6/platform/pkgIndex.tcl
/home/synopsys/syn/O-2018.06-SP1/auxx/tcllib/lib/tcl8.6/tcltest/pkgIndex.tcl
/home/synopsys/syn/O-2018.06-SP1/auxx/tcllib/lib/tcl8.6/http/pkgIndex.tcl
/home/synopsys/syn/O-2018.06-SP1/auxx/tcllib/lib/tcl8.6/msgcat/pkgIndex.tcl
/home/synopsys/syn/O-2018.06-SP1/auxx/tcllib/lib/tcl8.6/http1.0/pkgIndex.tcl
/home/synopsys/syn/O-2018.06-SP1/auxx/tcllib/lib/tcl8.6/opt/pkgIndex.tcl
/home/synopsys/syn/O-2018.06-SP1/auxx/gui/common/setup/snpsCommonSetup.tcl
/home/synopsys/syn/O-2018.06-SP1/auxx/gui/common/setup/snpsCustomize.tcl
/home/synopsys/syn/O-2018.06-SP1/auxx/gui/common/setup/snpsProcheck.tcl
/home/synopsys/syn/O-2018.06-SP1/auxx/gui/common/qtcl/.synopsys_qtcl.tcl
/home/synopsys/syn/O-2018.06-SP1/auxx/gui/common/highlight/highlight.tcl
/home/synopsys/syn/O-2018.06-SP1/auxx/gui/common/misc/base.tcl
/home/synopsys/syn/O-2018.06-SP1/auxx/gui/common/misc/timing.tcl
/home/synopsys/syn/O-2018.06-SP1/auxx/gui/common/misc/setting.tcl
/home/synopsys/syn/O-2018.06-SP1/auxx/gui/common/misc/preset.tcl
/home/synopsys/syn/O-2018.06-SP1/auxx/gui/common/WindowFrameWork/windowFrameWork.tcl
/home/synopsys/syn/O-2018.06-SP1/auxx/gui/common/WindowFrameWork/skipBusyCursorCmdList.tcl
/home/synopsys/syn/O-2018.06-SP1/auxx/gui/common/docBrowser/docBrowser.tcl
/home/synopsys/syn/O-2018.06-SP1/auxx/tcllib/snps_tcl/snpsUtils/snpsUtils.tcl
/home/synopsys/syn/O-2018.06-SP1/auxx/gui/common/dialogs/ObjectChooser.tcl
/home/synopsys/syn/O-2018.06-SP1/auxx/gui/common/misc/DialogObjectChooser.tcl
/home/synopsys/syn/O-2018.06-SP1/auxx/gui/common/dialogs/HistBinInformation.tcl
/home/synopsys/syn/O-2018.06-SP1/auxx/gui/common/dialogs/HistBin1Information.tcl
/home/synopsys/syn/O-2018.06-SP1/auxx/gui/common/dialogs/BinsOnlyInformation.tcl
/home/synopsys/syn/O-2018.06-SP1/auxx/gui/common/dialogs/FileChooser.tcl
/home/synopsys/syn/O-2018.06-SP1/auxx/gui/common/dialogs/PathPinSimpleInfo.tcl
/home/synopsys/syn/O-2018.06-SP1/auxx/gui/common/dialogs/PathsBasicInfo.tcl
/home/synopsys/syn/O-2018.06-SP1/auxx/gui/common/dialogs/PathsBasicSimpleInfo.tcl
/home/synopsys/syn/O-2018.06-SP1/auxx/gui/common/dialogs/SlctOperationInfo.tcl
/home/synopsys/syn/O-2018.06-SP1/auxx/gui/common/dialogs/ObjectListInfo.tcl
/home/synopsys/syn/O-2018.06-SP1/auxx/gui/common/dialogs/FanInOutInfo.tcl
/home/synopsys/syn/O-2018.06-SP1/auxx/gui/common/dialogs/NumberOfLevelsChooser.tcl
/home/synopsys/syn/O-2018.06-SP1/auxx/gui/common/dialogs/WindowReuseInfo.tcl
/home/synopsys/syn/O-2018.06-SP1/auxx/gui/common/dialogs/ReportOutputOptionInfo.tcl
/home/synopsys/syn/O-2018.06-SP1/auxx/gui/common/setup/snpsCollections.tcl
/home/synopsys/syn/O-2018.06-SP1/auxx/gui/common/dialogs/CompileLinkDesign.tcl
/home/synopsys/syn/O-2018.06-SP1/auxx/gui/common/histogram/DialogEndpointSlack.tcl
/home/synopsys/syn/O-2018.06-SP1/auxx/gui/common/histogram/DialogPathsSlack.tcl
/home/synopsys/syn/O-2018.06-SP1/auxx/gui/common/histogram/DialogNetCapacitance.tcl
/home/synopsys/syn/O-2018.06-SP1/auxx/gui/common/schematic/DialogPathSchematicFanInOut.tcl
/home/synopsys/syn/O-2018.06-SP1/auxx/gui/common/schematic/DialogPathSchematicAddPaths.tcl
/home/ICer/Labs/Zigbee/dft/script/dft_script.tcl
/home/ICer/Labs/Zigbee/rtl/chirp_modulation.v
/home/ICer/Labs/Zigbee/rtl/demux.v
/home/ICer/Labs/Zigbee/rtl/dqpsk_encoder.v
/home/ICer/Labs/Zigbee/rtl/form_ppdu.v
/home/ICer/Labs/Zigbee/rtl/master_ctrl_fsm.v
/home/ICer/Labs/Zigbee/rtl/mux2x1.v
/home/ICer/Labs/Zigbee/rtl/payload_ram.v
/home/ICer/Labs/Zigbee/rtl/piso.v
/home/ICer/Labs/Zigbee/rtl/preamble_sfd_rom.v
/home/ICer/Labs/Zigbee/rtl/qpsk_dqpsk_chirp_top.v
/home/ICer/Labs/Zigbee/rtl/qpsk_mapper.v
/home/ICer/Labs/Zigbee/rtl/symbol_mapper.v
/home/ICer/Labs/Zigbee/rtl/symbol_mapper_RAM.v
/home/ICer/Labs/Zigbee/rtl/zero_padder.v
/home/ICer/Labs/Zigbee/rtl/zigbee_phy_tx.v
/home/ICer/Labs/Zigbee/std_cells/saed90nm_max.db
/home/synopsys/syn/O-2018.06-SP1/libraries/syn/gtech.db
/home/synopsys/syn/O-2018.06-SP1/libraries/syn/standard.sldb
/home/ICer/Labs/Zigbee/dft/cons/synthesis_cons.tcl
/home/ICer/Labs/Zigbee/dft/cons/dft_cons.tcl
/home/ICer/synopsys_cache_O-2018.06-SP1/DW01/DW01_inc/rpl/2/saed90nm_max_2406/element.ddc
/home/ICer/synopsys_cache_O-2018.06-SP1/DW01/DW01_sub/rpl/2/saed90nm_max_2406/element.ddc
/home/ICer/synopsys_cache_O-2018.06-SP1/DW01/DW01_inc/rpl/4/saed90nm_max_2406/element.ddc
/home/ICer/synopsys_cache_O-2018.06-SP1/DW01/DW01_dec/rpl/4/saed90nm_max_2406/element.ddc
/home/ICer/synopsys_cache_O-2018.06-SP1/DW01/DW01_cmp2/rpl/4/saed90nm_max_2406/element.ddc
/home/ICer/synopsys_cache_O-2018.06-SP1/DW01/DW01_dec/rpl/7/saed90nm_max_2406/element.ddc
/home/ICer/synopsys_cache_O-2018.06-SP1/DW01/DW01_inc/rpl/6/saed90nm_max_2406/element.ddc
/home/ICer/synopsys_cache_O-2018.06-SP1/DW01/DW01_add/rpl/8/saed90nm_max_2406/element.ddc
/home/ICer/synopsys_cache_O-2018.06-SP1/DW01/DW01_sub/rpl/8/saed90nm_max_2406/element.ddc
/home/ICer/synopsys_cache_O-2018.06-SP1/DW01/DW01_sub/rpl/7/saed90nm_max_2406/element.ddc
/home/ICer/synopsys_cache_O-2018.06-SP1/DW01/DW01_inc/rpl/8/saed90nm_max_2406/element.ddc
/home/ICer/synopsys_cache_O-2018.06-SP1/DW01/DW01_inc/rpl/7/saed90nm_max_2406/element.ddc
/home/ICer/synopsys_cache_O-2018.06-SP1/DW01/DW01_cmp2/rpl/32/saed90nm_max_2406/element.ddc
/home/ICer/synopsys_cache_O-2018.06-SP1/DW01/DW01_cmp2/rpl/7/saed90nm_max_2406/element.ddc
/home/ICer/synopsys_cache_O-2018.06-SP1/DW01/DW01_cmp6/rpl/8/saed90nm_max_2406/element.ddc
/home/ICer/synopsys_cache_O-2018.06-SP1/DW01/DW01_dec/rpl/8/saed90nm_max_2406/element.ddc
/home/ICer/synopsys_cache_O-2018.06-SP1/DW01/DW01_add/rpl/8/saed90nm_max_2406_9485_5160/element.ddc
/home/ICer/synopsys_cache_O-2018.06-SP1/DW01/DW01_add/cla/8/saed90nm_max_2406_9485_5160/element.ddc
/home/ICer/synopsys_cache_O-2018.06-SP1/DW02/DW02_mult/csa/2/6/saed90nm_max_2406_9485_5160/element.ddc
/home/ICer/synopsys_cache_O-2018.06-SP1/DW01/DW01_sub/rpl/4/saed90nm_max_2406_9485_5160/element.ddc
/home/ICer/synopsys_cache_O-2018.06-SP1/DW01/DW01_sub/cla/4/saed90nm_max_2406_9485_5160/element.ddc
/home/ICer/synopsys_cache_O-2018.06-SP1/DW01/DW01_add/rpl/4/saed90nm_max_2406_9485_5160/element.ddc
/home/ICer/synopsys_cache_O-2018.06-SP1/DW01/DW01_add/cla/4/saed90nm_max_2406_9485_5160/element.ddc
/home/ICer/synopsys_cache_O-2018.06-SP1/DW02/DW02_mult/csa/2/6/saed90nm_max_2406/element.ddc
/home/ICer/synopsys_cache_O-2018.06-SP1/DW01/DW01_add/cla/6/saed90nm_max_2406/element.ddc
/home/ICer/synopsys_cache_O-2018.06-SP1/DW01/DW01_add/rpl/4/saed90nm_max_2406/element.ddc
/home/ICer/synopsys_cache_O-2018.06-SP1/DW01/DW01_sub/rpl/4/saed90nm_max_2406/element.ddc
/home/ICer/Labs/Zigbee/std_cells/saed90nm_max.db
/home/ICer/Labs/Zigbee/std_cells/saed90nm_max.db
/home/ICer/synopsys_cache_O-2018.06-SP1/DW01/DW01_inc/rpl/8/saed90nm_max_2406_9485_5160/element.ddc
/home/ICer/synopsys_cache_O-2018.06-SP1/DW01/DW01_inc/rpl/7/saed90nm_max_2406_9485_5160/element.ddc
/home/ICer/Labs/Zigbee/std_cells/saed90nm_max.db
/home/ICer/Labs/Zigbee/std_cells/saed90nm_max.db
