
                                 Formality (R)

               Version L-2016.03-SP1 for linux64 - Apr 13, 2016 

                    Copyright (c) 1988 - 2016 Synopsys, Inc.
   This software and the associated documentation are proprietary to Synopsys,
 Inc. This software may only be used in accordance with the terms and conditions
 of a written license agreement with Synopsys, Inc. All other use, reproduction,
            or distribution of this software is strictly prohibited.

  ** Highlights of Formality (R) Version L-2016.03 **
   - New alternate verification strategies for resolving inconclusive verifications
   - Automation for deploying alternate strategies
   - New command to export the mapping of reference to implementation registers
   - New capability to combine PG and low power information from db libraries with Verilog functional models

   * Please refer to the Formality Release Notes for details and additional enhancements

Build: 4031317
Hostname: IC_EDA (RHEL64)
Current time: Fri Sep 18 06:13:52 2026

Loading db file '/home/synopsys/Formality2016/libraries/syn/gtech.db'
###################################################################
########################### Variables #############################
###################################################################
set top_module zigbee_phy_tx
zigbee_phy_tx
lappend search_path "../../../std_cells"
../../../std_cells
lappend search_path "../../../rtl"
../../../std_cells ../../../rtl
################## Design Compiler Library Files #setup ######################
set synopsys_auto_setup true
true
set_svf ../../../dft/run/${top_module}_dft.svf
SVF set to '../../../dft/run/zigbee_phy_tx_dft.svf'.
1
set SSLIB "saed90nm_max.db"
saed90nm_max.db
###################################################################
###################### Reference Container ########################
###################################################################
read_db -container Ref [list $SSLIB]
Loading db file '/home/ICer/Labs/Zigbee/std_cells/saed90nm_max.db'
Created container 'Ref'
Current container set to 'Ref'
1
read_verilog -container Ref "chirp_modulation.v"
No target library specified, default is WORK
Initializing DesignWare ...
Initialization Complete
Loading verilog file '/home/ICer/Labs/Zigbee/rtl/chirp_modulation.v'
Warning: INITIAL statements are not supported. (File: /home/ICer/Labs/Zigbee/rtl/chirp_modulation.v Line: 30)  (FMR_VLOG-101)
Warning: INITIAL statements are not supported. (File: /home/ICer/Labs/Zigbee/rtl/chirp_modulation.v Line: 289)  (FMR_VLOG-101)
1
read_verilog -container Ref "demux.v"
No target library specified, default is WORK
Loading verilog file '/home/ICer/Labs/Zigbee/rtl/demux.v'
1
read_verilog -container Ref "dqpsk_encoder.v"
No target library specified, default is WORK
Loading verilog file '/home/ICer/Labs/Zigbee/rtl/dqpsk_encoder.v'
1
read_verilog -container Ref "form_ppdu.v"
No target library specified, default is WORK
Loading verilog file '/home/ICer/Labs/Zigbee/rtl/form_ppdu.v'
1
read_verilog -container Ref "master_ctrl_fsm.v"
No target library specified, default is WORK
Loading verilog file '/home/ICer/Labs/Zigbee/rtl/master_ctrl_fsm.v'
1
read_verilog -container Ref "mux2x1.v"
No target library specified, default is WORK
Loading verilog file '/home/ICer/Labs/Zigbee/rtl/mux2x1.v'
1
read_verilog -container Ref "payload_ram.v"
No target library specified, default is WORK
Loading verilog file '/home/ICer/Labs/Zigbee/rtl/payload_ram.v'
1
read_verilog -container Ref "piso.v"
No target library specified, default is WORK
Loading verilog file '/home/ICer/Labs/Zigbee/rtl/piso.v'
1
read_verilog -container Ref "preamble_sfd_rom.v"
No target library specified, default is WORK
Loading verilog file '/home/ICer/Labs/Zigbee/rtl/preamble_sfd_rom.v'
Warning: INITIAL statements are not supported. (File: /home/ICer/Labs/Zigbee/rtl/preamble_sfd_rom.v Line: 12)  (FMR_VLOG-101)
1
read_verilog -container Ref "qpsk_dqpsk_chirp_top.v"
No target library specified, default is WORK
Loading verilog file '/home/ICer/Labs/Zigbee/rtl/qpsk_dqpsk_chirp_top.v'
1
read_verilog -container Ref "qpsk_mapper.v"
No target library specified, default is WORK
Loading verilog file '/home/ICer/Labs/Zigbee/rtl/qpsk_mapper.v'
1
read_verilog -container Ref "symbol_mapper.v"
No target library specified, default is WORK
Loading verilog file '/home/ICer/Labs/Zigbee/rtl/symbol_mapper.v'
1
read_verilog -container Ref "symbol_mapper_RAM.v"
No target library specified, default is WORK
Loading verilog file '/home/ICer/Labs/Zigbee/rtl/symbol_mapper_RAM.v'
1
read_verilog -container Ref "zero_padder.v"
No target library specified, default is WORK
Loading verilog file '/home/ICer/Labs/Zigbee/rtl/zero_padder.v'
1
read_verilog -container Ref "zigbee_phy_tx.v"
No target library specified, default is WORK
Loading verilog file '/home/ICer/Labs/Zigbee/rtl/zigbee_phy_tx.v'
1
set_reference_design $top_module
Reference design set to 'Ref:/WORK/zigbee_phy_tx'
1
set_top $top_module
Setting top design to 'Ref:/WORK/zigbee_phy_tx'
Status:   Elaborating design zigbee_phy_tx   ...  
Status:   Elaborating design mux2x1  DATA_WIDTH=1 ...  
Information: Created design named 'mux2x1_DATA_WIDTH1'. (FE-LINK-13)
Status:   Elaborating design master_ctrl_fsm   ...  
Status:   Elaborating design payload_ram   ...  
Warning: Index may take values outside array bound, may cause simulation mismatch .. (Signal: mem Block: /payload_ram File: /home/ICer/Labs/Zigbee/rtl/payload_ram.v Line: 47)  (FMR_ELAB-147)
Status:   Elaborating design mux2x1  DATA_WIDTH=8 ...  
Information: Created design named 'mux2x1_DATA_WIDTH8'. (FE-LINK-13)
Status:   Elaborating design zero_padder   ...  
Status:   Elaborating design demux   ...  
Status:   Elaborating design symbol_mapper   ...  
Status:   Elaborating design sm_ram   ...  
Status:   Elaborating design form_ppdu  DATA_WIDTH=4, ADDR_WIDTH=4 ...  
Information: Created design named 'form_ppdu_DATA_WIDTH4_ADDR_WIDTH4'. (FE-LINK-13)
Status:   Elaborating design mux2x1  DATA_WIDTH=4 ...  
Information: Created design named 'mux2x1_DATA_WIDTH4'. (FE-LINK-13)
Status:   Elaborating design preamble_sfd_rom  ADDR_WIDTH=4, DATA_WIDTH=4 ...  
Information: Created design named 'preamble_sfd_rom_ADDR_WIDTH4_DATA_WIDTH4'. (FE-LINK-13)
Status:   Elaborating design piso  DATA_WIDTH=4 ...  
Information: Created design named 'piso_DATA_WIDTH4'. (FE-LINK-13)
Status:   Elaborating design qpsk_dqpsk_chirp_top   ...  
Status:   Elaborating design qpsk_mapper   ...  
Status:   Elaborating design dqpsk_encoder   ...  
Status:   Elaborating design chirp_modulation   ...  
Status:  Implementing inferred operators...

************ Library Checking Summary ************
Warning:  60 unlinked power cell(s) with no power down function on an ff or latch.
        Use 'report_libraries -defects all' for more details.
**************************************************

Top design set to 'Ref:/WORK/zigbee_phy_tx' with warnings
   ATTENTION: RTL interpretation messages were produced during link.
              Verification results may disagree with a logic simulator.

************ RTL Interpretation Summary ************
************ Design: Ref:/WORK/zigbee_phy_tx
1 FMR_ELAB-147 message produced    

Please refer to the Formality log file for more details,
or execute report_hdlin_mismatches.
****************************************************

Reference design set to 'Ref:/WORK/zigbee_phy_tx'
1
##################################################################
#################### Implementation Container #####################
###################################################################
read_db -container imp [list $SSLIB]
Loading db file '/home/ICer/Labs/Zigbee/std_cells/saed90nm_max.db'
Created container 'imp'
Current container set to 'imp'
1
read_ddc -container imp  "../../../dft/results/zigbee_phy_tx_dft.ddc"
Loading ddc file '/home/ICer/Labs/Zigbee/dft/results/zigbee_phy_tx_dft.ddc'
No target library specified, default is WORK
1
set_implementation_design $top_module
Implementation design set to 'imp:/WORK/zigbee_phy_tx'
1
set_top $top_module
Setting top design to 'imp:/WORK/zigbee_phy_tx'
Status:  Implementing inferred operators...

************ Library Checking Summary ************
Warning:  60 unlinked power cell(s) with no power down function on an ff or latch.
        Use 'report_libraries -defects all' for more details.
**************************************************

Top design successfully set to 'imp:/WORK/zigbee_phy_tx'
Implementation design set to 'imp:/WORK/zigbee_phy_tx'
1
############## Constants ################################
set_constant Ref:/WORK/*/test_mode 0 
Set 'Ref:/WORK/zigbee_phy_tx/test_mode' to constant 0
1
set_constant imp:/WORK/*/test_mode 0 
Set 'imp:/WORK/zigbee_phy_tx/test_mode' to constant 0
1
set_constant Ref:/WORK/*/SE 0 
Set 'Ref:/WORK/zigbee_phy_tx/SE' to constant 0
1
set_constant imp:/WORK/*/SE 0 
Set 'imp:/WORK/zigbee_phy_tx/SE' to constant 0
1
############## Don't Verify ##############################
set_dont_verify_points -type port Ref:/WORK/*/SI
Set don't verify point 'Ref:/WORK/zigbee_phy_tx/SI'
1
set_dont_verify_points -type port imp:/WORK/*/SI
Set don't verify point 'imp:/WORK/zigbee_phy_tx/SI'
1
set_dont_verify_points -type port Ref:/WORK/*/SO
Set don't verify point 'Ref:/WORK/zigbee_phy_tx/SO'
1
set_dont_verify_points -type port imp:/WORK/*/SO
Set don't verify point 'imp:/WORK/zigbee_phy_tx/SO'
1
###################### Matching Compare points ####################
match
Reference design is 'Ref:/WORK/zigbee_phy_tx'
Implementation design is 'imp:/WORK/zigbee_phy_tx'
Status:  Checking designs...
    Warning: 3137 (0) undriven nets found in reference (implementation) design; see formality.log for list (FM-399)
Status:  Building verification models...
Status:  Processing Guide Commands...
    Set 'Ref:/WORK/zigbee_phy_tx/SE' to constant 0    
    Set 'imp:/WORK/zigbee_phy_tx/SE' to constant 0    
    Set 'Ref:/WORK/zigbee_phy_tx/test_mode' to constant 1    
    Set 'imp:/WORK/zigbee_phy_tx/test_mode' to constant 1    
    Set 'imp:/WORK/zigbee_phy_tx/SE' to constant 0    ; previous value was also 0
    Set 'imp:/WORK/zigbee_phy_tx/test_mode' to constant 1    ; previous value was also 1

***************************** Guidance Summary *****************************
                                         Status
Command                 Accepted   Rejected  Unsupported  Unprocessed  Total
----------------------------------------------------------------------------
environment         :          2          0          0          0          2
instance_map        :         16          0          0          0         16
mark                :         10          0          0          0         10
multiplier          :          1          0          0          0          1
reg_constant        :          5          0          0          0          5
scan_input          :          2          0          0          0          2
transformation
   map              :         31          0          0          0         31
   share            :          8          0          0          0          8
   tree             :          2          0          0          0          2
uniquify            :         17          2          0          0         19
ununiquify          :          2          0          0          0          2

Note: If verification succeeds you can safely ignore unaccepted guidance commands.

SVF files read:
      ../../../dft/run/zigbee_phy_tx_dft.svf

SVF files produced:
  /home/ICer/Labs/Zigbee/fm/post_dft/run/formality_svf/
    svf.txt
****************************************************************************

Status:  Matching...
    
*********************************** Matching Results ***********************************    
 1139 Compare points matched by name    
 0 Compare points matched by signature analysis    
 0 Compare points matched by topology    
 29 Matched primary inputs, black-box outputs    
 0(32) Unmatched reference(implementation) compare points    
 0(0) Unmatched reference(implementation) primary inputs, black-box outputs    
 11(32) Unmatched reference(implementation) unread points    
----------------------------------------------------------------------------------------    
Unmatched Objects                                                        REF        IMPL    
----------------------------------------------------------------------------------------    
 Output ports (Port)                                                       0          32    
****************************************************************************************

1
######################### Run Verification ########################
set successful [verify]
Reference design is 'Ref:/WORK/zigbee_phy_tx'
Implementation design is 'imp:/WORK/zigbee_phy_tx'
    
*********************************** Matching Results ***********************************    
 1139 Compare points matched by name    
 0 Compare points matched by signature analysis    
 0 Compare points matched by topology    
 29 Matched primary inputs, black-box outputs    
 0(32) Unmatched reference(implementation) compare points    
 0(0) Unmatched reference(implementation) primary inputs, black-box outputs    
 11(32) Unmatched reference(implementation) unread points    
----------------------------------------------------------------------------------------    
Unmatched Objects                                                        REF        IMPL    
----------------------------------------------------------------------------------------    
 Output ports (Port)                                                       0          32    
****************************************************************************************

Status:  Verifying...

************ RTL Interpretation Summary ************
************ Design: Ref:/WORK/zigbee_phy_tx
1 FMR_ELAB-147 message produced    

Please refer to the Formality log file for more details,
or execute report_hdlin_mismatches.
****************************************************


***************************** Synopsys Auto Setup Summary ******************************

!!! Synopsys Auto Setup Mode was enabled. !!!
!!! Verification results are valid assuming the following setup constraints: !!!

### RTL Interpretation Setup
   set hdlin_ignore_parallel_case false
   set hdlin_ignore_full_case false
   set hdlin_error_on_mismatch_message false
   set hdlin_ignore_embedded_configuration true

### Undriven Signal Handling Setup
   set verification_set_undriven_signals synthesis

### Test Logic Setup
   set verification_verify_directly_undriven_output false
   Constants set on:
     zigbee_phy_tx/SE
     zigbee_phy_tx/test_mode
   For details see report_dont_verify_points and report_constants


For further details on Synopsys Auto Setup Mode: Type man synopsys_auto_setup
****************************************************************************************


********************************* Verification Results *********************************
Verification SUCCEEDED
   ATTENTION: synopsys_auto_setup mode was enabled.
              See Synopsys Auto Setup Summary for details.
   ATTENTION: RTL interpretation messages were produced during link
              of reference design.
              Verification results may disagree with a logic simulator.
-----------------------------------------------------------------------
 Reference design: Ref:/WORK/zigbee_phy_tx
 Implementation design: imp:/WORK/zigbee_phy_tx
 1139 Passing compare points
----------------------------------------------------------------------------------------
Matched Compare Points     BBPin    Loop   BBNet     Cut    Port     DFF     LAT   TOTAL
----------------------------------------------------------------------------------------
Passing (equivalent)           0       0       0       0      18    1121       0    1139
Failing (not equivalent)       0       0       0       0       0       0       0       0
Not Compared
  Don't verify                 0       0       0       0       1       0       0       1
  Unread                       0       0       0       0       0    2123       0    2123
****************************************************************************************
1
if {!$successful} {
diagnose
analyze_points -failing
} else {
puts "successful"
}
successful
########################### Reporting ############################# 
report_passing_points    > ../results/passing_points.rpt
report_failing_points    > ../results/failing_points.rpt
report_aborted_points    > ../results/aborted_points.rpt
report_unverified_points > ../results/unverified_points.rpt
start_gui
     1  source -echo -verbose ../script/formality_script.tcl
1
1
fm_shell (verify)> 