#@ # 
#@ # Running icc2_shell Version O-2018.06-SP1 for linux64 -- Jul 17, 2018
#@ # Date:   Thu Sep 17 09:02:03 2026
#@ # Run by: ICer@IC_EDA
#@ 

set design         "zigbee_phy_tx"
set prev_stage     "powerplan"
set current_stage  "placement"
open_lib ../../2_design_lib/results/${design}.dlib
open_block ${design}_${prev_stage}
# Create a new working copy for floorplan work
copy_block -from_block ${design}_${prev_stage} -to_block ${design}_${current_stage}.design
current_block ${design}_${current_stage}.design
start_gui
gui_set_pref_value -category {SelectByNamePalette} -key {ObjectType} -value {Logical Cells}
link_block
check_pg_connectivity -check_std_cell_pin none
check_pg_drc -ignore_std_cells
check_pg_missing_vias
check_design -checks pre_placement_stage
suppress_message -force CMD-013
suppress_message -force CMD-013; report_design_mismatch -check_design >> /mnt/hgfs/VM_Shared/Projects/Assignments/zigbee_phy_tx/pnr/5_placement/run/check_design2026Sep17090306.log
suppress_message -force CMD-013; check_scan_chain >> /mnt/hgfs/VM_Shared/Projects/Assignments/zigbee_phy_tx/pnr/5_placement/run/check_design2026Sep17090306.log
suppress_message -force CMD-013; check_mv_design >> /mnt/hgfs/VM_Shared/Projects/Assignments/zigbee_phy_tx/pnr/5_placement/run/check_design2026Sep17090306.log
suppress_message -force CMD-013; check_rp_constraints >> /mnt/hgfs/VM_Shared/Projects/Assignments/zigbee_phy_tx/pnr/5_placement/run/check_design2026Sep17090306.log
suppress_message -force CMD-013; check_timing >> /mnt/hgfs/VM_Shared/Projects/Assignments/zigbee_phy_tx/pnr/5_placement/run/check_design2026Sep17090306.log
suppress_message -force CMD-013; check_hier_design -stage pre_placement >> /mnt/hgfs/VM_Shared/Projects/Assignments/zigbee_phy_tx/pnr/5_placement/run/check_design2026Sep17090306.log
unsuppress_message CMD-013
#set_app_options -list {clock_opt.place.effort {high}}
#set_app_options -list {place.coarse.congestion_driven_max_util {0.4}}
set_app_options -list {place.coarse.max_density {0.3}}
set_app_options -list {place.coarse.continue_on_missing_scandef {true}}
set_app_options -list {place.coarse.detect_detours {true}}
set_app_options -list {place.coarse.legalizer_driven_placement {true}}
set_app_options -list {place.legalize.enable_vertical_abutment_rules {true}}
set_app_options -list {place.legalize.enable_advanced_legalizer {true}}
set_app_options -list {opt.common.max_fanout {10}}
set_app_options -list {opt.tie_cell.max_fanout {2}}
set_app_options -list {opt.common.user_instance_name_prefix {PLACE_}}
set_app_options -name opt.common.user_instance_name_prefix -value "PLACE_"
report_ideal_network
remove_ideal_network {reset}
report_ideal_network
report_net_fanout -threshold 20
win_set_filter -visible -class cell -filter {hard_macro_margin hard_margin route_blockage_margin soft_margin}
win_set_filter -visible -class placement_blockage -filter {wiring} -layer {0-77}
win_set_filter -expand_cell_types {soft_macro  }
win_set_select_class -visible {cell port bound routing_blockage shaping_blockage pg_region pin_blockage block_shielding topology_node topology_edge core_area die_area edit_group shape via terminal fill_cell placement_blockage }
win_set_filter -class cell -filter {cell_array hard_macro_margin hard_margin route_blockage_margin soft_margin}
win_set_filter -class placement_blockage -filter {wiring} -layer {0-77}
win_set_select_class {cell port bound routing_blockage shaping_blockage pg_region pin_blockage topology_node topology_edge edit_group shape via placement_blockage }
set_placement_mode -mode auto
create_placement -effort high -timing_driven  -congestion -incremental -congestion_effort high
legalize_placement -incremental
report_net_fanout -threshold 20
report_attribute -application -nosplit [get_lib_cells */*TIE*] > TIE_attribute.rpt
place_opt
redirect $::sh_dev_null { set_app_options -name opt.internal.current_block_utilization -value [report_utilization] }














redirect $::sh_dev_null { set_app_options -name opt.internal.current_block_utilization -value [report_utilization] }

redirect $::sh_dev_null { set_app_options -name opt.internal.current_block_utilization -value [report_utilization] }

set_app_options -as_user_default -list {route.global.debug_compact_coef 4}
set_app_options -as_user_default -list {route.global.debug_compact_coef 1}




set_app_options -as_user_default -list {route.global.debug_compact_coef 4}
set_app_options -as_user_default -list {route.global.debug_compact_coef 1}
sizeof_collection [get_cells "PLACE_*"]
#############################################################
# Spare Cells and Tie Cells
#############################################################
# Allow TIE cells to be used
set_attribute [get_lib_cells */*TIE*] dont_touch false
set_attribute [get_lib_cells */*TIE*] dont_use false
#############################################################
# Check available spare-cell libraries
#############################################################
get_lib_cells */NAND2X1
get_lib_cells */NOR2X1
get_lib_cells */INVX1
get_lib_cells */OR2X1
get_lib_cells */SDFFX1
gui_zoom -window [gui_get_current_window -types Layout -view] -factor 2 -at_point {361.060 261.115}
gui_zoom -window [gui_get_current_window -types Layout -view] -factor 2 -at_point {361.060 261.115}
gui_zoom -window [gui_get_current_window -types Layout -view] -factor 2 -at_point {361.060 261.115}
gui_zoom -window [gui_get_current_window -types Layout -view] -factor 2 -at_point {361.565 260.865}
gui_zoom -window [gui_get_current_window -types Layout -view] -factor 0.5 -at_point {361.695 260.865}
gui_zoom -window [gui_get_current_window -types Layout -view] -factor 0.5 -at_point {361.820 260.865}
gui_zoom -window [gui_get_current_window -types Layout -view] -factor 0.5 -at_point {362.575 260.610}
gui_zoom -window [gui_get_current_window -types Layout -view] -factor 0.5 -at_point {365.095 260.105}
gui_zoom -window [gui_get_current_window -types Layout -view] -factor 0.5 -at_point {369.130 255.065}
#############################################################
# Add Spare Cells
#############################################################
add_spare_cells     -num_cells {
        NAND2X1 4
        NOR2X1  4
        INVX1   4
        OR2X1   4
        SDFFX1  4
    }     -cell_name SpareCell     -random_distribution     -input_pin_connect_type tie_low
#############################################################
# Get Spare Cells
#############################################################
set spare_cells [get_cells *SpareCell*]
puts "Number of spare cells = [sizeof_collection $spare_cells]"
#############################################################
# Spread and Legalize Spare Cells
#############################################################
spread_spare_cells -cells $spare_cells
place_eco_cells     -cells $spare_cells     -legalize_only
legalize_placement -incremental
connect_pg_net -net VDD [get_pins -hierarchical */VDD]
connect_pg_net -net VSS [get_pins -hierarchical */VSS]
#############################################################
# Protect Spare Cells
#############################################################
set_dont_touch $spare_cells
#############################################################
# Find TIE Cells
#############################################################
set tie_cells_low  [get_lib_cells */*TIEL*]
set tie_cells_high [get_lib_cells */*TIEH*]
puts "TIE LOW cells  = [sizeof_collection $tie_cells_low]"
puts "TIE HIGH cells = [sizeof_collection $tie_cells_high]"
#############################################################
# Connect Spare Cells to TIE cells
#############################################################
add_tie_cells     -objects $spare_cells     -tie_low_lib_cells $tie_cells_low     -tie_high_lib_cells $tie_cells_high
legalize_placement -incremental
connect_pg_net -net VDD [get_pins -hierarchical */VDD]
connect_pg_net -net VSS [get_pins -hierarchical */VSS]
###
sh rm -rf ../results/reports
sh mkdir -p ../results/reports
report_cell  > ../results/reports/cell_placement.rpt
report_nets > ../results/reports/net_placement.rpt
report_qor > ../results/reports/qor_placement.rpt
report_timing > ../results/reports/timing_placement.rpt
report_timing -delay max -max_paths 5  > ../results/reports/timing_placement_max.rpt
report_utilization > ../results/reports/utilization_placement.rpt
get_placement_blockages > ../results/reports/blockages_placement.rpt
check_pg_drc                    > ../results/reports/pg_drc.rpt
check_pg_connectivity           > ../results/reports/pg_connectivity.rpt
check_pg_missing_vias           > ../results/reports/missing_via.rpt
write_def  ../results/${design}.def
write_verilog -include {all}  ../results/${design}.v
write_sdc -output ../results/${design}.sdc
save_block -as ${design}_${current_stage}  ${design}.dlib:${design}_${current_stage}.design
gui_zoom -window [gui_get_current_window -view] -full
