****************************************
Report : Attribute
Design : zigbee_phy_tx
Version: O-2018.06-SP1
Date   : Thu Sep 17 09:08:06 2026
****************************************

Design          Object          Type        Attribute Name        Value
--------------------------------------------------------------------------------
saed90nm_max_1/TIEH saed90nm_max_1/TIEH orientations allowable_orientation R0 R180 MX MY
saed90nm_max_1/TIEH saed90nm_max_1/TIEH boolean always_on         false
saed90nm_max_1/TIEH saed90nm_max_1/TIEH area area                 4.60800000
saed90nm_max_1/TIEH saed90nm_max_1/TIEH string base_name          TIEH
saed90nm_max_1/TIEH saed90nm_max_1/TIEH rect bbox                 {0.0000 -0.0800} {1.6000 2.9600}
saed90nm_max_1/TIEH saed90nm_max_1/TIEH collection block          saed90nm_max_1:TIEH.timing
saed90nm_max_1/TIEH saed90nm_max_1/TIEH string block_name         TIEH
saed90nm_max_1/TIEH saed90nm_max_1/TIEH coord_list boundary       {0.0000 0.0000} {0.0000 2.8800} {1.6000 2.8800} {1.6000 0.0000}
saed90nm_max_1/TIEH saed90nm_max_1/TIEH rect boundary_bbox        {0.0000 0.0000} {1.6000 2.8800}
saed90nm_max_1/TIEH saed90nm_max_1/TIEH collection boundary_bounding_box {0.0000 0.0000} {1.6000 2.8800}
saed90nm_max_1/TIEH saed90nm_max_1/TIEH collection bounding_box   {0.0000 -0.0800} {1.6000 2.9600}
saed90nm_max_1/TIEH saed90nm_max_1/TIEH string cell_footprint     TIEH
saed90nm_max_1/TIEH saed90nm_max_1/TIEH string cmog_class         a0
saed90nm_max_1/TIEH saed90nm_max_1/TIEH collection design         TIEH
saed90nm_max_1/TIEH saed90nm_max_1/TIEH string design_name        TIEH
saed90nm_max_1/TIEH saed90nm_max_1/TIEH string design_type        lib_cell
saed90nm_max_1/TIEH saed90nm_max_1/TIEH boolean disable_timing    false
saed90nm_max_1/TIEH saed90nm_max_1/TIEH boolean dont_touch        true
saed90nm_max_1/TIEH saed90nm_max_1/TIEH boolean dont_use          true
saed90nm_max_1/TIEH saed90nm_max_1/TIEH int ebst_processed        2
saed90nm_max_1/TIEH saed90nm_max_1/TIEH string excluded_purposes  power hold cts optimization
saed90nm_max_1/TIEH saed90nm_max_1/TIEH string extended_name      /mnt/hgfs/VM_Shared/Projects/Assignments/zigbee_phy_tx/pnr/1_ndm/ndm/saed90nm_max_1.ndm:saed90nm_max_1/TIEH
saed90nm_max_1/TIEH saed90nm_max_1/TIEH boolean frame_update      false
saed90nm_max_1/TIEH saed90nm_max_1/TIEH string full_name          saed90nm_max_1/TIEH
saed90nm_max_1/TIEH saed90nm_max_1/TIEH string function_class     a0
saed90nm_max_1/TIEH saed90nm_max_1/TIEH string function_id        a0.0
saed90nm_max_1/TIEH saed90nm_max_1/TIEH boolean has_multi_power_rails false
saed90nm_max_1/TIEH saed90nm_max_1/TIEH boolean has_timing_model  true
saed90nm_max_1/TIEH saed90nm_max_1/TIEH distance height           2.8800
saed90nm_max_1/TIEH saed90nm_max_1/TIEH string included_purposes  none
saed90nm_max_1/TIEH saed90nm_max_1/TIEH string input_voltage_range
Information: Attribute is_black_box will be obsoleted, please use design_type instead. (ATTR-14)
saed90nm_max_1/TIEH saed90nm_max_1/TIEH boolean is_black_box      false
saed90nm_max_1/TIEH saed90nm_max_1/TIEH boolean is_combinational  true
saed90nm_max_1/TIEH saed90nm_max_1/TIEH boolean is_current        false
saed90nm_max_1/TIEH saed90nm_max_1/TIEH boolean is_diff_level_shifter false
saed90nm_max_1/TIEH saed90nm_max_1/TIEH boolean is_diode_cell     false
saed90nm_max_1/TIEH saed90nm_max_1/TIEH boolean is_enable_level_shifter false
saed90nm_max_1/TIEH saed90nm_max_1/TIEH boolean is_etm_moded_cell false
saed90nm_max_1/TIEH saed90nm_max_1/TIEH boolean is_fall_edge_triggered false
saed90nm_max_1/TIEH saed90nm_max_1/TIEH boolean is_hierarchical   false
saed90nm_max_1/TIEH saed90nm_max_1/TIEH boolean is_implicit       true
saed90nm_max_1/TIEH saed90nm_max_1/TIEH boolean is_integrated_clock_gating_cell false
saed90nm_max_1/TIEH saed90nm_max_1/TIEH boolean is_isolation      false
saed90nm_max_1/TIEH saed90nm_max_1/TIEH boolean is_level_shifter  false
saed90nm_max_1/TIEH saed90nm_max_1/TIEH boolean is_linked         false
saed90nm_max_1/TIEH saed90nm_max_1/TIEH boolean is_memory_cell    false
saed90nm_max_1/TIEH saed90nm_max_1/TIEH boolean is_modified       false
saed90nm_max_1/TIEH saed90nm_max_1/TIEH boolean is_mux            false
saed90nm_max_1/TIEH saed90nm_max_1/TIEH boolean is_negative_level_sensitive false
saed90nm_max_1/TIEH saed90nm_max_1/TIEH boolean is_open           true
saed90nm_max_1/TIEH saed90nm_max_1/TIEH boolean is_positive_level_sensitive false
saed90nm_max_1/TIEH saed90nm_max_1/TIEH boolean is_power_switch   false
saed90nm_max_1/TIEH saed90nm_max_1/TIEH boolean is_remote         false
saed90nm_max_1/TIEH saed90nm_max_1/TIEH boolean is_retention      false
saed90nm_max_1/TIEH saed90nm_max_1/TIEH boolean is_rise_edge_triggered false
saed90nm_max_1/TIEH saed90nm_max_1/TIEH boolean is_sequential     false
saed90nm_max_1/TIEH saed90nm_max_1/TIEH boolean is_shared_timing_model false
saed90nm_max_1/TIEH saed90nm_max_1/TIEH boolean is_soi            false
saed90nm_max_1/TIEH saed90nm_max_1/TIEH boolean is_three_state    false
saed90nm_max_1/TIEH saed90nm_max_1/TIEH string label_name         
saed90nm_max_1/TIEH saed90nm_max_1/TIEH string last_modified      Fri Aug 21 17:23:02 2026
saed90nm_max_1/TIEH saed90nm_max_1/TIEH string last_saved         Fri Aug 21 17:23:06 2026
saed90nm_max_1/TIEH saed90nm_max_1/TIEH collection lib            saed90nm_max_1
saed90nm_max_1/TIEH saed90nm_max_1/TIEH string lib_name           saed90nm_max_1
saed90nm_max_1/TIEH saed90nm_max_1/TIEH string libgen_usage_class insert&remove
saed90nm_max_1/TIEH saed90nm_max_1/TIEH string mb_bussed_ports    
saed90nm_max_1/TIEH saed90nm_max_1/TIEH string mb_pin_map         
saed90nm_max_1/TIEH saed90nm_max_1/TIEH string mb_scan_chain_ports
saed90nm_max_1/TIEH saed90nm_max_1/TIEH int multibit_width        0
saed90nm_max_1/TIEH saed90nm_max_1/TIEH string name               TIEH
saed90nm_max_1/TIEH saed90nm_max_1/TIEH boolean new_pg_pin_syntax true
saed90nm_max_1/TIEH saed90nm_max_1/TIEH int number_of_pins        1
saed90nm_max_1/TIEH saed90nm_max_1/TIEH string object_class       lib_cell
saed90nm_max_1/TIEH saed90nm_max_1/TIEH string object_id          721221584
saed90nm_max_1/TIEH saed90nm_max_1/TIEH int open_count            1
saed90nm_max_1/TIEH saed90nm_max_1/TIEH string open_mode          read
saed90nm_max_1/TIEH saed90nm_max_1/TIEH string output_voltage_range
saed90nm_max_1/TIEH saed90nm_max_1/TIEH boolean pad_cell          false
saed90nm_max_1/TIEH saed90nm_max_1/TIEH string read_in_by         
saed90nm_max_1/TIEH saed90nm_max_1/TIEH string sb_degen_fid       
saed90nm_max_1/TIEH saed90nm_max_1/TIEH int sb_port_cnt           0
saed90nm_max_1/TIEH saed90nm_max_1/TIEH string single_bit_degenerate
saed90nm_max_1/TIEH saed90nm_max_1/TIEH collection site_def       unit
saed90nm_max_1/TIEH saed90nm_max_1/TIEH string site_name          unit
saed90nm_max_1/TIEH saed90nm_max_1/TIEH string subset_name        
saed90nm_max_1/TIEH saed90nm_max_1/TIEH boolean syn_library       true
saed90nm_max_1/TIEH saed90nm_max_1/TIEH string test_function_id   
saed90nm_max_1/TIEH saed90nm_max_1/TIEH string test_normal_func_id
saed90nm_max_1/TIEH saed90nm_max_1/TIEH string threshold_voltage_group saed90cell
saed90nm_max_1/TIEH saed90nm_max_1/TIEH collection top_module     saed90nm_max_1/TIEH
saed90nm_max_1/TIEH saed90nm_max_1/TIEH string top_module_name    TIEH
saed90nm_max_1/TIEH saed90nm_max_1/TIEH int type                  2
saed90nm_max_1/TIEH saed90nm_max_1/TIEH int unique_cell_number    0
saed90nm_max_1/TIEH saed90nm_max_1/TIEH string unique_cell_prefix 
saed90nm_max_1/TIEH saed90nm_max_1/TIEH int unique_net_number     0
saed90nm_max_1/TIEH saed90nm_max_1/TIEH string unique_net_prefix  
saed90nm_max_1/TIEH saed90nm_max_1/TIEH boolean use_for_size_only false
saed90nm_max_1/TIEH saed90nm_max_1/TIEH boolean use_frame_blockage true
saed90nm_max_1/TIEH saed90nm_max_1/TIEH string user_function_class
saed90nm_max_1/TIEH saed90nm_max_1/TIEH string valid_purposes     
saed90nm_max_1/TIEH saed90nm_max_1/TIEH boolean via0_alignment    false
saed90nm_max_1/TIEH saed90nm_max_1/TIEH string view_name          timing
saed90nm_max_1/TIEH saed90nm_max_1/TIEH distance width            1.6000
saed90nm_max_1/TIEL saed90nm_max_1/TIEL orientations allowable_orientation R0 R180 MX MY
saed90nm_max_1/TIEL saed90nm_max_1/TIEL boolean always_on         false
saed90nm_max_1/TIEL saed90nm_max_1/TIEL area area                 4.60800000
saed90nm_max_1/TIEL saed90nm_max_1/TIEL string base_name          TIEL
saed90nm_max_1/TIEL saed90nm_max_1/TIEL rect bbox                 {0.0000 -0.0800} {1.6000 2.9600}
saed90nm_max_1/TIEL saed90nm_max_1/TIEL collection block          saed90nm_max_1:TIEL.timing
saed90nm_max_1/TIEL saed90nm_max_1/TIEL string block_name         TIEL
saed90nm_max_1/TIEL saed90nm_max_1/TIEL coord_list boundary       {0.0000 0.0000} {0.0000 2.8800} {1.6000 2.8800} {1.6000 0.0000}
saed90nm_max_1/TIEL saed90nm_max_1/TIEL rect boundary_bbox        {0.0000 0.0000} {1.6000 2.8800}
saed90nm_max_1/TIEL saed90nm_max_1/TIEL collection boundary_bounding_box {0.0000 0.0000} {1.6000 2.8800}
saed90nm_max_1/TIEL saed90nm_max_1/TIEL collection bounding_box   {0.0000 -0.0800} {1.6000 2.9600}
saed90nm_max_1/TIEL saed90nm_max_1/TIEL string cell_footprint     TIEL
saed90nm_max_1/TIEL saed90nm_max_1/TIEL string cmog_class         a0
saed90nm_max_1/TIEL saed90nm_max_1/TIEL collection design         TIEL
saed90nm_max_1/TIEL saed90nm_max_1/TIEL string design_name        TIEL
saed90nm_max_1/TIEL saed90nm_max_1/TIEL string design_type        lib_cell
saed90nm_max_1/TIEL saed90nm_max_1/TIEL boolean disable_timing    false
saed90nm_max_1/TIEL saed90nm_max_1/TIEL boolean dont_touch        true
saed90nm_max_1/TIEL saed90nm_max_1/TIEL boolean dont_use          true
saed90nm_max_1/TIEL saed90nm_max_1/TIEL int ebst_processed        2
saed90nm_max_1/TIEL saed90nm_max_1/TIEL string excluded_purposes  power hold cts optimization
saed90nm_max_1/TIEL saed90nm_max_1/TIEL string extended_name      /mnt/hgfs/VM_Shared/Projects/Assignments/zigbee_phy_tx/pnr/1_ndm/ndm/saed90nm_max_1.ndm:saed90nm_max_1/TIEL
saed90nm_max_1/TIEL saed90nm_max_1/TIEL boolean frame_update      false
saed90nm_max_1/TIEL saed90nm_max_1/TIEL string full_name          saed90nm_max_1/TIEL
saed90nm_max_1/TIEL saed90nm_max_1/TIEL string function_class     a0
saed90nm_max_1/TIEL saed90nm_max_1/TIEL string function_id        Ia0.0
saed90nm_max_1/TIEL saed90nm_max_1/TIEL boolean has_multi_power_rails false
saed90nm_max_1/TIEL saed90nm_max_1/TIEL boolean has_timing_model  true
saed90nm_max_1/TIEL saed90nm_max_1/TIEL distance height           2.8800
saed90nm_max_1/TIEL saed90nm_max_1/TIEL string included_purposes  none
saed90nm_max_1/TIEL saed90nm_max_1/TIEL string input_voltage_range
Information: Attribute is_black_box will be obsoleted, please use design_type instead. (ATTR-14)
saed90nm_max_1/TIEL saed90nm_max_1/TIEL boolean is_black_box      false
saed90nm_max_1/TIEL saed90nm_max_1/TIEL boolean is_combinational  true
saed90nm_max_1/TIEL saed90nm_max_1/TIEL boolean is_current        false
saed90nm_max_1/TIEL saed90nm_max_1/TIEL boolean is_diff_level_shifter false
saed90nm_max_1/TIEL saed90nm_max_1/TIEL boolean is_diode_cell     false
saed90nm_max_1/TIEL saed90nm_max_1/TIEL boolean is_enable_level_shifter false
saed90nm_max_1/TIEL saed90nm_max_1/TIEL boolean is_etm_moded_cell false
saed90nm_max_1/TIEL saed90nm_max_1/TIEL boolean is_fall_edge_triggered false
saed90nm_max_1/TIEL saed90nm_max_1/TIEL boolean is_hierarchical   false
saed90nm_max_1/TIEL saed90nm_max_1/TIEL boolean is_implicit       true
saed90nm_max_1/TIEL saed90nm_max_1/TIEL boolean is_integrated_clock_gating_cell false
saed90nm_max_1/TIEL saed90nm_max_1/TIEL boolean is_isolation      false
saed90nm_max_1/TIEL saed90nm_max_1/TIEL boolean is_level_shifter  false
saed90nm_max_1/TIEL saed90nm_max_1/TIEL boolean is_linked         false
saed90nm_max_1/TIEL saed90nm_max_1/TIEL boolean is_memory_cell    false
saed90nm_max_1/TIEL saed90nm_max_1/TIEL boolean is_modified       false
saed90nm_max_1/TIEL saed90nm_max_1/TIEL boolean is_mux            false
saed90nm_max_1/TIEL saed90nm_max_1/TIEL boolean is_negative_level_sensitive false
saed90nm_max_1/TIEL saed90nm_max_1/TIEL boolean is_open           true
saed90nm_max_1/TIEL saed90nm_max_1/TIEL boolean is_positive_level_sensitive false
saed90nm_max_1/TIEL saed90nm_max_1/TIEL boolean is_power_switch   false
saed90nm_max_1/TIEL saed90nm_max_1/TIEL boolean is_remote         false
saed90nm_max_1/TIEL saed90nm_max_1/TIEL boolean is_retention      false
saed90nm_max_1/TIEL saed90nm_max_1/TIEL boolean is_rise_edge_triggered false
saed90nm_max_1/TIEL saed90nm_max_1/TIEL boolean is_sequential     false
saed90nm_max_1/TIEL saed90nm_max_1/TIEL boolean is_shared_timing_model false
saed90nm_max_1/TIEL saed90nm_max_1/TIEL boolean is_soi            false
saed90nm_max_1/TIEL saed90nm_max_1/TIEL boolean is_three_state    false
saed90nm_max_1/TIEL saed90nm_max_1/TIEL string label_name         
saed90nm_max_1/TIEL saed90nm_max_1/TIEL string last_modified      Fri Aug 21 17:23:02 2026
saed90nm_max_1/TIEL saed90nm_max_1/TIEL string last_saved         Fri Aug 21 17:23:06 2026
saed90nm_max_1/TIEL saed90nm_max_1/TIEL collection lib            saed90nm_max_1
saed90nm_max_1/TIEL saed90nm_max_1/TIEL string lib_name           saed90nm_max_1
saed90nm_max_1/TIEL saed90nm_max_1/TIEL string libgen_usage_class insert&remove
saed90nm_max_1/TIEL saed90nm_max_1/TIEL string mb_bussed_ports    
saed90nm_max_1/TIEL saed90nm_max_1/TIEL string mb_pin_map         
saed90nm_max_1/TIEL saed90nm_max_1/TIEL string mb_scan_chain_ports
saed90nm_max_1/TIEL saed90nm_max_1/TIEL int multibit_width        0
saed90nm_max_1/TIEL saed90nm_max_1/TIEL string name               TIEL
saed90nm_max_1/TIEL saed90nm_max_1/TIEL boolean new_pg_pin_syntax true
saed90nm_max_1/TIEL saed90nm_max_1/TIEL int number_of_pins        1
saed90nm_max_1/TIEL saed90nm_max_1/TIEL string object_class       lib_cell
saed90nm_max_1/TIEL saed90nm_max_1/TIEL string object_id          721222344
saed90nm_max_1/TIEL saed90nm_max_1/TIEL int open_count            1
saed90nm_max_1/TIEL saed90nm_max_1/TIEL string open_mode          read
saed90nm_max_1/TIEL saed90nm_max_1/TIEL string output_voltage_range
saed90nm_max_1/TIEL saed90nm_max_1/TIEL boolean pad_cell          false
saed90nm_max_1/TIEL saed90nm_max_1/TIEL string read_in_by         
saed90nm_max_1/TIEL saed90nm_max_1/TIEL string sb_degen_fid       
saed90nm_max_1/TIEL saed90nm_max_1/TIEL int sb_port_cnt           0
saed90nm_max_1/TIEL saed90nm_max_1/TIEL string single_bit_degenerate
saed90nm_max_1/TIEL saed90nm_max_1/TIEL collection site_def       unit
saed90nm_max_1/TIEL saed90nm_max_1/TIEL string site_name          unit
saed90nm_max_1/TIEL saed90nm_max_1/TIEL string subset_name        
saed90nm_max_1/TIEL saed90nm_max_1/TIEL boolean syn_library       true
saed90nm_max_1/TIEL saed90nm_max_1/TIEL string test_function_id   
saed90nm_max_1/TIEL saed90nm_max_1/TIEL string test_normal_func_id
saed90nm_max_1/TIEL saed90nm_max_1/TIEL string threshold_voltage_group saed90cell
saed90nm_max_1/TIEL saed90nm_max_1/TIEL collection top_module     saed90nm_max_1/TIEL
saed90nm_max_1/TIEL saed90nm_max_1/TIEL string top_module_name    TIEL
saed90nm_max_1/TIEL saed90nm_max_1/TIEL int type                  2
saed90nm_max_1/TIEL saed90nm_max_1/TIEL int unique_cell_number    0
saed90nm_max_1/TIEL saed90nm_max_1/TIEL string unique_cell_prefix 
saed90nm_max_1/TIEL saed90nm_max_1/TIEL int unique_net_number     0
saed90nm_max_1/TIEL saed90nm_max_1/TIEL string unique_net_prefix  
saed90nm_max_1/TIEL saed90nm_max_1/TIEL boolean use_for_size_only false
saed90nm_max_1/TIEL saed90nm_max_1/TIEL boolean use_frame_blockage true
saed90nm_max_1/TIEL saed90nm_max_1/TIEL string user_function_class
saed90nm_max_1/TIEL saed90nm_max_1/TIEL string valid_purposes     
saed90nm_max_1/TIEL saed90nm_max_1/TIEL boolean via0_alignment    false
saed90nm_max_1/TIEL saed90nm_max_1/TIEL string view_name          timing
saed90nm_max_1/TIEL saed90nm_max_1/TIEL distance width            1.6000
1
