
************************

running check_legality

Warning: Routing direction of metal layer PO is neither "horizontal" nor "vertical".  PDC checks will not be performed on this layer. (PDC-003)
PDC app_options settings =========
	place.legalize.enable_prerouted_net_check: 1

Expand check halo by 0.3200 x 0.3200
Scanning PG objects...
PG hash cached 2 nets; 11 viaBoxes; 0 viaMatrices.
PG scanned 266 objects; 54413 vias; 0 staples.
PG scan complete.  Hash key = e7d29ea33af419e3
Loading layers using 12 cores.
Loading layer M1:
Loading layer M2:
Layer M1:  0 straps, 0 other, 0 preroute
Layer M1:  0 secDefs  0 sectors (0 empty)
Loading layer M4:
Loading layer M5:
Loading layer M6:
Loading layer M7:
Loading layer M8:
Loading layer M9:
Loading layer M3:
Layer M9:  103 straps, 101 other, 0 preroute
Layer M9:  13 secDefs  204 sectors (0 empty)
Layer M9:   43.769 ave hvObjs/secDef max 99 at {{7.2700 19.8550} {9.7300 669.5200}}
Layer M8:  7509 straps, 7443 other, 0 preroute
Layer M8:  10 secDefs  14952 sectors (0 empty)
Layer M8:    1.600 ave hvObjs/secDef max 3 at {{659.8550 666.5700} {669.8400 666.7100}}
Layer M2:  0 straps, 22329 other, 0 preroute
Layer M2:  6 secDefs  22329 sectors (0 empty)
Layer M2:    2.000 ave hvObjs/secDef max 2 at {{340.0250 666.7200} {341.6850 666.7600}}
Layer M5:  0 straps, 22329 other, 0 preroute
Layer M5:  6 secDefs  22329 sectors (0 empty)
Layer M5:    2.000 ave hvObjs/secDef max 2 at {{340.0250 666.7200} {341.6850 666.7600}}
Layer M6:  0 straps, 22329 other, 0 preroute
Layer M6:  6 secDefs  22329 sectors (0 empty)
Layer M6:    2.000 ave hvObjs/secDef max 2 at {{340.0250 666.7200} {341.6850 666.7600}}
Layer M3:  0 straps, 22329 other, 0 preroute
Layer M3:  6 secDefs  22329 sectors (0 empty)
Layer M3:    2.000 ave hvObjs/secDef max 2 at {{340.0250 666.7200} {341.6850 666.7600}}
Layer M4:  0 straps, 22329 other, 0 preroute
Layer M4:  6 secDefs  22329 sectors (0 empty)
Layer M4:    2.000 ave hvObjs/secDef max 2 at {{340.0250 666.7200} {341.6850 666.7600}}
Layer M7:  0 straps, 22329 other, 0 preroute
Layer M7:  6 secDefs  22329 sectors (0 empty)
Layer M7:    2.000 ave hvObjs/secDef max 2 at {{340.0250 666.7200} {341.6850 666.7600}}

Sector Array Stats:
Num Sectors: 149130
Num SecDefs:    59
Shared: 54 count; 2761.6 ave; 3795 max
SecDef Shapes: 44 Below-aligned, 0 Above-aligned, 8 Horizontal, 7 Vertical
Referenced Patterns: 2 count; 3.0 ave; 3 max

Connection checks for layer M2: blocked_pin pin_access_default track_drc pin_extend0
Connection checks for layer M3: blocked_pin pin_access_default track_drc pin_extend1
Connection checks for layer M4: blocked_pin pin_access_default track_drc pin_extend1
Connection checks for layer M5: blocked_pin pin_access_default track_drc pin_extend1

check_legality for block design zigbee_phy_tx ... 
Warning: Routing direction of metal layer PO is neither "horizontal" nor "vertical".  PDC checks will not be performed on this layer. (PDC-003)
Design has no advanced rules
Checking legality
Checking cell legality:
0%....10%....20%....30%....40%....50%....60%....70%....80%....90%....100%
Sorting rows.
Checking spacing rule legality.
0%....10%....20%....30%....40%....50%....60%....70%....80%....90%....100%
Checking packing rule legality.


****************************************
  Report : Legality
****************************************

VIOLATIONS BY CATEGORY:
   MOVABLE  APP-FIXED USER-FIXED  DESCRIPTION
         0          0          0  Two objects overlap.
         0          0          0  A cell violates a pnet.
         0          0          0  A cell is illegal at a site.
         0          0          0  A cell is not aligned with a site.
         0          0          0  A cell has an illegal orientation.
         0          0          0  A cell spacing rule is violated.
         0          0          0  A layer rule is violated.
         0          0          0  A cell is in the wrong region.
         0          0          0  Two cells violate cts margins.
         0          0          0  Two cells violate coloring.

         0          0          0  TOTAL

TOTAL 0 Violations.

VIOLATIONS BY SUBCATEGORY:
     MOVABLE  APP-FIXED USER-FIXED  DESCRIPTION

         0          0          0    Two objects overlap.
           0          0          0    Two cells overlap.
           0          0          0    Two cells have overlapping keepout margins.
           0          0          0    A cell overlaps a blockage.
           0          0          0    A cell keepout margin overlaps a blockage.

         0          0          0    A cell violates a pnet.

         0          0          0    A cell is illegal at a site.
           0          0          0    A cell violates pin-track alignment rules.
           0          0          0    A cell is illegal at a site.
           0          0          0    A cell violates legal index rule.
           0          0          0    A cell has the wrong variant for its location.

         0          0          0    A cell is not aligned with a site.
           0          0          0    A cell is not aligned with the base site.
           0          0          0    A cell is not aligned with an overlaid site.

         0          0          0    A cell has an illegal orientation.

         0          0          0    A cell spacing rule is violated.
           0          0          0    A spacing rule is violated in a row.
           0          0          0    A spacing rule is violated between adjacent rows.
           0          0          0    A cell violates vertical abutment rule.
           0          0          0    A cell violates metal spacing rule.

         0          0          0    A layer rule is violated.
           0          0          0    A layer VTH rule is violated.
           0          0          0    A layer OD rule is violated.
           0          0          0    A layer OD max-width rule is violated.
           0          0          0    A layer ALL_OD corner rule is violated.
           0          0          0    A layer max-vertical-length rule is violated.
           0          0          0    A layer TPO rule is violated.
           0          0          0    Filler cell insertion cannot satisfy layer rules.

         0          0          0    A cell is in the wrong region.
           0          0          0    A cell is outside its hard bound.
           0          0          0    A cell is in the wrong voltage area.
           0          0          0    A cell violates an exclusive movebound.

         0          0          0    Two cells violate cts margins.

         0          0          0    Two cells violate coloring.


check_legality for block design zigbee_phy_tx succeeded!


check_legality succeeded.

**************************

NPLDRC Place Cache: unique cache elements 2518
NPLDRC Place Cache: hit rate  93.0%  (2518 / 36125)
NPLDRC Access Cache: unique cache elements 2586
NPLDRC Access Cache: hit rate  93.0%  (2586 / 37187)
NPLDRC Pin Status Cache: no calls
NPLDRC Multi Cell Cache: no calls
NPLDRC ViaLadder Cache: no calls
1
