Information: Using 12 threads for LVS
[Check Net] Init	Elapsed =    0:00:01, CPU =    0:00:00
[Check Short] Stage 1	Elapsed =    0:00:01, CPU =    0:00:00
Warning: Port VDD have no valid pin shapes. Skip this port. (RT-203)
[Check Net] 10% 	Elapsed =    0:00:01, CPU =    0:00:01
[Check Net] 20% 	Elapsed =    0:00:01, CPU =    0:00:01
[Check Net] 30% 	Elapsed =    0:00:01, CPU =    0:00:01
[Check Short] Stage 1-2	Elapsed =    0:00:01, CPU =    0:00:01
[Check Net] 40% 	Elapsed =    0:00:01, CPU =    0:00:01
[Check Short] Stage 2	Elapsed =    0:00:01, CPU =    0:00:02
[Check Net] 50% 	Elapsed =    0:00:01, CPU =    0:00:02
Warning: Port VSS have no valid pin shapes. Skip this port. (RT-203)
[Check Net] 60% 	Elapsed =    0:00:03, CPU =    0:00:05
[Check Short] Stage 2-2	Elapsed =    0:00:03, CPU =    0:00:05
[Check Short] Stage 3	Elapsed =    0:00:03, CPU =    0:00:05
[Check Short] End	Elapsed =    0:00:03, CPU =    0:00:05
[Check Net] 70% 	Elapsed =    0:00:03, CPU =    0:00:05
[Check Net] 80% 	Elapsed =    0:00:03, CPU =    0:00:05
[Check Net] 90% 	Elapsed =    0:00:03, CPU =    0:00:06
[Check Net] All nets are submitted.
[Check Net] 100%	Elapsed =    0:00:03, CPU =    0:00:06
Total number of input nets is 13036.
Total number of short violations is 0.
Total number of open nets is 0.
Total number of floating route violations is 0.

Elapsed =    0:00:04, CPU =    0:00:07
1
