****************************************
Report : qor
        -summary
Design : zigbee_phy_tx
Version: O-2018.06-SP1
Date   : Fri Sep 18 02:39:35 2026
****************************************
Information: Timer using 'SI, Timing Window Analysis, CRPR'. (TIM-050)

Timing
---------------------------------------------------------------------------
Context                                 WNS            TNS            NVE
---------------------------------------------------------------------------
Design             (Setup)            18.22           0.00              0

Design             (Hold)              0.00           0.00              0
---------------------------------------------------------------------------

Miscellaneous
---------------------------------------------------------------------------
Cell Area (netlist):                         172107.88
Cell Area (netlist and physical only):       431386.21
Nets with DRC Violations:        0
1
