Warning: Cell contains tie connections which are not connected to real PG. (ZRT-511)
Warning: Ignore contact DIFFCON. (ZRT-015)
Turn off antenna since no rule is specified
Cell Min-Routing-Layer = M2
Cell Max-Routing-Layer = M9
Warning: Ignore 2 top cell ports with no pins. (ZRT-027)
Info: number of net_type_blockage: 0 
Warning: Contact VIA89's lower layer enclosure width does not satisfy end of line enclosure design rule. (ZRT-042)
Warning: Contact VIA89's upper layer enclosure width does not satisfy end of line enclosure design rule. (ZRT-042)
Warning: Contact VIA89's lower layer enclosure height does not satisfy end of line enclosure design rule. (ZRT-042)
Warning: Contact VIA89's upper layer enclosure height does not satisfy end of line enclosure design rule. (ZRT-042)
Warning: Contact VIA89C's lower layer enclosure height does not satisfy end of line enclosure design rule. (ZRT-042)
Warning: Contact VIA89C's upper layer enclosure width does not satisfy end of line enclosure design rule. (ZRT-042)
Warning: Contact VIA89C's lower layer enclosure width does not satisfy end of line enclosure design rule. (ZRT-042)
Warning: Contact VIA89C's upper layer enclosure height does not satisfy end of line enclosure design rule. (ZRT-042)
Via on layer (VIA1) needs more than one tracks
Warning: Layer M1 pitch 0.320 may be too small: wire/via-down 0.315, wire/via-up 0.330. (ZRT-026)
Via on layer (VIA1) needs more than one tracks
Warning: Layer M2 pitch 0.320 may be too small: wire/via-down 0.360, wire/via-up 0.320. (ZRT-026)
soft rule ICC2_GENERATED_DEFAULT_SPACING_RULE_3_8_wire is redundant
soft rule LOPT_M3_M8_3_8_wire is redundant
soft rule LOPT_M7_M8_3_8_wire is redundant


Start checking for open nets ... 

Total number of nets = 13035, of which 0 are not extracted
Total number of open nets = 0, of which 0 are frozen

Check 13035 nets, 0 have Errors

[CHECK OPEN NETS] Elapsed real time: 0:00:00 
[CHECK OPEN NETS] Elapsed cpu  time: sys=0:00:00 usr=0:00:00 total=0:00:00
[CHECK OPEN NETS] Stage (MB): Used    0  Alloctr    0  Proc    0 
[CHECK OPEN NETS] Total (MB): Used  102  Alloctr  106  Proc 3039 
Printing options for 'route.common.*'
common.verbose_level                                    :	 0                   

Printing options for 'route.detail.*'
detail.antenna                                          :	 true                
detail.eco_max_number_of_iterations                     :	 20                  
detail.force_end_on_preferred_grid                      :	 true                

Printing options for 'route.auto_via_ladder.*'


Begin full DRC check ...

Information: Using 12 threads for routing. (ZRT-444)
Checked	1/36 Partitions, Violations =	0
Checked	4/36 Partitions, Violations =	0
Checked	6/36 Partitions, Violations =	0
Checked	6/36 Partitions, Violations =	0
Checked	6/36 Partitions, Violations =	0
Checked	7/36 Partitions, Violations =	0
Checked	8/36 Partitions, Violations =	0
Checked	9/36 Partitions, Violations =	0
Checked	9/36 Partitions, Violations =	0
Checked	10/36 Partitions, Violations =	0
Checked	11/36 Partitions, Violations =	0
Checked	12/36 Partitions, Violations =	0
Checked	14/36 Partitions, Violations =	0
Checked	15/36 Partitions, Violations =	0
Checked	16/36 Partitions, Violations =	0
Checked	18/36 Partitions, Violations =	0
Checked	18/36 Partitions, Violations =	0
Checked	18/36 Partitions, Violations =	0
Checked	19/36 Partitions, Violations =	0
Checked	20/36 Partitions, Violations =	0
Checked	22/36 Partitions, Violations =	0
Checked	22/36 Partitions, Violations =	0
Checked	23/36 Partitions, Violations =	0
Checked	24/36 Partitions, Violations =	0
Checked	25/36 Partitions, Violations =	0
Checked	26/36 Partitions, Violations =	0
Checked	27/36 Partitions, Violations =	0
Checked	28/36 Partitions, Violations =	0
Checked	29/36 Partitions, Violations =	0
Checked	30/36 Partitions, Violations =	0
Checked	31/36 Partitions, Violations =	0
Checked	32/36 Partitions, Violations =	0
Checked	33/36 Partitions, Violations =	0
Checked	34/36 Partitions, Violations =	0
Checked	35/36 Partitions, Violations =	0
Checked	36/36 Partitions, Violations =	0
[DRC CHECK] Elapsed real time: 0:00:02 
[DRC CHECK] Elapsed cpu  time: sys=0:00:00 usr=0:00:04 total=0:00:04
[DRC CHECK] Stage (MB): Used    0  Alloctr    0  Proc    0 
[DRC CHECK] Total (MB): Used  120  Alloctr  125  Proc 3039 
Warning: No antenna rules defined, Skip antenna analysis. (ZRT-309)

DRC-SUMMARY:
	@@@@@@@ TOTAL VIOLATIONS =	0


Total Wire Length =                    701417 micron
Total Number of Contacts =             116563
Total Number of Wires =                112314
Total Number of PtConns =              10460
Total Number of Routed Wires =       112314
Total Routed Wire Length =           698951 micron
Total Number of Routed Contacts =       116563
	Layer          M1 :       1760 micron
	Layer          M2 :     235327 micron
	Layer          M3 :     262303 micron
	Layer          M4 :     121397 micron
	Layer          M5 :      67374 micron
	Layer          M6 :       7953 micron
	Layer          M7 :       4860 micron
	Layer          M8 :        237 micron
	Layer          M9 :        206 micron
	Via        VIA89C :          8
	Via   VIA78C(rot) :         16
	Via        VIA67C :        138
	Via        VIA56C :         19
	Via   VIA56C(rot) :        280
	Via        VIA45C :       2686
	Via        VIA34C :        938
	Via   VIA34C(rot) :       6667
	Via        VIA23C :      58295
	Via   VIA23C(rot) :          2
	Via        VIA12C :         24
	Via   VIA12C(rot) :      39682
	Via        VIA12B :        138
	Via   VIA12B(rot) :       7670

 
Redundant via conversion report:
--------------------------------

  Total optimized via conversion rate =  0.00% (0 / 116563 vias)
 
    Layer VIA1       =  0.00% (0      / 47514   vias)
        Un-optimized =  0.00% (0       vias)
        Un-mapped    = 100.00% (47514   vias)
    Layer VIA2       =  0.00% (0      / 58297   vias)
        Un-optimized =  0.00% (0       vias)
        Un-mapped    = 100.00% (58297   vias)
    Layer VIA3       =  0.00% (0      / 7605    vias)
        Un-optimized =  0.00% (0       vias)
        Un-mapped    = 100.00% (7605    vias)
    Layer VIA4       =  0.00% (0      / 2686    vias)
        Un-optimized =  0.00% (0       vias)
        Un-mapped    = 100.00% (2686    vias)
    Layer VIA5       =  0.00% (0      / 299     vias)
        Un-optimized =  0.00% (0       vias)
        Un-mapped    = 100.00% (299     vias)
    Layer VIA6       =  0.00% (0      / 138     vias)
        Un-optimized =  0.00% (0       vias)
        Un-mapped    = 100.00% (138     vias)
    Layer VIA7       =  0.00% (0      / 16      vias)
        Un-optimized =  0.00% (0       vias)
        Un-mapped    = 100.00% (16      vias)
    Layer VIA8       =  0.00% (0      / 8       vias)
        Un-optimized =  0.00% (0       vias)
        Un-mapped    = 100.00% (8       vias)
 
  Total double via conversion rate    =  0.00% (0 / 116563 vias)
 
    Layer VIA1       =  0.00% (0      / 47514   vias)
    Layer VIA2       =  0.00% (0      / 58297   vias)
    Layer VIA3       =  0.00% (0      / 7605    vias)
    Layer VIA4       =  0.00% (0      / 2686    vias)
    Layer VIA5       =  0.00% (0      / 299     vias)
    Layer VIA6       =  0.00% (0      / 138     vias)
    Layer VIA7       =  0.00% (0      / 16      vias)
    Layer VIA8       =  0.00% (0      / 8       vias)
 
  The optimized via conversion rate based on total routed via count =  0.00% (0 / 116563 vias)
 
    Layer VIA1       =  0.00% (0      / 47514   vias)
        Un-optimized =  0.00% (0       vias)
        Un-mapped    = 100.00% (47514   vias)
    Layer VIA2       =  0.00% (0      / 58297   vias)
        Un-optimized =  0.00% (0       vias)
        Un-mapped    = 100.00% (58297   vias)
    Layer VIA3       =  0.00% (0      / 7605    vias)
        Un-optimized =  0.00% (0       vias)
        Un-mapped    = 100.00% (7605    vias)
    Layer VIA4       =  0.00% (0      / 2686    vias)
        Un-optimized =  0.00% (0       vias)
        Un-mapped    = 100.00% (2686    vias)
    Layer VIA5       =  0.00% (0      / 299     vias)
        Un-optimized =  0.00% (0       vias)
        Un-mapped    = 100.00% (299     vias)
    Layer VIA6       =  0.00% (0      / 138     vias)
        Un-optimized =  0.00% (0       vias)
        Un-mapped    = 100.00% (138     vias)
    Layer VIA7       =  0.00% (0      / 16      vias)
        Un-optimized =  0.00% (0       vias)
        Un-mapped    = 100.00% (16      vias)
    Layer VIA8       =  0.00% (0      / 8       vias)
        Un-optimized =  0.00% (0       vias)
        Un-mapped    = 100.00% (8       vias)
 


Verify Summary:

Total number of nets = 13035, of which 0 are not extracted
Total number of open nets = 0, of which 0 are frozen
Total number of excluded ports = 0 ports of 0 unplaced cells connected to 0 nets
                                 0 ports without pins of 0 cells connected to 0 nets
                                 0 ports of 0 cover cells connected to 0 non-pg nets
Total number of DRCs = 0
Total number of antenna violations = no antenna rules defined
Total number of tie to rail violations = not checked
Total number of tie to rail directly violations = not checked


