Information: The stitching and editing of coupling caps is turned ON for design 'zigbee_phy_tx.dlib:zigbee_phy_tx_routing.design'. (TIM-125)
Information: Design zigbee_phy_tx_routing has 13035 nets, 0 global routed, 13033 detail routed. (NEX-024)
Information: The RC mode used is DR for design 'zigbee_phy_tx'. (NEX-022)
---extraction options---
Corner: default
 late_cap_scale                : 1
 late_res_scale                : 1
 late_ccap_scale               : 1
 early_cap_scale               : 1
 early_res_scale               : 1
 early_ccap_scale              : 1
Global options:
 late_ccap_threshold       : 0.003pf
 late_ccap_ratio           : 0.03
 reference_direction       : use_from_tluplus
 real_metalfill_extraction : none
 virtual_shield_extraction : true
---app options---
 host.max_cores                   : 12
 extract.connect_open           : true
 extract.incremental_extraction : true
 extract.enable_coupling_cap    : true
Extracting design: zigbee_phy_tx_routing 
Information: coupling capacitance is created explicitly. (NEX-029)
Information: 13033 nets are successfully extracted. (NEX-028)
Information: Advanced receiver model has not been enabled for detailed routed design. (TIM-204)
Information: Update timing completed net estimation for all the timing graph nets (TIM-111)
Information: Net estimation statistics: timing graph nets = 13033, routed nets = 13033, across physical hierarchy nets = 0, parasitics cached nets = 13033, delay annotated nets = 0, parasitics annotated nets = 0, multi-voltage nets = 0. (TIM-112)
****************************************
Report : timing
        -path_type full
        -delay_type max
        -max_paths 1
        -report_by design
Design : zigbee_phy_tx
Version: O-2018.06-SP1
Date   : Fri Sep 18 00:50:49 2026
****************************************
Information: Timer using 'SI, Timing Window Analysis, CRPR'. (TIM-050)

  Startpoint: u_mod_top/u_chirp/subchirp_idx_reg[1] (rising edge-triggered flip-flop clocked by clk)
  Endpoint: u_mod_top/u_chirp/Tx_imag_reg[7] (rising edge-triggered flip-flop clocked by clk)
  Mode: default
  Corner: default
  Scenario: default
  Path Group: clk
  Path Type: max

  Point                                            Incr      Path  
  ------------------------------------------------------------------------
  clock clk (rise edge)                            0.00      0.00
  clock network delay (propagated)                 2.67      2.67

  u_mod_top/u_chirp/subchirp_idx_reg[1]/CLK (DFFX1)
                                                   0.00      2.67 r
  u_mod_top/u_chirp/subchirp_idx_reg[1]/Q (DFFX1)
                                                   0.78      3.45 r
  u_mod_top/u_chirp/U489/ZN (INVX0)                0.18      3.63 f
  u_mod_top/u_chirp/U536/QN (NOR2X0)               0.27      3.90 r
  u_mod_top/u_chirp/U535/Q (AO21X1)                0.37      4.27 r
  u_mod_top/u_chirp/add_558/U1_2/CO (FADDX1)       0.40      4.67 r
  u_mod_top/u_chirp/add_558/U1_3/CO (FADDX1)       0.36      5.03 r
  u_mod_top/u_chirp/add_558/U1_4/CO (FADDX1)       0.36      5.38 r
  u_mod_top/u_chirp/add_558/U1_5/CO (FADDX1)       0.35      5.74 r
  u_mod_top/u_chirp/U530/Q (AND2X1)                0.27      6.01 r
  u_mod_top/u_chirp/U225/QN (NOR2X0)               0.18      6.19 f
  u_mod_top/u_chirp/U169/ZN (INVX0)                0.19      6.38 r
  u_mod_top/u_chirp/U158/QN (NOR2X0)               0.20      6.57 f
  u_mod_top/u_chirp/U11/QN (NAND2X1)               0.29      6.86 r
  u_mod_top/u_chirp/PLACE_HFSINV_985_1193/ZN (INVX0)
                                                   0.36      7.22 f
  u_mod_top/u_chirp/U95/QN (NAND2X0)               0.27      7.49 r
  u_mod_top/u_chirp/U358/QN (NAND4X0)              0.43      7.92 f
  u_mod_top/u_chirp/U62/QN (NOR4X0)                0.42      8.34 r
  u_mod_top/u_chirp/U26/ZN (INVX0)                 0.30      8.64 f
  u_mod_top/u_chirp/U60/QN (NOR4X0)                0.32      8.96 r
  u_mod_top/u_chirp/U324/Q (AND4X1)                0.52      9.48 r
  u_mod_top/u_chirp/U319/QN (NAND4X0)              0.47      9.95 f
  u_mod_top/u_chirp/U59/ZN (INVX0)                 0.29     10.24 r
  u_mod_top/u_chirp/U529/Q (XOR2X1)                0.35     10.59 f
  u_mod_top/u_chirp/U293/Q (AO22X1)                0.40     10.99 f
  u_mod_top/u_chirp/add_570/U1_1/CO (FADDX1)       0.47     11.46 f
  u_mod_top/u_chirp/add_570/U1_2/CO (FADDX1)       0.44     11.90 f
  u_mod_top/u_chirp/add_570/U1_3/CO (FADDX1)       0.43     12.33 f
  u_mod_top/u_chirp/add_570/U1_4/CO (FADDX1)       0.39     12.73 f
  u_mod_top/u_chirp/add_570/U1_5/CO (FADDX1)       0.39     13.11 f
  u_mod_top/u_chirp/add_570/U1_6/CO (FADDX1)       0.41     13.52 f
  u_mod_top/u_chirp/add_570/U1_7/Q (XOR3X1)        0.33     13.85 r
  u_mod_top/u_chirp/U266/Q (AO22X1)                0.28     14.13 r
  u_mod_top/u_chirp/Tx_imag_reg[7]/D (DFFX1)       0.00     14.13 r
  data arrival time                                         14.13

  clock clk (rise edge)                           31.25     31.25
  clock network delay (propagated)                 2.51     33.76
  clock reconvergence pessimism                    0.05     33.81
  u_mod_top/u_chirp/Tx_imag_reg[7]/CLK (DFFX1)     0.00     33.81 r
  clock uncertainty                               -1.25     32.56
  library setup time                              -0.22     32.35
  data required time                                        32.35
  ------------------------------------------------------------------------
  data required time                                        32.35
  data arrival time                                        -14.13
  ------------------------------------------------------------------------
  slack (MET)                                               18.22


1
