****************************************
Report : qor
        -summary
Design : zigbee_phy_tx
Version: O-2018.06-SP1
Date   : Thu Sep 17 22:37:42 2026
****************************************
************************************************************
Timer Settings:
Delay Calculation Style:                   auto
Signal Integrity Analysis:                 disabled
Timing Window Analysis:                    disabled
Advanced Waveform Propagation:             disabled
Variation Type:                            fixed_derate
Clock Reconvergence Pessimism Removal:     disabled
Advanced Receiver Model:                   disabled
************************************************************
Information: Corner default: no PVT mismatches. (PVT-032)
Information: The stitching and editing of coupling caps is turned OFF for design 'zigbee_phy_tx.dlib:zigbee_phy_tx_cts.design'. (TIM-125)
Information: Design Average RC for design zigbee_phy_tx_cts  (NEX-011)
Information: r = 0.526394 ohm/um, via_r = 0.869188 ohm/cut, c = 0.092590 ff/um, cc = 0.000000 ff/um (X dir) (NEX-017)
Information: r = 0.562500 ohm/um, via_r = 0.877319 ohm/cut, c = 0.107623 ff/um, cc = 0.000000 ff/um (Y dir) (NEX-017)
Information: The RC mode used is VR for design 'zigbee_phy_tx'. (NEX-022)
Information: Update timing completed net estimation for all the timing graph nets (TIM-111)
Information: Net estimation statistics: timing graph nets = 12450, routed nets = 0, across physical hierarchy nets = 0, parasitics cached nets = 667, delay annotated nets = 0, parasitics annotated nets = 0, multi-voltage nets = 0. (TIM-112)

Timing
---------------------------------------------------------------------------
Context                                 WNS            TNS            NVE
---------------------------------------------------------------------------
Design             (Setup)            18.86           0.00              0

Design             (Hold)              0.04           0.00              0
---------------------------------------------------------------------------

Miscellaneous
---------------------------------------------------------------------------
Cell Area (netlist):                         168414.11
Cell Area (netlist and physical only):       168414.11
Nets with DRC Violations:        0
1
